11-27 18:16:44.502   709  1573 E TaskPersister: File error accessing recents directory (directory doesn't exist?).
11-27 18:16:47.510   709  1573 E TaskPersister: File error accessing recents directory (directory doesn't exist?).
11-27 18:16:48.979   709  1573 E TaskPersister: File error accessing recents directory (directory doesn't exist?).
11-27 18:16:49.111   709   893 E AppOps  : attributionTag VCN not declared in manifest of android
11-27 18:16:50.530   709  1708 E AppOps  : Bad call made by uid 1000. Package "com.google.android.apps.photos" does not belong to uid 1000.
11-27 18:16:53.740   709  2416 E SystemServiceRegistry: Manager wrapper not available: persistent_data_block
11-27 18:16:55.360   709   893 E AppOps  : attributionTag VCN not declared in manifest of android
11-27 18:16:55.361   709   893 E AppOps  : attributionTag VCN not declared in manifest of android
11-27 18:16:56.067   709   845 E WindowManager: Display reconfigured outside of a transition: Display{#0 state=ON size=1344x2992 ROTATION_0}
11-27 18:17:00.176   709  1573 E TaskPersister: File error accessing recents directory (directory doesn't exist?).
11-27 18:17:41.268   709   765 E BluetoothPowerStatsCollector: Cannot acquire BluetoothActivityEnergyInfo
11-27 18:17:41.268   709   765 E BluetoothPowerStatsCollector: java.util.concurrent.ExecutionException: java.lang.RuntimeException: error: 11
11-27 18:17:41.268   709   765 E BluetoothPowerStatsCollector: 	at java.util.concurrent.CompletableFuture.reportGet(CompletableFuture.java:372)
11-27 18:17:41.268   709   765 E BluetoothPowerStatsCollector: 	at java.util.concurrent.CompletableFuture.get(CompletableFuture.java:2072)
11-27 18:17:41.268   709   765 E BluetoothPowerStatsCollector: 	at com.android.server.power.stats.BluetoothPowerStatsCollector.collectBluetoothActivityInfo(BluetoothPowerStatsCollector.java:192)
11-27 18:17:41.268   709   765 E BluetoothPowerStatsCollector: 	at com.android.server.power.stats.BluetoothPowerStatsCollector.collectStats(BluetoothPowerStatsCollector.java:155)
11-27 18:17:41.268   709   765 E BluetoothPowerStatsCollector: 	at com.android.server.power.stats.PowerStatsCollector.collectAndDeliverStats(PowerStatsCollector.java:176)
11-27 18:17:41.268   709   765 E BluetoothPowerStatsCollector: 	at com.android.server.power.stats.PowerStatsCollector$$ExternalSyntheticLambda0.run(R8$$SyntheticClass:0)
11-27 18:17:41.268   709   765 E BluetoothPowerStatsCollector: 	at android.os.Handler.handleCallback(Handler.java:995)
11-27 18:17:41.268   709   765 E BluetoothPowerStatsCollector: 	at android.os.Handler.dispatchMessage(Handler.java:103)
11-27 18:17:41.268   709   765 E BluetoothPowerStatsCollector: 	at android.os.Looper.loopOnce(Looper.java:248)
11-27 18:17:41.268   709   765 E BluetoothPowerStatsCollector: 	at android.os.Looper.loop(Looper.java:338)
11-27 18:17:41.268   709   765 E BluetoothPowerStatsCollector: 	at android.os.HandlerThread.run(HandlerThread.java:85)
11-27 18:17:41.268   709   765 E BluetoothPowerStatsCollector: Caused by: java.lang.RuntimeException: error: 11
11-27 18:17:41.268   709   765 E BluetoothPowerStatsCollector: 	at com.android.server.power.stats.BluetoothPowerStatsCollector$1.onBluetoothActivityEnergyInfoError(BluetoothPowerStatsCollector.java:181)
11-27 18:17:41.268   709   765 E BluetoothPowerStatsCollector: 	at android.bluetooth.BluetoothAdapter$OnBluetoothActivityEnergyInfoProxy.lambda$onBluetoothActivityEnergyInfoAvailable$0(BluetoothAdapter.java:1037)
11-27 18:17:41.268   709   765 E BluetoothPowerStatsCollector: 	at android.bluetooth.BluetoothAdapter$OnBluetoothActivityEnergyInfoProxy$$ExternalSyntheticLambda1.run(D8$$SyntheticClass:0)
11-27 18:17:41.268   709   765 E BluetoothPowerStatsCollector: 	at android.bluetooth.BluetoothUtils.lambda$executeFromBinder$0(BluetoothUtils.java:343)
11-27 18:17:41.268   709   765 E BluetoothPowerStatsCollector: 	at android.bluetooth.BluetoothUtils$$ExternalSyntheticLambda1.run(D8$$SyntheticClass:0)
11-27 18:17:41.268   709   765 E BluetoothPowerStatsCollector: 	at com.android.server.SystemServerInitThreadPool$$ExternalSyntheticLambda0.execute(R8$$SyntheticClass:0)
11-27 18:17:41.268   709   765 E BluetoothPowerStatsCollector: 	at android.bluetooth.BluetoothUtils.executeFromBinder(BluetoothUtils.java:343)
11-27 18:17:41.268   709   765 E BluetoothPowerStatsCollector: 	at android.bluetooth.BluetoothAdapter$OnBluetoothActivityEnergyInfoProxy.onBluetoothActivityEnergyInfoAvailable(BluetoothAdapter.java:1035)
11-27 18:17:41.268   709   765 E BluetoothPowerStatsCollector: 	at android.bluetooth.IBluetoothActivityEnergyInfoListener$Stub.onTransact(IBluetoothActivityEnergyInfoListener.java:98)
11-27 18:17:41.268   709   765 E BluetoothPowerStatsCollector: 	at android.os.Binder.execTransactInternal(Binder.java:1426)
11-27 18:17:41.268   709   765 E BluetoothPowerStatsCollector: 	at android.os.Binder.execTransact(Binder.java:1365)
11-27 18:19:58.830   709  1573 E TaskPersister: File error accessing recents directory (directory doesn't exist?).
11-27 18:20:40.907   709  1573 E TaskPersister: File error accessing recents directory (directory doesn't exist?).
11-27 18:21:36.044   709  1573 E TaskPersister: File error accessing recents directory (directory doesn't exist?).
11-27 18:27:33.680   709  1573 E TaskPersister: File error accessing recents directory (directory doesn't exist?).
11-27 18:28:30.432   709   765 E BluetoothPowerStatsCollector: Cannot acquire BluetoothActivityEnergyInfo
11-27 18:28:30.432   709   765 E BluetoothPowerStatsCollector: java.util.concurrent.ExecutionException: java.lang.RuntimeException: error: 11
11-27 18:28:30.432   709   765 E BluetoothPowerStatsCollector: 	at java.util.concurrent.CompletableFuture.reportGet(CompletableFuture.java:372)
11-27 18:28:30.432   709   765 E BluetoothPowerStatsCollector: 	at java.util.concurrent.CompletableFuture.get(CompletableFuture.java:2072)
11-27 18:28:30.432   709   765 E BluetoothPowerStatsCollector: 	at com.android.server.power.stats.BluetoothPowerStatsCollector.collectBluetoothActivityInfo(BluetoothPowerStatsCollector.java:192)
11-27 18:28:30.432   709   765 E BluetoothPowerStatsCollector: 	at com.android.server.power.stats.BluetoothPowerStatsCollector.collectStats(BluetoothPowerStatsCollector.java:155)
11-27 18:28:30.432   709   765 E BluetoothPowerStatsCollector: 	at com.android.server.power.stats.PowerStatsCollector.collectAndDeliverStats(PowerStatsCollector.java:176)
11-27 18:28:30.432   709   765 E BluetoothPowerStatsCollector: 	at com.android.server.power.stats.PowerStatsCollector$$ExternalSyntheticLambda0.run(R8$$SyntheticClass:0)
11-27 18:28:30.432   709   765 E BluetoothPowerStatsCollector: 	at android.os.Handler.handleCallback(Handler.java:995)
11-27 18:28:30.432   709   765 E BluetoothPowerStatsCollector: 	at android.os.Handler.dispatchMessage(Handler.java:103)
11-27 18:28:30.432   709   765 E BluetoothPowerStatsCollector: 	at android.os.Looper.loopOnce(Looper.java:248)
11-27 18:28:30.432   709   765 E BluetoothPowerStatsCollector: 	at android.os.Looper.loop(Looper.java:338)
11-27 18:28:30.432   709   765 E BluetoothPowerStatsCollector: 	at android.os.HandlerThread.run(HandlerThread.java:85)
11-27 18:28:30.432   709   765 E BluetoothPowerStatsCollector: Caused by: java.lang.RuntimeException: error: 11
11-27 18:28:30.432   709   765 E BluetoothPowerStatsCollector: 	at com.android.server.power.stats.BluetoothPowerStatsCollector$1.onBluetoothActivityEnergyInfoError(BluetoothPowerStatsCollector.java:181)
11-27 18:28:30.432   709   765 E BluetoothPowerStatsCollector: 	at android.bluetooth.BluetoothAdapter$OnBluetoothActivityEnergyInfoProxy.lambda$onBluetoothActivityEnergyInfoAvailable$0(BluetoothAdapter.java:1037)
11-27 18:28:30.432   709   765 E BluetoothPowerStatsCollector: 	at android.bluetooth.BluetoothAdapter$OnBluetoothActivityEnergyInfoProxy$$ExternalSyntheticLambda1.run(D8$$SyntheticClass:0)
11-27 18:28:30.432   709   765 E BluetoothPowerStatsCollector: 	at android.bluetooth.BluetoothUtils.lambda$executeFromBinder$0(BluetoothUtils.java:343)
11-27 18:28:30.432   709   765 E BluetoothPowerStatsCollector: 	at android.bluetooth.BluetoothUtils$$ExternalSyntheticLambda1.run(D8$$SyntheticClass:0)
11-27 18:28:30.432   709   765 E BluetoothPowerStatsCollector: 	at com.android.server.SystemServerInitThreadPool$$ExternalSyntheticLambda0.execute(R8$$SyntheticClass:0)
11-27 18:28:30.432   709   765 E BluetoothPowerStatsCollector: 	at android.bluetooth.BluetoothUtils.executeFromBinder(BluetoothUtils.java:343)
11-27 18:28:30.432   709   765 E BluetoothPowerStatsCollector: 	at android.bluetooth.BluetoothAdapter$OnBluetoothActivityEnergyInfoProxy.onBluetoothActivityEnergyInfoAvailable(BluetoothAdapter.java:1035)
11-27 18:28:30.432   709   765 E BluetoothPowerStatsCollector: 	at android.bluetooth.IBluetoothActivityEnergyInfoListener$Stub.onTransact(IBluetoothActivityEnergyInfoListener.java:98)
11-27 18:28:30.432   709   765 E BluetoothPowerStatsCollector: 	at android.os.Binder.execTransactInternal(Binder.java:1426)
11-27 18:28:30.432   709   765 E BluetoothPowerStatsCollector: 	at android.os.Binder.execTransact(Binder.java:1365)
11-27 18:32:13.030   709  1573 E TaskPersister: File error accessing recents directory (directory doesn't exist?).
11-27 18:35:38.407   709   765 E KernelCpuSpeedReader: Failed to read cpu-freq: /sys/devices/system/cpu/cpu0/cpufreq/stats/time_in_state: open failed: ENOENT (No such file or directory)
11-27 18:35:38.408   709   765 E KernelCpuSpeedReader: Failed to read cpu-freq: /sys/devices/system/cpu/cpu1/cpufreq/stats/time_in_state: open failed: ENOENT (No such file or directory)
11-27 18:35:38.408   709   765 E KernelCpuSpeedReader: Failed to read cpu-freq: /sys/devices/system/cpu/cpu2/cpufreq/stats/time_in_state: open failed: ENOENT (No such file or directory)
11-27 18:35:38.408   709   765 E KernelCpuSpeedReader: Failed to read cpu-freq: /sys/devices/system/cpu/cpu3/cpufreq/stats/time_in_state: open failed: ENOENT (No such file or directory)
11-27 18:35:38.483   709   765 E BluetoothPowerStatsCollector: Cannot acquire BluetoothActivityEnergyInfo
11-27 18:35:38.483   709   765 E BluetoothPowerStatsCollector: java.util.concurrent.ExecutionException: java.lang.RuntimeException: error: 11
11-27 18:35:38.483   709   765 E BluetoothPowerStatsCollector: 	at java.util.concurrent.CompletableFuture.reportGet(CompletableFuture.java:372)
11-27 18:35:38.483   709   765 E BluetoothPowerStatsCollector: 	at java.util.concurrent.CompletableFuture.get(CompletableFuture.java:2072)
11-27 18:35:38.483   709   765 E BluetoothPowerStatsCollector: 	at com.android.server.power.stats.BluetoothPowerStatsCollector.collectBluetoothActivityInfo(BluetoothPowerStatsCollector.java:192)
11-27 18:35:38.483   709   765 E BluetoothPowerStatsCollector: 	at com.android.server.power.stats.BluetoothPowerStatsCollector.collectStats(BluetoothPowerStatsCollector.java:155)
11-27 18:35:38.483   709   765 E BluetoothPowerStatsCollector: 	at com.android.server.power.stats.PowerStatsCollector.collectAndDeliverStats(PowerStatsCollector.java:176)
11-27 18:35:38.483   709   765 E BluetoothPowerStatsCollector: 	at com.android.server.power.stats.PowerStatsCollector$$ExternalSyntheticLambda0.run(R8$$SyntheticClass:0)
11-27 18:35:38.483   709   765 E BluetoothPowerStatsCollector: 	at android.os.Handler.handleCallback(Handler.java:995)
11-27 18:35:38.483   709   765 E BluetoothPowerStatsCollector: 	at android.os.Handler.dispatchMessage(Handler.java:103)
11-27 18:35:38.483   709   765 E BluetoothPowerStatsCollector: 	at android.os.Looper.loopOnce(Looper.java:248)
11-27 18:35:38.483   709   765 E BluetoothPowerStatsCollector: 	at android.os.Looper.loop(Looper.java:338)
11-27 18:35:38.483   709   765 E BluetoothPowerStatsCollector: 	at android.os.HandlerThread.run(HandlerThread.java:85)
11-27 18:35:38.483   709   765 E BluetoothPowerStatsCollector: Caused by: java.lang.RuntimeException: error: 11
11-27 18:35:38.483   709   765 E BluetoothPowerStatsCollector: 	at com.android.server.power.stats.BluetoothPowerStatsCollector$1.onBluetoothActivityEnergyInfoError(BluetoothPowerStatsCollector.java:181)
11-27 18:35:38.483   709   765 E BluetoothPowerStatsCollector: 	at android.bluetooth.BluetoothAdapter$OnBluetoothActivityEnergyInfoProxy.lambda$onBluetoothActivityEnergyInfoAvailable$0(BluetoothAdapter.java:1037)
11-27 18:35:38.483   709   765 E BluetoothPowerStatsCollector: 	at android.bluetooth.BluetoothAdapter$OnBluetoothActivityEnergyInfoProxy$$ExternalSyntheticLambda1.run(D8$$SyntheticClass:0)
11-27 18:35:38.483   709   765 E BluetoothPowerStatsCollector: 	at android.bluetooth.BluetoothUtils.lambda$executeFromBinder$0(BluetoothUtils.java:343)
11-27 18:35:38.483   709   765 E BluetoothPowerStatsCollector: 	at android.bluetooth.BluetoothUtils$$ExternalSyntheticLambda1.run(D8$$SyntheticClass:0)
11-27 18:35:38.483   709   765 E BluetoothPowerStatsCollector: 	at com.android.server.SystemServerInitThreadPool$$ExternalSyntheticLambda0.execute(R8$$SyntheticClass:0)
11-27 18:35:38.483   709   765 E BluetoothPowerStatsCollector: 	at android.bluetooth.BluetoothUtils.executeFromBinder(BluetoothUtils.java:343)
11-27 18:35:38.483   709   765 E BluetoothPowerStatsCollector: 	at android.bluetooth.BluetoothAdapter$OnBluetoothActivityEnergyInfoProxy.onBluetoothActivityEnergyInfoAvailable(BluetoothAdapter.java:1035)
11-27 18:35:38.483   709   765 E BluetoothPowerStatsCollector: 	at android.bluetooth.IBluetoothActivityEnergyInfoListener$Stub.onTransact(IBluetoothActivityEnergyInfoListener.java:98)
11-27 18:35:38.483   709   765 E BluetoothPowerStatsCollector: 	at android.os.Binder.execTransactInternal(Binder.java:1426)
11-27 18:35:38.483   709   765 E BluetoothPowerStatsCollector: 	at android.os.Binder.execTransact(Binder.java:1365)
11-27 18:36:27.310   709  1573 E TaskPersister: File error accessing recents directory (directory doesn't exist?).
11-27 18:36:27.455   709   893 E AppOps  : attributionTag VCN not declared in manifest of android
11-27 18:36:27.521   709  1573 E TaskPersister: File error accessing recents directory (directory doesn't exist?).
11-27 18:36:31.757   709  1618 E SystemServiceRegistry: Manager wrapper not available: persistent_data_block
11-27 18:36:33.158   709   893 E AppOps  : attributionTag VCN not declared in manifest of android
11-27 18:36:33.160   709   893 E AppOps  : attributionTag VCN not declared in manifest of android
11-27 18:36:33.547   709   845 E WindowManager: Display reconfigured outside of a transition: Display{#0 state=ON size=1344x2992 ROTATION_0}
11-27 18:36:37.607   709  1573 E TaskPersister: File error accessing recents directory (directory doesn't exist?).
11-27 18:37:25.552   709  1573 E TaskPersister: File error accessing recents directory (directory doesn't exist?).
11-27 18:37:57.203   709  2133 E TransitionChain: Can't collect into a chain with no transition
11-27 18:37:57.216   709  1573 E TaskPersister: File error accessing recents directory (directory doesn't exist?).
11-27 18:37:57.739   709  1573 E TaskPersister: File error accessing recents directory (directory doesn't exist?).
11-27 18:38:01.330   709  1573 E TaskPersister: File error accessing recents directory (directory doesn't exist?).
11-27 18:38:15.765   709  1573 E TaskPersister: File error accessing recents directory (directory doesn't exist?).
11-27 18:38:33.318   709  1573 E TaskPersister: File error accessing recents directory (directory doesn't exist?).
11-27 18:39:02.809   709  1573 E TaskPersister: File error accessing recents directory (directory doesn't exist?).
11-27 18:39:08.575   709  1573 E TaskPersister: File error accessing recents directory (directory doesn't exist?).
11-27 18:40:10.377   709  2133 E TransitionChain: Can't collect into a chain with no transition
11-27 18:40:10.427   709  1573 E TaskPersister: File error accessing recents directory (directory doesn't exist?).
11-27 18:40:14.037   709  1573 E TaskPersister: File error accessing recents directory (directory doesn't exist?).
11-27 18:40:17.274   709  1573 E TaskPersister: File error accessing recents directory (directory doesn't exist?).
11-27 18:41:08.838   709   765 E BluetoothPowerStatsCollector: Cannot acquire BluetoothActivityEnergyInfo
11-27 18:41:08.838   709   765 E BluetoothPowerStatsCollector: java.util.concurrent.ExecutionException: java.lang.RuntimeException: error: 11
11-27 18:41:08.838   709   765 E BluetoothPowerStatsCollector: 	at java.util.concurrent.CompletableFuture.reportGet(CompletableFuture.java:372)
11-27 18:41:08.838   709   765 E BluetoothPowerStatsCollector: 	at java.util.concurrent.CompletableFuture.get(CompletableFuture.java:2072)
11-27 18:41:08.838   709   765 E BluetoothPowerStatsCollector: 	at com.android.server.power.stats.BluetoothPowerStatsCollector.collectBluetoothActivityInfo(BluetoothPowerStatsCollector.java:192)
11-27 18:41:08.838   709   765 E BluetoothPowerStatsCollector: 	at com.android.server.power.stats.BluetoothPowerStatsCollector.collectStats(BluetoothPowerStatsCollector.java:155)
11-27 18:41:08.838   709   765 E BluetoothPowerStatsCollector: 	at com.android.server.power.stats.PowerStatsCollector.collectAndDeliverStats(PowerStatsCollector.java:176)
11-27 18:41:08.838   709   765 E BluetoothPowerStatsCollector: 	at com.android.server.power.stats.PowerStatsCollector$$ExternalSyntheticLambda0.run(R8$$SyntheticClass:0)
11-27 18:41:08.838   709   765 E BluetoothPowerStatsCollector: 	at android.os.Handler.handleCallback(Handler.java:995)
11-27 18:41:08.838   709   765 E BluetoothPowerStatsCollector: 	at android.os.Handler.dispatchMessage(Handler.java:103)
11-27 18:41:08.838   709   765 E BluetoothPowerStatsCollector: 	at android.os.Looper.loopOnce(Looper.java:248)
11-27 18:41:08.838   709   765 E BluetoothPowerStatsCollector: 	at android.os.Looper.loop(Looper.java:338)
11-27 18:41:08.838   709   765 E BluetoothPowerStatsCollector: 	at android.os.HandlerThread.run(HandlerThread.java:85)
11-27 18:41:08.838   709   765 E BluetoothPowerStatsCollector: Caused by: java.lang.RuntimeException: error: 11
11-27 18:41:08.838   709   765 E BluetoothPowerStatsCollector: 	at com.android.server.power.stats.BluetoothPowerStatsCollector$1.onBluetoothActivityEnergyInfoError(BluetoothPowerStatsCollector.java:181)
11-27 18:41:08.838   709   765 E BluetoothPowerStatsCollector: 	at android.bluetooth.BluetoothAdapter$OnBluetoothActivityEnergyInfoProxy.lambda$onBluetoothActivityEnergyInfoAvailable$0(BluetoothAdapter.java:1037)
11-27 18:41:08.838   709   765 E BluetoothPowerStatsCollector: 	at android.bluetooth.BluetoothAdapter$OnBluetoothActivityEnergyInfoProxy$$ExternalSyntheticLambda1.run(D8$$SyntheticClass:0)
11-27 18:41:08.838   709   765 E BluetoothPowerStatsCollector: 	at android.bluetooth.BluetoothUtils.lambda$executeFromBinder$0(BluetoothUtils.java:343)
11-27 18:41:08.838   709   765 E BluetoothPowerStatsCollector: 	at android.bluetooth.BluetoothUtils$$ExternalSyntheticLambda1.run(D8$$SyntheticClass:0)
11-27 18:41:08.838   709   765 E BluetoothPowerStatsCollector: 	at com.android.server.SystemServerInitThreadPool$$ExternalSyntheticLambda0.execute(R8$$SyntheticClass:0)
11-27 18:41:08.838   709   765 E BluetoothPowerStatsCollector: 	at android.bluetooth.BluetoothUtils.executeFromBinder(BluetoothUtils.java:343)
11-27 18:41:08.838   709   765 E BluetoothPowerStatsCollector: 	at android.bluetooth.BluetoothAdapter$OnBluetoothActivityEnergyInfoProxy.onBluetoothActivityEnergyInfoAvailable(BluetoothAdapter.java:1035)
11-27 18:41:08.838   709   765 E BluetoothPowerStatsCollector: 	at android.bluetooth.IBluetoothActivityEnergyInfoListener$Stub.onTransact(IBluetoothActivityEnergyInfoListener.java:98)
11-27 18:41:08.838   709   765 E BluetoothPowerStatsCollector: 	at android.os.Binder.execTransactInternal(Binder.java:1426)
11-27 18:41:08.838   709   765 E BluetoothPowerStatsCollector: 	at android.os.Binder.execTransact(Binder.java:1365)
11-27 18:41:27.411   709  1573 E TaskPersister: File error accessing recents directory (directory doesn't exist?).
11-27 18:42:39.275   709  2959 E TransitionChain: Can't collect into a chain with no transition
11-27 18:42:39.307   709  1573 E TaskPersister: File error accessing recents directory (directory doesn't exist?).
11-27 18:42:43.394   709  1573 E TaskPersister: File error accessing recents directory (directory doesn't exist?).
11-27 18:45:05.726   709  1573 E TaskPersister: File error accessing recents directory (directory doesn't exist?).
11-27 18:45:46.456   709  1573 E TaskPersister: File error accessing recents directory (directory doesn't exist?).
11-27 18:47:10.761   709   765 E BluetoothPowerStatsCollector: Cannot acquire BluetoothActivityEnergyInfo
11-27 18:47:10.761   709   765 E BluetoothPowerStatsCollector: java.util.concurrent.ExecutionException: java.lang.RuntimeException: error: 11
11-27 18:47:10.761   709   765 E BluetoothPowerStatsCollector: 	at java.util.concurrent.CompletableFuture.reportGet(CompletableFuture.java:372)
11-27 18:47:10.761   709   765 E BluetoothPowerStatsCollector: 	at java.util.concurrent.CompletableFuture.get(CompletableFuture.java:2072)
11-27 18:47:10.761   709   765 E BluetoothPowerStatsCollector: 	at com.android.server.power.stats.BluetoothPowerStatsCollector.collectBluetoothActivityInfo(BluetoothPowerStatsCollector.java:192)
11-27 18:47:10.761   709   765 E BluetoothPowerStatsCollector: 	at com.android.server.power.stats.BluetoothPowerStatsCollector.collectStats(BluetoothPowerStatsCollector.java:155)
11-27 18:47:10.761   709   765 E BluetoothPowerStatsCollector: 	at com.android.server.power.stats.PowerStatsCollector.collectAndDeliverStats(PowerStatsCollector.java:176)
11-27 18:47:10.761   709   765 E BluetoothPowerStatsCollector: 	at com.android.server.power.stats.PowerStatsCollector$$ExternalSyntheticLambda0.run(R8$$SyntheticClass:0)
11-27 18:47:10.761   709   765 E BluetoothPowerStatsCollector: 	at android.os.Handler.handleCallback(Handler.java:995)
11-27 18:47:10.761   709   765 E BluetoothPowerStatsCollector: 	at android.os.Handler.dispatchMessage(Handler.java:103)
11-27 18:47:10.761   709   765 E BluetoothPowerStatsCollector: 	at android.os.Looper.loopOnce(Looper.java:248)
11-27 18:47:10.761   709   765 E BluetoothPowerStatsCollector: 	at android.os.Looper.loop(Looper.java:338)
11-27 18:47:10.761   709   765 E BluetoothPowerStatsCollector: 	at android.os.HandlerThread.run(HandlerThread.java:85)
11-27 18:47:10.761   709   765 E BluetoothPowerStatsCollector: Caused by: java.lang.RuntimeException: error: 11
11-27 18:47:10.761   709   765 E BluetoothPowerStatsCollector: 	at com.android.server.power.stats.BluetoothPowerStatsCollector$1.onBluetoothActivityEnergyInfoError(BluetoothPowerStatsCollector.java:181)
11-27 18:47:10.761   709   765 E BluetoothPowerStatsCollector: 	at android.bluetooth.BluetoothAdapter$OnBluetoothActivityEnergyInfoProxy.lambda$onBluetoothActivityEnergyInfoAvailable$0(BluetoothAdapter.java:1037)
11-27 18:47:10.761   709   765 E BluetoothPowerStatsCollector: 	at android.bluetooth.BluetoothAdapter$OnBluetoothActivityEnergyInfoProxy$$ExternalSyntheticLambda1.run(D8$$SyntheticClass:0)
11-27 18:47:10.761   709   765 E BluetoothPowerStatsCollector: 	at android.bluetooth.BluetoothUtils.lambda$executeFromBinder$0(BluetoothUtils.java:343)
11-27 18:47:10.761   709   765 E BluetoothPowerStatsCollector: 	at android.bluetooth.BluetoothUtils$$ExternalSyntheticLambda1.run(D8$$SyntheticClass:0)
11-27 18:47:10.761   709   765 E BluetoothPowerStatsCollector: 	at com.android.server.SystemServerInitThreadPool$$ExternalSyntheticLambda0.execute(R8$$SyntheticClass:0)
11-27 18:47:10.761   709   765 E BluetoothPowerStatsCollector: 	at android.bluetooth.BluetoothUtils.executeFromBinder(BluetoothUtils.java:343)
11-27 18:47:10.761   709   765 E BluetoothPowerStatsCollector: 	at android.bluetooth.BluetoothAdapter$OnBluetoothActivityEnergyInfoProxy.onBluetoothActivityEnergyInfoAvailable(BluetoothAdapter.java:1035)
11-27 18:47:10.761   709   765 E BluetoothPowerStatsCollector: 	at android.bluetooth.IBluetoothActivityEnergyInfoListener$Stub.onTransact(IBluetoothActivityEnergyInfoListener.java:98)
11-27 18:47:10.761   709   765 E BluetoothPowerStatsCollector: 	at android.os.Binder.execTransactInternal(Binder.java:1426)
11-27 18:47:10.761   709   765 E BluetoothPowerStatsCollector: 	at android.os.Binder.execTransact(Binder.java:1365)
11-27 18:47:15.005   709  1573 E TaskPersister: File error accessing recents directory (directory doesn't exist?).
11-27 18:47:15.569   709  1615 E TransitionChain: Can't collect into a chain with no transition
11-27 18:47:15.579   709  1573 E TaskPersister: File error accessing recents directory (directory doesn't exist?).
11-27 18:47:18.698   709  1573 E TaskPersister: File error accessing recents directory (directory doesn't exist?).
11-27 18:47:20.806   709  1573 E TaskPersister: File error accessing recents directory (directory doesn't exist?).
11-27 18:47:20.864   709   893 E AppOps  : attributionTag VCN not declared in manifest of android
11-27 18:47:28.337   709  2135 E SystemServiceRegistry: Manager wrapper not available: persistent_data_block
11-27 18:47:29.808   709   745 E AppOps  : Trying to set mode for unknown uid 10235.
11-27 18:47:29.827   709   893 E AppOps  : attributionTag VCN not declared in manifest of android
11-27 18:47:29.852   709   893 E AppOps  : attributionTag VCN not declared in manifest of android
11-27 18:47:30.288   709   845 E WindowManager: Display reconfigured outside of a transition: Display{#0 state=ON size=1344x2992 ROTATION_0}
11-27 18:47:31.335   709   845 E WindowManager: Display reconfigured outside of a transition: Display{#0 state=ON size=1344x2992 ROTATION_0}
11-27 18:47:35.110   709  1573 E TaskPersister: File error accessing recents directory (directory doesn't exist?).
11-27 18:48:26.585   709  1573 E TaskPersister: File error accessing recents directory (directory doesn't exist?).
11-27 18:49:07.233   709  1573 E TaskPersister: File error accessing recents directory (directory doesn't exist?).
11-27 18:53:15.368   709  1573 E TaskPersister: File error accessing recents directory (directory doesn't exist?).
11-27 18:53:41.297   709  1573 E TaskPersister: File error accessing recents directory (directory doesn't exist?).
11-27 18:53:42.966   709  3197 E TransitionChain: Can't collect into a chain with no transition
11-27 18:53:42.994   709  1573 E TaskPersister: File error accessing recents directory (directory doesn't exist?).
11-27 18:53:46.545   709  1573 E TaskPersister: File error accessing recents directory (directory doesn't exist?).
11-27 18:53:57.739   709   765 E BluetoothPowerStatsCollector: Cannot acquire BluetoothActivityEnergyInfo
11-27 18:53:57.739   709   765 E BluetoothPowerStatsCollector: java.util.concurrent.ExecutionException: java.lang.RuntimeException: error: 11
11-27 18:53:57.739   709   765 E BluetoothPowerStatsCollector: 	at java.util.concurrent.CompletableFuture.reportGet(CompletableFuture.java:372)
11-27 18:53:57.739   709   765 E BluetoothPowerStatsCollector: 	at java.util.concurrent.CompletableFuture.get(CompletableFuture.java:2072)
11-27 18:53:57.739   709   765 E BluetoothPowerStatsCollector: 	at com.android.server.power.stats.BluetoothPowerStatsCollector.collectBluetoothActivityInfo(BluetoothPowerStatsCollector.java:192)
11-27 18:53:57.739   709   765 E BluetoothPowerStatsCollector: 	at com.android.server.power.stats.BluetoothPowerStatsCollector.collectStats(BluetoothPowerStatsCollector.java:155)
11-27 18:53:57.739   709   765 E BluetoothPowerStatsCollector: 	at com.android.server.power.stats.PowerStatsCollector.collectAndDeliverStats(PowerStatsCollector.java:176)
11-27 18:53:57.739   709   765 E BluetoothPowerStatsCollector: 	at com.android.server.power.stats.PowerStatsCollector$$ExternalSyntheticLambda0.run(R8$$SyntheticClass:0)
11-27 18:53:57.739   709   765 E BluetoothPowerStatsCollector: 	at android.os.Handler.handleCallback(Handler.java:995)
11-27 18:53:57.739   709   765 E BluetoothPowerStatsCollector: 	at android.os.Handler.dispatchMessage(Handler.java:103)
11-27 18:53:57.739   709   765 E BluetoothPowerStatsCollector: 	at android.os.Looper.loopOnce(Looper.java:248)
11-27 18:53:57.739   709   765 E BluetoothPowerStatsCollector: 	at android.os.Looper.loop(Looper.java:338)
11-27 18:53:57.739   709   765 E BluetoothPowerStatsCollector: 	at android.os.HandlerThread.run(HandlerThread.java:85)
11-27 18:53:57.739   709   765 E BluetoothPowerStatsCollector: Caused by: java.lang.RuntimeException: error: 11
11-27 18:53:57.739   709   765 E BluetoothPowerStatsCollector: 	at com.android.server.power.stats.BluetoothPowerStatsCollector$1.onBluetoothActivityEnergyInfoError(BluetoothPowerStatsCollector.java:181)
11-27 18:53:57.739   709   765 E BluetoothPowerStatsCollector: 	at android.bluetooth.BluetoothAdapter$OnBluetoothActivityEnergyInfoProxy.lambda$onBluetoothActivityEnergyInfoAvailable$0(BluetoothAdapter.java:1037)
11-27 18:53:57.739   709   765 E BluetoothPowerStatsCollector: 	at android.bluetooth.BluetoothAdapter$OnBluetoothActivityEnergyInfoProxy$$ExternalSyntheticLambda1.run(D8$$SyntheticClass:0)
11-27 18:53:57.739   709   765 E BluetoothPowerStatsCollector: 	at android.bluetooth.BluetoothUtils.lambda$executeFromBinder$0(BluetoothUtils.java:343)
11-27 18:53:57.739   709   765 E BluetoothPowerStatsCollector: 	at android.bluetooth.BluetoothUtils$$ExternalSyntheticLambda1.run(D8$$SyntheticClass:0)
11-27 18:53:57.739   709   765 E BluetoothPowerStatsCollector: 	at com.android.server.SystemServerInitThreadPool$$ExternalSyntheticLambda0.execute(R8$$SyntheticClass:0)
11-27 18:53:57.739   709   765 E BluetoothPowerStatsCollector: 	at android.bluetooth.BluetoothUtils.executeFromBinder(BluetoothUtils.java:343)
11-27 18:53:57.739   709   765 E BluetoothPowerStatsCollector: 	at android.bluetooth.BluetoothAdapter$OnBluetoothActivityEnergyInfoProxy.onBluetoothActivityEnergyInfoAvailable(BluetoothAdapter.java:1035)
11-27 18:53:57.739   709   765 E BluetoothPowerStatsCollector: 	at android.bluetooth.IBluetoothActivityEnergyInfoListener$Stub.onTransact(IBluetoothActivityEnergyInfoListener.java:98)
11-27 18:53:57.739   709   765 E BluetoothPowerStatsCollector: 	at android.os.Binder.execTransactInternal(Binder.java:1426)
11-27 18:53:57.739   709   765 E BluetoothPowerStatsCollector: 	at android.os.Binder.execTransact(Binder.java:1365)
11-27 18:55:03.947   709  1573 E TaskPersister: File error accessing recents directory (directory doesn't exist?).
11-27 18:55:44.569   709  1573 E TaskPersister: File error accessing recents directory (directory doesn't exist?).
11-27 18:57:46.352   709  1573 E TaskPersister: File error accessing recents directory (directory doesn't exist?).
11-27 18:59:37.768  7350  9934 E ActivityThread: Failed to find provider info for androidx.car.app.connection
11-27 19:00:00.115   709   765 E BluetoothPowerStatsCollector: Cannot acquire BluetoothActivityEnergyInfo
11-27 19:00:00.115   709   765 E BluetoothPowerStatsCollector: java.util.concurrent.ExecutionException: java.lang.RuntimeException: error: 11
11-27 19:00:00.115   709   765 E BluetoothPowerStatsCollector: 	at java.util.concurrent.CompletableFuture.reportGet(CompletableFuture.java:372)
11-27 19:00:00.115   709   765 E BluetoothPowerStatsCollector: 	at java.util.concurrent.CompletableFuture.get(CompletableFuture.java:2072)
11-27 19:00:00.115   709   765 E BluetoothPowerStatsCollector: 	at com.android.server.power.stats.BluetoothPowerStatsCollector.collectBluetoothActivityInfo(BluetoothPowerStatsCollector.java:192)
11-27 19:00:00.115   709   765 E BluetoothPowerStatsCollector: 	at com.android.server.power.stats.BluetoothPowerStatsCollector.collectStats(BluetoothPowerStatsCollector.java:155)
11-27 19:00:00.115   709   765 E BluetoothPowerStatsCollector: 	at com.android.server.power.stats.PowerStatsCollector.collectAndDeliverStats(PowerStatsCollector.java:176)
11-27 19:00:00.115   709   765 E BluetoothPowerStatsCollector: 	at com.android.server.power.stats.PowerStatsCollector$$ExternalSyntheticLambda0.run(R8$$SyntheticClass:0)
11-27 19:00:00.115   709   765 E BluetoothPowerStatsCollector: 	at android.os.Handler.handleCallback(Handler.java:995)
11-27 19:00:00.115   709   765 E BluetoothPowerStatsCollector: 	at android.os.Handler.dispatchMessage(Handler.java:103)
11-27 19:00:00.115   709   765 E BluetoothPowerStatsCollector: 	at android.os.Looper.loopOnce(Looper.java:248)
11-27 19:00:00.115   709   765 E BluetoothPowerStatsCollector: 	at android.os.Looper.loop(Looper.java:338)
11-27 19:00:00.115   709   765 E BluetoothPowerStatsCollector: 	at android.os.HandlerThread.run(HandlerThread.java:85)
11-27 19:00:00.115   709   765 E BluetoothPowerStatsCollector: Caused by: java.lang.RuntimeException: error: 11
11-27 19:00:00.115   709   765 E BluetoothPowerStatsCollector: 	at com.android.server.power.stats.BluetoothPowerStatsCollector$1.onBluetoothActivityEnergyInfoError(BluetoothPowerStatsCollector.java:181)
11-27 19:00:00.115   709   765 E BluetoothPowerStatsCollector: 	at android.bluetooth.BluetoothAdapter$OnBluetoothActivityEnergyInfoProxy.lambda$onBluetoothActivityEnergyInfoAvailable$0(BluetoothAdapter.java:1037)
11-27 19:00:00.115   709   765 E BluetoothPowerStatsCollector: 	at android.bluetooth.BluetoothAdapter$OnBluetoothActivityEnergyInfoProxy$$ExternalSyntheticLambda1.run(D8$$SyntheticClass:0)
11-27 19:00:00.115   709   765 E BluetoothPowerStatsCollector: 	at android.bluetooth.BluetoothUtils.lambda$executeFromBinder$0(BluetoothUtils.java:343)
11-27 19:00:00.115   709   765 E BluetoothPowerStatsCollector: 	at android.bluetooth.BluetoothUtils$$ExternalSyntheticLambda1.run(D8$$SyntheticClass:0)
11-27 19:00:00.115   709   765 E BluetoothPowerStatsCollector: 	at com.android.server.SystemServerInitThreadPool$$ExternalSyntheticLambda0.execute(R8$$SyntheticClass:0)
11-27 19:00:00.115   709   765 E BluetoothPowerStatsCollector: 	at android.bluetooth.BluetoothUtils.executeFromBinder(BluetoothUtils.java:343)
11-27 19:00:00.115   709   765 E BluetoothPowerStatsCollector: 	at android.bluetooth.BluetoothAdapter$OnBluetoothActivityEnergyInfoProxy.onBluetoothActivityEnergyInfoAvailable(BluetoothAdapter.java:1035)
11-27 19:00:00.115   709   765 E BluetoothPowerStatsCollector: 	at android.bluetooth.IBluetoothActivityEnergyInfoListener$Stub.onTransact(IBluetoothActivityEnergyInfoListener.java:98)
11-27 19:00:00.115   709   765 E BluetoothPowerStatsCollector: 	at android.os.Binder.execTransactInternal(Binder.java:1426)
11-27 19:00:00.115   709   765 E BluetoothPowerStatsCollector: 	at android.os.Binder.execTransact(Binder.java:1365)
11-27 19:00:00.158   709   765 E KernelCpuSpeedReader: Failed to read cpu-freq: /sys/devices/system/cpu/cpu0/cpufreq/stats/time_in_state: open failed: ENOENT (No such file or directory)
11-27 19:00:00.158   709   765 E KernelCpuSpeedReader: Failed to read cpu-freq: /sys/devices/system/cpu/cpu1/cpufreq/stats/time_in_state: open failed: ENOENT (No such file or directory)
11-27 19:00:00.158   709   765 E KernelCpuSpeedReader: Failed to read cpu-freq: /sys/devices/system/cpu/cpu2/cpufreq/stats/time_in_state: open failed: ENOENT (No such file or directory)
11-27 19:00:00.158   709   765 E KernelCpuSpeedReader: Failed to read cpu-freq: /sys/devices/system/cpu/cpu3/cpufreq/stats/time_in_state: open failed: ENOENT (No such file or directory)
11-27 19:00:00.166   709   765 E BluetoothPowerStatsCollector: Cannot acquire BluetoothActivityEnergyInfo
11-27 19:00:00.166   709   765 E BluetoothPowerStatsCollector: java.util.concurrent.ExecutionException: java.lang.RuntimeException: error: 11
11-27 19:00:00.166   709   765 E BluetoothPowerStatsCollector: 	at java.util.concurrent.CompletableFuture.reportGet(CompletableFuture.java:372)
11-27 19:00:00.166   709   765 E BluetoothPowerStatsCollector: 	at java.util.concurrent.CompletableFuture.get(CompletableFuture.java:2072)
11-27 19:00:00.166   709   765 E BluetoothPowerStatsCollector: 	at com.android.server.power.stats.BluetoothPowerStatsCollector.collectBluetoothActivityInfo(BluetoothPowerStatsCollector.java:192)
11-27 19:00:00.166   709   765 E BluetoothPowerStatsCollector: 	at com.android.server.power.stats.BluetoothPowerStatsCollector.collectStats(BluetoothPowerStatsCollector.java:155)
11-27 19:00:00.166   709   765 E BluetoothPowerStatsCollector: 	at com.android.server.power.stats.PowerStatsCollector.collectAndDeliverStats(PowerStatsCollector.java:176)
11-27 19:00:00.166   709   765 E BluetoothPowerStatsCollector: 	at com.android.server.power.stats.PowerStatsCollector$$ExternalSyntheticLambda0.run(R8$$SyntheticClass:0)
11-27 19:00:00.166   709   765 E BluetoothPowerStatsCollector: 	at android.os.Handler.handleCallback(Handler.java:995)
11-27 19:00:00.166   709   765 E BluetoothPowerStatsCollector: 	at android.os.Handler.dispatchMessage(Handler.java:103)
11-27 19:00:00.166   709   765 E BluetoothPowerStatsCollector: 	at android.os.Looper.loopOnce(Looper.java:248)
11-27 19:00:00.166   709   765 E BluetoothPowerStatsCollector: 	at android.os.Looper.loop(Looper.java:338)
11-27 19:00:00.166   709   765 E BluetoothPowerStatsCollector: 	at android.os.HandlerThread.run(HandlerThread.java:85)
11-27 19:00:00.166   709   765 E BluetoothPowerStatsCollector: Caused by: java.lang.RuntimeException: error: 11
11-27 19:00:00.166   709   765 E BluetoothPowerStatsCollector: 	at com.android.server.power.stats.BluetoothPowerStatsCollector$1.onBluetoothActivityEnergyInfoError(BluetoothPowerStatsCollector.java:181)
11-27 19:00:00.166   709   765 E BluetoothPowerStatsCollector: 	at android.bluetooth.BluetoothAdapter$OnBluetoothActivityEnergyInfoProxy.lambda$onBluetoothActivityEnergyInfoAvailable$0(BluetoothAdapter.java:1037)
11-27 19:00:00.166   709   765 E BluetoothPowerStatsCollector: 	at android.bluetooth.BluetoothAdapter$OnBluetoothActivityEnergyInfoProxy$$ExternalSyntheticLambda1.run(D8$$SyntheticClass:0)
11-27 19:00:00.166   709   765 E BluetoothPowerStatsCollector: 	at android.bluetooth.BluetoothUtils.lambda$executeFromBinder$0(BluetoothUtils.java:343)
11-27 19:00:00.166   709   765 E BluetoothPowerStatsCollector: 	at android.bluetooth.BluetoothUtils$$ExternalSyntheticLambda1.run(D8$$SyntheticClass:0)
11-27 19:00:00.166   709   765 E BluetoothPowerStatsCollector: 	at com.android.server.SystemServerInitThreadPool$$ExternalSyntheticLambda0.execute(R8$$SyntheticClass:0)
11-27 19:00:00.166   709   765 E BluetoothPowerStatsCollector: 	at android.bluetooth.BluetoothUtils.executeFromBinder(BluetoothUtils.java:343)
11-27 19:00:00.166   709   765 E BluetoothPowerStatsCollector: 	at android.bluetooth.BluetoothAdapter$OnBluetoothActivityEnergyInfoProxy.onBluetoothActivityEnergyInfoAvailable(BluetoothAdapter.java:1035)
11-27 19:00:00.166   709   765 E BluetoothPowerStatsCollector: 	at android.bluetooth.IBluetoothActivityEnergyInfoListener$Stub.onTransact(IBluetoothActivityEnergyInfoListener.java:98)
11-27 19:00:00.166   709   765 E BluetoothPowerStatsCollector: 	at android.os.Binder.execTransactInternal(Binder.java:1426)
11-27 19:00:00.166   709   765 E BluetoothPowerStatsCollector: 	at android.os.Binder.execTransact(Binder.java:1365)
11-27 19:00:00.168   709   765 E BluetoothPowerStatsCollector: Cannot acquire BluetoothActivityEnergyInfo
11-27 19:00:00.168   709   765 E BluetoothPowerStatsCollector: java.util.concurrent.ExecutionException: java.lang.RuntimeException: error: 11
11-27 19:00:00.168   709   765 E BluetoothPowerStatsCollector: 	at java.util.concurrent.CompletableFuture.reportGet(CompletableFuture.java:372)
11-27 19:00:00.168   709   765 E BluetoothPowerStatsCollector: 	at java.util.concurrent.CompletableFuture.get(CompletableFuture.java:2072)
11-27 19:00:00.168   709   765 E BluetoothPowerStatsCollector: 	at com.android.server.power.stats.BluetoothPowerStatsCollector.collectBluetoothActivityInfo(BluetoothPowerStatsCollector.java:192)
11-27 19:00:00.168   709   765 E BluetoothPowerStatsCollector: 	at com.android.server.power.stats.BluetoothPowerStatsCollector.collectStats(BluetoothPowerStatsCollector.java:155)
11-27 19:00:00.168   709   765 E BluetoothPowerStatsCollector: 	at com.android.server.power.stats.PowerStatsCollector.collectAndDeliverStats(PowerStatsCollector.java:176)
11-27 19:00:00.168   709   765 E BluetoothPowerStatsCollector: 	at com.android.server.power.stats.PowerStatsCollector$$ExternalSyntheticLambda0.run(R8$$SyntheticClass:0)
11-27 19:00:00.168   709   765 E BluetoothPowerStatsCollector: 	at android.os.Handler.handleCallback(Handler.java:995)
11-27 19:00:00.168   709   765 E BluetoothPowerStatsCollector: 	at android.os.Handler.dispatchMessage(Handler.java:103)
11-27 19:00:00.168   709   765 E BluetoothPowerStatsCollector: 	at android.os.Looper.loopOnce(Looper.java:248)
11-27 19:00:00.168   709   765 E BluetoothPowerStatsCollector: 	at android.os.Looper.loop(Looper.java:338)
11-27 19:00:00.168   709   765 E BluetoothPowerStatsCollector: 	at android.os.HandlerThread.run(HandlerThread.java:85)
11-27 19:00:00.168   709   765 E BluetoothPowerStatsCollector: Caused by: java.lang.RuntimeException: error: 11
11-27 19:00:00.168   709   765 E BluetoothPowerStatsCollector: 	at com.android.server.power.stats.BluetoothPowerStatsCollector$1.onBluetoothActivityEnergyInfoError(BluetoothPowerStatsCollector.java:181)
11-27 19:00:00.168   709   765 E BluetoothPowerStatsCollector: 	at android.bluetooth.BluetoothAdapter$OnBluetoothActivityEnergyInfoProxy.lambda$onBluetoothActivityEnergyInfoAvailable$0(BluetoothAdapter.java:1037)
11-27 19:00:00.168   709   765 E BluetoothPowerStatsCollector: 	at android.bluetooth.BluetoothAdapter$OnBluetoothActivityEnergyInfoProxy$$ExternalSyntheticLambda1.run(D8$$SyntheticClass:0)
11-27 19:00:00.168   709   765 E BluetoothPowerStatsCollector: 	at android.bluetooth.BluetoothUtils.lambda$executeFromBinder$0(BluetoothUtils.java:343)
11-27 19:00:00.168   709   765 E BluetoothPowerStatsCollector: 	at android.bluetooth.BluetoothUtils$$ExternalSyntheticLambda1.run(D8$$SyntheticClass:0)
11-27 19:00:00.168   709   765 E BluetoothPowerStatsCollector: 	at com.android.server.SystemServerInitThreadPool$$ExternalSyntheticLambda0.execute(R8$$SyntheticClass:0)
11-27 19:00:00.168   709   765 E BluetoothPowerStatsCollector: 	at android.bluetooth.BluetoothUtils.executeFromBinder(BluetoothUtils.java:343)
11-27 19:00:00.168   709   765 E BluetoothPowerStatsCollector: 	at android.bluetooth.BluetoothAdapter$OnBluetoothActivityEnergyInfoProxy.onBluetoothActivityEnergyInfoAvailable(BluetoothAdapter.java:1035)
11-27 19:00:00.168   709   765 E BluetoothPowerStatsCollector: 	at android.bluetooth.IBluetoothActivityEnergyInfoListener$Stub.onTransact(IBluetoothActivityEnergyInfoListener.java:98)
11-27 19:00:00.168   709   765 E BluetoothPowerStatsCollector: 	at android.os.Binder.execTransactInternal(Binder.java:1426)
11-27 19:00:00.168   709   765 E BluetoothPowerStatsCollector: 	at android.os.Binder.execTransact(Binder.java:1365)
11-27 19:04:48.982   709   954 E TransitionChain: Can't collect into a chain with no transition
11-27 19:04:49.029   709  1573 E TaskPersister: File error accessing recents directory (directory doesn't exist?).
11-27 19:04:52.250   709  1573 E TaskPersister: File error accessing recents directory (directory doesn't exist?).
11-27 19:04:54.895   709  1573 E TaskPersister: File error accessing recents directory (directory doesn't exist?).
11-27 19:04:54.945   709   893 E AppOps  : attributionTag VCN not declared in manifest of android
11-27 19:05:10.931   709   955 E SystemServiceRegistry: Manager wrapper not available: persistent_data_block
11-27 19:05:12.333   709   893 E AppOps  : attributionTag VCN not declared in manifest of android
11-27 19:05:12.334   709   893 E AppOps  : attributionTag VCN not declared in manifest of android
11-27 19:05:12.898   709   845 E WindowManager: Display reconfigured outside of a transition: Display{#0 state=ON size=1344x2992 ROTATION_0}
11-27 19:05:17.147   709  1573 E TaskPersister: File error accessing recents directory (directory doesn't exist?).
11-27 19:05:38.423   709   765 E KernelCpuSpeedReader: Failed to read cpu-freq: /sys/devices/system/cpu/cpu0/cpufreq/stats/time_in_state: open failed: ENOENT (No such file or directory)
11-27 19:05:38.423   709   765 E KernelCpuSpeedReader: Failed to read cpu-freq: /sys/devices/system/cpu/cpu1/cpufreq/stats/time_in_state: open failed: ENOENT (No such file or directory)
11-27 19:05:38.423   709   765 E KernelCpuSpeedReader: Failed to read cpu-freq: /sys/devices/system/cpu/cpu2/cpufreq/stats/time_in_state: open failed: ENOENT (No such file or directory)
11-27 19:05:38.424   709   765 E KernelCpuSpeedReader: Failed to read cpu-freq: /sys/devices/system/cpu/cpu3/cpufreq/stats/time_in_state: open failed: ENOENT (No such file or directory)
11-27 19:05:38.449   709   765 E BluetoothPowerStatsCollector: Cannot acquire BluetoothActivityEnergyInfo
11-27 19:05:38.449   709   765 E BluetoothPowerStatsCollector: java.util.concurrent.ExecutionException: java.lang.RuntimeException: error: 11
11-27 19:05:38.449   709   765 E BluetoothPowerStatsCollector: 	at java.util.concurrent.CompletableFuture.reportGet(CompletableFuture.java:372)
11-27 19:05:38.449   709   765 E BluetoothPowerStatsCollector: 	at java.util.concurrent.CompletableFuture.get(CompletableFuture.java:2072)
11-27 19:05:38.449   709   765 E BluetoothPowerStatsCollector: 	at com.android.server.power.stats.BluetoothPowerStatsCollector.collectBluetoothActivityInfo(BluetoothPowerStatsCollector.java:192)
11-27 19:05:38.449   709   765 E BluetoothPowerStatsCollector: 	at com.android.server.power.stats.BluetoothPowerStatsCollector.collectStats(BluetoothPowerStatsCollector.java:155)
11-27 19:05:38.449   709   765 E BluetoothPowerStatsCollector: 	at com.android.server.power.stats.PowerStatsCollector.collectAndDeliverStats(PowerStatsCollector.java:176)
11-27 19:05:38.449   709   765 E BluetoothPowerStatsCollector: 	at com.android.server.power.stats.PowerStatsCollector$$ExternalSyntheticLambda0.run(R8$$SyntheticClass:0)
11-27 19:05:38.449   709   765 E BluetoothPowerStatsCollector: 	at android.os.Handler.handleCallback(Handler.java:995)
11-27 19:05:38.449   709   765 E BluetoothPowerStatsCollector: 	at android.os.Handler.dispatchMessage(Handler.java:103)
11-27 19:05:38.449   709   765 E BluetoothPowerStatsCollector: 	at android.os.Looper.loopOnce(Looper.java:248)
11-27 19:05:38.449   709   765 E BluetoothPowerStatsCollector: 	at android.os.Looper.loop(Looper.java:338)
11-27 19:05:38.449   709   765 E BluetoothPowerStatsCollector: 	at android.os.HandlerThread.run(HandlerThread.java:85)
11-27 19:05:38.449   709   765 E BluetoothPowerStatsCollector: Caused by: java.lang.RuntimeException: error: 11
11-27 19:05:38.449   709   765 E BluetoothPowerStatsCollector: 	at com.android.server.power.stats.BluetoothPowerStatsCollector$1.onBluetoothActivityEnergyInfoError(BluetoothPowerStatsCollector.java:181)
11-27 19:05:38.449   709   765 E BluetoothPowerStatsCollector: 	at android.bluetooth.BluetoothAdapter$OnBluetoothActivityEnergyInfoProxy.lambda$onBluetoothActivityEnergyInfoAvailable$0(BluetoothAdapter.java:1037)
11-27 19:05:38.449   709   765 E BluetoothPowerStatsCollector: 	at android.bluetooth.BluetoothAdapter$OnBluetoothActivityEnergyInfoProxy$$ExternalSyntheticLambda1.run(D8$$SyntheticClass:0)
11-27 19:05:38.449   709   765 E BluetoothPowerStatsCollector: 	at android.bluetooth.BluetoothUtils.lambda$executeFromBinder$0(BluetoothUtils.java:343)
11-27 19:05:38.449   709   765 E BluetoothPowerStatsCollector: 	at android.bluetooth.BluetoothUtils$$ExternalSyntheticLambda1.run(D8$$SyntheticClass:0)
11-27 19:05:38.449   709   765 E BluetoothPowerStatsCollector: 	at com.android.server.SystemServerInitThreadPool$$ExternalSyntheticLambda0.execute(R8$$SyntheticClass:0)
11-27 19:05:38.449   709   765 E BluetoothPowerStatsCollector: 	at android.bluetooth.BluetoothUtils.executeFromBinder(BluetoothUtils.java:343)
11-27 19:05:38.449   709   765 E BluetoothPowerStatsCollector: 	at android.bluetooth.BluetoothAdapter$OnBluetoothActivityEnergyInfoProxy.onBluetoothActivityEnergyInfoAvailable(BluetoothAdapter.java:1035)
11-27 19:05:38.449   709   765 E BluetoothPowerStatsCollector: 	at android.bluetooth.IBluetoothActivityEnergyInfoListener$Stub.onTransact(IBluetoothActivityEnergyInfoListener.java:98)
11-27 19:05:38.449   709   765 E BluetoothPowerStatsCollector: 	at android.os.Binder.execTransactInternal(Binder.java:1426)
11-27 19:05:38.449   709   765 E BluetoothPowerStatsCollector: 	at android.os.Binder.execTransact(Binder.java:1365)
11-27 19:11:14.303   709  1614 E TransitionChain: Can't collect into a chain with no transition
11-27 19:11:14.334   709  1573 E TaskPersister: File error accessing recents directory (directory doesn't exist?).
11-27 19:11:14.770   709  1573 E TaskPersister: File error accessing recents directory (directory doesn't exist?).
11-27 19:11:17.850   709  1573 E TaskPersister: File error accessing recents directory (directory doesn't exist?).
11-27 19:11:20.569   709  1573 E TaskPersister: File error accessing recents directory (directory doesn't exist?).
11-27 19:11:20.601   709   893 E AppOps  : attributionTag VCN not declared in manifest of android
11-27 19:11:40.825   709   765 E BluetoothPowerStatsCollector: Cannot acquire BluetoothActivityEnergyInfo
11-27 19:11:40.825   709   765 E BluetoothPowerStatsCollector: java.util.concurrent.ExecutionException: java.lang.RuntimeException: error: 11
11-27 19:11:40.825   709   765 E BluetoothPowerStatsCollector: 	at java.util.concurrent.CompletableFuture.reportGet(CompletableFuture.java:372)
11-27 19:11:40.825   709   765 E BluetoothPowerStatsCollector: 	at java.util.concurrent.CompletableFuture.get(CompletableFuture.java:2072)
11-27 19:11:40.825   709   765 E BluetoothPowerStatsCollector: 	at com.android.server.power.stats.BluetoothPowerStatsCollector.collectBluetoothActivityInfo(BluetoothPowerStatsCollector.java:192)
