11-27 19:11:40.825   709   765 E BluetoothPowerStatsCollector: 	at com.android.server.power.stats.BluetoothPowerStatsCollector.collectStats(BluetoothPowerStatsCollector.java:155)
11-27 19:11:40.825   709   765 E BluetoothPowerStatsCollector: 	at com.android.server.power.stats.PowerStatsCollector.collectAndDeliverStats(PowerStatsCollector.java:176)
11-27 19:11:40.825   709   765 E BluetoothPowerStatsCollector: 	at com.android.server.power.stats.PowerStatsCollector$$ExternalSyntheticLambda0.run(R8$$SyntheticClass:0)
11-27 19:11:40.825   709   765 E BluetoothPowerStatsCollector: 	at android.os.Handler.handleCallback(Handler.java:995)
11-27 19:11:40.825   709   765 E BluetoothPowerStatsCollector: 	at android.os.Handler.dispatchMessage(Handler.java:103)
11-27 19:11:40.825   709   765 E BluetoothPowerStatsCollector: 	at android.os.Looper.loopOnce(Looper.java:248)
11-27 19:11:40.825   709   765 E BluetoothPowerStatsCollector: 	at android.os.Looper.loop(Looper.java:338)
11-27 19:11:40.825   709   765 E BluetoothPowerStatsCollector: 	at android.os.HandlerThread.run(HandlerThread.java:85)
11-27 19:11:40.825   709   765 E BluetoothPowerStatsCollector: Caused by: java.lang.RuntimeException: error: 11
11-27 19:11:40.825   709   765 E BluetoothPowerStatsCollector: 	at com.android.server.power.stats.BluetoothPowerStatsCollector$1.onBluetoothActivityEnergyInfoError(BluetoothPowerStatsCollector.java:181)
11-27 19:11:40.825   709   765 E BluetoothPowerStatsCollector: 	at android.bluetooth.BluetoothAdapter$OnBluetoothActivityEnergyInfoProxy.lambda$onBluetoothActivityEnergyInfoAvailable$0(BluetoothAdapter.java:1037)
11-27 19:11:40.825   709   765 E BluetoothPowerStatsCollector: 	at android.bluetooth.BluetoothAdapter$OnBluetoothActivityEnergyInfoProxy$$ExternalSyntheticLambda1.run(D8$$SyntheticClass:0)
11-27 19:11:40.825   709   765 E BluetoothPowerStatsCollector: 	at android.bluetooth.BluetoothUtils.lambda$executeFromBinder$0(BluetoothUtils.java:343)
11-27 19:11:40.825   709   765 E BluetoothPowerStatsCollector: 	at android.bluetooth.BluetoothUtils$$ExternalSyntheticLambda1.run(D8$$SyntheticClass:0)
11-27 19:11:40.825   709   765 E BluetoothPowerStatsCollector: 	at com.android.server.SystemServerInitThreadPool$$ExternalSyntheticLambda0.execute(R8$$SyntheticClass:0)
11-27 19:11:40.825   709   765 E BluetoothPowerStatsCollector: 	at android.bluetooth.BluetoothUtils.executeFromBinder(BluetoothUtils.java:343)
11-27 19:11:40.825   709   765 E BluetoothPowerStatsCollector: 	at android.bluetooth.BluetoothAdapter$OnBluetoothActivityEnergyInfoProxy.onBluetoothActivityEnergyInfoAvailable(BluetoothAdapter.java:1035)
11-27 19:11:40.825   709   765 E BluetoothPowerStatsCollector: 	at android.bluetooth.IBluetoothActivityEnergyInfoListener$Stub.onTransact(IBluetoothActivityEnergyInfoListener.java:98)
11-27 19:11:40.825   709   765 E BluetoothPowerStatsCollector: 	at android.os.Binder.execTransactInternal(Binder.java:1426)
11-27 19:11:40.825   709   765 E BluetoothPowerStatsCollector: 	at android.os.Binder.execTransact(Binder.java:1365)
11-27 19:12:45.741   709  1022 E SystemServiceRegistry: Manager wrapper not available: persistent_data_block
11-27 19:12:47.406   709   893 E AppOps  : attributionTag VCN not declared in manifest of android
11-27 19:12:47.413   709   893 E AppOps  : attributionTag VCN not declared in manifest of android
11-27 19:12:47.819   709   845 E WindowManager: Display reconfigured outside of a transition: Display{#0 state=ON size=1344x2992 ROTATION_0}
--------- beginning of crash
11-27 19:12:49.733 11186 11266 F libc    : Fatal signal 6 (SIGABRT), code -1 (SI_QUEUE) in tid 11266 (pool-19-thread-), pid 11186 (st.exp.exponent)
11-27 19:12:50.932 11296 11296 F DEBUG   : *** *** *** *** *** *** *** *** *** *** *** *** *** *** *** ***
11-27 19:12:50.932 11296 11296 F DEBUG   : Build fingerprint: 'google/sdk_gphone16k_x86_64/emu64xa16k:16/BE2A.250530.026.F3/13894323:user/dev-keys'
11-27 19:12:50.932 11296 11296 F DEBUG   : Revision: '0'
11-27 19:12:50.932 11296 11296 F DEBUG   : ABI: 'x86_64'
11-27 19:12:50.932 11296 11296 F DEBUG   : Timestamp: 2025-11-27 19:12:50.195603999+0530
11-27 19:12:50.932 11296 11296 F DEBUG   : Process uptime: 3s
11-27 19:12:50.932 11296 11296 F DEBUG   : Page size: 16384 bytes
11-27 19:12:50.932 11296 11296 F DEBUG   : Cmdline: host.exp.exponent
11-27 19:12:50.932 11296 11296 F DEBUG   : pid: 11186, tid: 11266, name: pool-19-thread-  >>> host.exp.exponent <<<
11-27 19:12:50.932 11296 11296 F DEBUG   : uid: 10237
11-27 19:12:50.932 11296 11296 F DEBUG   : signal 6 (SIGABRT), code -1 (SI_QUEUE), fault addr --------
11-27 19:12:50.932 11296 11296 F DEBUG   : Abort message: 'Scudo ERROR: corrupted chunk header at address 0x7b04387c8200: most likely due to memory corruption'
11-27 19:12:50.932 11296 11296 F DEBUG   :     rax 0000000000000000  rbx 0000000000002bb2  rcx 00007b06e934e424  rdx 0000000000000006
11-27 19:12:50.932 11296 11296 F DEBUG   :     r8  0000000000000000  r9  0000000000000000  r10 00007b03c6695cb0  r11 0000000000000207
11-27 19:12:50.932 11296 11296 F DEBUG   :     r12 00007b03c6696df0  r13 0000000000000000  r14 0000000000002c02  r15 00007b03c6695da8
11-27 19:12:50.932 11296 11296 F DEBUG   :     rdi 0000000000002bb2  rsi 0000000000002c02
11-27 19:12:50.932 11296 11296 F DEBUG   :     rbp 00007b03c6695d50  rsp 00007b03c6695cb0  rip 00007b06e934e424
11-27 19:12:50.932 11296 11296 F DEBUG   : 63 total frames
11-27 19:12:50.932 11296 11296 F DEBUG   : backtrace:
11-27 19:12:50.932 11296 11296 F DEBUG   :       #00 pc 000000000006a424  /apex/com.android.runtime/lib64/bionic/libc.so (abort+196) (BuildId: fcb82240218d1473de1e3d2137c0be35)
11-27 19:12:50.932 11296 11296 F DEBUG   :       #01 pc 0000000000058858  /apex/com.android.runtime/lib64/bionic/libc.so (scudo::die()+8) (BuildId: fcb82240218d1473de1e3d2137c0be35)
11-27 19:12:50.932 11296 11296 F DEBUG   :       #02 pc 000000000005909a  /apex/com.android.runtime/lib64/bionic/libc.so (scudo::reportRawError(char const*)+26) (BuildId: fcb82240218d1473de1e3d2137c0be35)
11-27 19:12:50.932 11296 11296 F DEBUG   :       #03 pc 000000000005902b  /apex/com.android.runtime/lib64/bionic/libc.so (scudo::ScopedErrorReport::~ScopedErrorReport()+11) (BuildId: fcb82240218d1473de1e3d2137c0be35)
11-27 19:12:50.932 11296 11296 F DEBUG   :       #04 pc 00000000000591a8  /apex/com.android.runtime/lib64/bionic/libc.so (scudo::reportHeaderCorruption(void*, void*)+168) (BuildId: fcb82240218d1473de1e3d2137c0be35)
11-27 19:12:50.932 11296 11296 F DEBUG   :       #05 pc 000000000005aa91  /apex/com.android.runtime/lib64/bionic/libc.so (scudo::Allocator<scudo::AndroidNormalConfig, &scudo_malloc_postinit>::deallocate(void*, scudo::Chunk::Origin, unsigned long, unsigned long)+321) (BuildId: fcb82240218d1473de1e3d2137c0be35)
11-27 19:12:50.932 11296 11296 F DEBUG   :       #06 pc 000000000026a567  /data/app/~~x7F7_m3VxB7oRh3M03Llqw==/host.exp.exponent-LK9zu7Hb8_Anbj9zYueFDA==/base.apk!libappmodules.so (offset 0x7ab8000) (void facebook::react::RawPropsParser::prepare<facebook::react::RNCAndroidDropdownPickerProps>()+2087) (BuildId: c5eb7f822456aab02ca5ec789f76f3b316d7f95c)
11-27 19:12:50.932 11296 11296 F DEBUG   :       #07 pc 0000000000269156  /data/app/~~x7F7_m3VxB7oRh3M03Llqw==/host.exp.exponent-LK9zu7Hb8_Anbj9zYueFDA==/base.apk!libappmodules.so (offset 0x7ab8000) (facebook::react::RNCAndroidDropdownPickerComponentDescriptor::RNCAndroidDropdownPickerComponentDescriptor(facebook::react::ComponentDescriptorParameters const&)+102) (BuildId: c5eb7f822456aab02ca5ec789f76f3b316d7f95c)
11-27 19:12:50.932 11296 11296 F DEBUG   :       #08 pc 00000000002690c2  /data/app/~~x7F7_m3VxB7oRh3M03Llqw==/host.exp.exponent-LK9zu7Hb8_Anbj9zYueFDA==/base.apk!libappmodules.so (offset 0x7ab8000) (std::__ndk1::unique_ptr<facebook::react::ComponentDescriptor const, std::__ndk1::default_delete<facebook::react::ComponentDescriptor const>> facebook::react::concreteComponentDescriptorConstructor<facebook::react::RNCAndroidDropdownPickerComponentDescriptor>(facebook::react::ComponentDescriptorParameters const&)+34) (BuildId: c5eb7f822456aab02ca5ec789f76f3b316d7f95c)
11-27 19:12:50.932 11296 11296 F DEBUG   :       #09 pc 00000000003ece02  /data/app/~~x7F7_m3VxB7oRh3M03Llqw==/host.exp.exponent-LK9zu7Hb8_Anbj9zYueFDA==/base.apk!libreactnative.so (offset 0x9208000) (facebook::react::ComponentDescriptorRegistry::add(facebook::react::ComponentDescriptorProvider) const+146) (BuildId: 1477f377b5fee643)
11-27 19:12:50.932 11296 11296 F DEBUG   :       #10 pc 00000000003ec72d  /data/app/~~x7F7_m3VxB7oRh3M03Llqw==/host.exp.exponent-LK9zu7Hb8_Anbj9zYueFDA==/base.apk!libreactnative.so (offset 0x9208000) (facebook::react::ComponentDescriptorProviderRegistry::createComponentDescriptorRegistry(facebook::react::ComponentDescriptorParameters const&) const+541) (BuildId: 1477f377b5fee643)
11-27 19:12:50.932 11296 11296 F DEBUG   :       #11 pc 00000000003c6f9c  /data/app/~~x7F7_m3VxB7oRh3M03Llqw==/host.exp.exponent-LK9zu7Hb8_Anbj9zYueFDA==/base.apk!libreactnative.so (offset 0x9208000) (BuildId: 1477f377b5fee643)
11-27 19:12:50.932 11296 11296 F DEBUG   :       #12 pc 000000000043aa7f  /data/app/~~x7F7_m3VxB7oRh3M03Llqw==/host.exp.exponent-LK9zu7Hb8_Anbj9zYueFDA==/base.apk!libreactnative.so (offset 0x9208000) (facebook::react::Scheduler::Scheduler(facebook::react::SchedulerToolbox const&, facebook::react::UIManagerAnimationDelegate*, facebook::react::SchedulerDelegate*)+2751) (BuildId: 1477f377b5fee643)
11-27 19:12:50.932 11296 11296 F DEBUG   :       #13 pc 00000000002a8754  /data/app/~~x7F7_m3VxB7oRh3M03Llqw==/host.exp.exponent-LK9zu7Hb8_Anbj9zYueFDA==/base.apk!libreactnative.so (offset 0x9208000) (facebook::react::FabricUIManagerBinding::installFabricUIManager(facebook::jni::alias_ref<facebook::jni::detail::JTypeFor<facebook::jni::HybridClass<facebook::react::JRuntimeExecutor, facebook::jni::detail::BaseHybridClass>::JavaPart, facebook::jni::JObject, void>::_javaobject*>, facebook::jni::alias_ref<facebook::jni::detail::JTypeFor<facebook::jni::HybridClass<facebook::react::JRuntimeScheduler, facebook::jni::detail::BaseHybridClass>::JavaPart, facebook::jni::JObject, void>::_javaobject*>, facebook::jni::alias_ref<facebook::jni::detail::JTypeFor<facebook::react::JFabricUIManager, facebook::jni::JObject, void>::_javaobject*>, facebook::react::EventBeatManager*, facebook::react::ComponentFactory*)+3812) (BuildId: 1477f377b5fee643)
11-27 19:12:50.932 11296 11296 F DEBUG   :       #14 pc 00000000002ae06b  /data/app/~~x7F7_m3VxB7oRh3M03Llqw==/host.exp.exponent-LK9zu7Hb8_Anbj9zYueFDA==/base.apk!libreactnative.so (offset 0x9208000) (facebook::jni::detail::MethodWrapper<void (facebook::react::FabricUIManagerBinding::*)(facebook::jni::alias_ref<facebook::jni::detail::JTypeFor<facebook::jni::HybridClass<facebook::react::JRuntimeExecutor, facebook::jni::detail::BaseHybridClass>::JavaPart, facebook::jni::JObject, void>::_javaobject*>, facebook::jni::alias_ref<facebook::jni::detail::JTypeFor<facebook::jni::HybridClass<facebook::react::JRuntimeScheduler, facebook::jni::detail::BaseHybridClass>::JavaPart, facebook::jni::JObject, void>::_javaobject*>, facebook::jni::alias_ref<facebook::jni::detail::JTypeFor<facebook::react::JFabricUIManager, facebook::jni::JObject, void>::_javaobject*>, facebook::react::EventBeatManager*, facebook::react::ComponentFactory*), &facebook::react::FabricUIManagerBinding::installFabricUIManager(facebook::jni::alias_ref<facebook::jni::detail::JTypeFor<facebook::jni::HybridClass<facebook::react::JRuntimeExecutor, facebook::jni::detail::BaseHybridClass>::JavaPart, facebook::jni::JObject, void>::_javaobject*>, facebook::jni::alias_ref<facebook::jni::detail::JTypeFor<facebook::jni::HybridClass<facebook::react::JRuntimeScheduler, facebook::jni::detail::BaseHybridClass>::JavaPart, facebook::jni::JObject, void>::_javaobject*>, facebook::jni::alias_ref<facebook::jni::detail::JTypeFor<facebook::react::JFabricUIManager, facebook::jni::JObject, void>::_javaobject*>, facebook::react::EventBeatManager*, facebook::react::ComponentFactory*), facebook::react::FabricUIManagerBinding, void, facebook::jni::alias_ref<facebook::jni::detail::JTypeFor<facebook::jni::HybridClass<facebook::react::JRuntimeExecutor, facebook::jni::detail::BaseHybridClass>::JavaPart, facebook::jni::JObject, void>::_javaobject*>, facebook::jni::alias_ref<facebook::jni::detail::JTypeFor<facebook::jni::HybridClass<facebook::react::JRuntimeScheduler, facebook::jni::detail::BaseHybridClass>::JavaPart, facebook::jni::JObject, void>::_javaobject*>, facebook::jni::alias_ref<facebook::jni::detail::JTypeFor<facebook::react::JFabricUIManager, facebook::jni::JObject, void>::_javaobject*>, facebook::react::EventBeatManager*, facebook::react::ComponentFactory*>::dispatch(facebook::jni::alias_ref<facebook::jni::detail::JTypeFor<facebook::jni::HybridClass<facebook::react::FabricUIManagerBinding, facebook::jni::detail::BaseHybridClass>::JavaPart, facebook::jni::JObject, void>::_javaobject*>, facebook::jni::alias_ref<facebook::jni::detail::JTypeFor<facebook::jni::HybridClass<facebook::react::JRuntimeExecutor, facebook::jni::detail::BaseHybridClass>::JavaPart, facebook::jni::JObject, void>::_javaobject*>&&, facebook::jni::alias_ref<facebook::jni::detail::JTypeFor<facebook::jni::HybridClass<facebook::react::JRuntimeScheduler, facebook::jni::detail::BaseHybridClass>::JavaPart, facebook::jni::JObject, void>::_javaobject*>&&, facebook::jni::alias_ref<facebook::jni::detail::JTypeFor<facebook::react::JFabricUIManager, facebook::jni::JObject, void>::_javaobject*>&&, facebook::react::EventBeatManager*&&, facebook::react::ComponentFactory*&&)+123) (BuildId: 1477f377b5fee643)
11-27 19:12:50.932 11296 11296 F DEBUG   :       #15 pc 00000000002aafb1  /data/app/~~x7F7_m3VxB7oRh3M03Llqw==/host.exp.exponent-LK9zu7Hb8_Anbj9zYueFDA==/base.apk!libreactnative.so (offset 0x9208000) (facebook::jni::detail::MethodWrapper<void (facebook::react::FabricUIManagerBinding::*)(facebook::jni::alias_ref<facebook::jni::detail::JTypeFor<facebook::jni::HybridClass<facebook::react::JRuntimeExecutor, facebook::jni::detail::BaseHybridClass>::JavaPart, facebook::jni::JObject, void>::_javaobject*>, facebook::jni::alias_ref<facebook::jni::detail::JTypeFor<facebook::jni::HybridClass<facebook::react::JRuntimeScheduler, facebook::jni::detail::BaseHybridClass>::JavaPart, facebook::jni::JObject, void>::_javaobject*>, facebook::jni::alias_ref<facebook::jni::detail::JTypeFor<facebook::react::JFabricUIManager, facebook::jni::JObject, void>::_javaobject*>, facebook::react::EventBeatManager*, facebook::react::ComponentFactory*), &facebook::react::FabricUIManagerBinding::installFabricUIManager(facebook::jni::alias_ref<facebook::jni::detail::JTypeFor<facebook::jni::HybridClass<facebook::react::JRuntimeExecutor, facebook::jni::detail::BaseHybridClass>::JavaPart, facebook::jni::JObject, void>::_javaobject*>, facebook::jni::alias_ref<facebook::jni::detail::JTypeFor<facebook::jni::HybridClass<facebook::react::JRuntimeScheduler, facebook::jni::detail::BaseHybridClass>::JavaPart, facebook::jni::JObject, void>::_javaobject*>, facebook::jni::alias_ref<facebook::jni::detail::JTypeFor<facebook::react::JFabricUIManager, facebook::jni::JObject, void>::_javaobject*>, facebook::react::EventBeatManager*, facebook::react::ComponentFactory*), facebook::react::FabricUIManagerBinding, void, facebook::jni::alias_ref<facebook::jni::detail::JTypeFor<facebook::jni::HybridClass<facebook::react::JRuntimeExecutor, facebook::jni::detail::BaseHybridClass>::JavaPart, facebook::jni::JObject, void>::_javaobject*>, facebook::jni::alias_ref<facebook::jni::detail::JTypeFor<facebook::jni::HybridClass<facebook::react::JRuntimeScheduler, facebook::jni::detail::BaseHybridClass>::JavaPart, facebook::jni::JObject, void>::_javaobject*>, facebook::jni::alias_ref<facebook::jni::detail::JTypeFor<facebook::react::JFabricUIManager, facebook::jni::JObject, void>::_javaobject*>, facebook::react::EventBeatManager*, facebook::react::ComponentFactory*>::call(_JNIEnv*, _jobject*, facebook::jni::detail::JTypeFor<facebook::jni::HybridClass<facebook::react::JRuntimeExecutor, facebook::jni::detail::BaseHybridClass>::JavaPart, facebook::jni::JObject, void>::_javaobject*, facebook::jni::detail::JTypeFor<facebook::jni::HybridClass<facebook::react::JRuntimeScheduler, facebook::jni::detail::BaseHybridClass>::JavaPart, facebook::jni::JObject, void>::_javaobject*, facebook::jni::detail::JTypeFor<facebook::react::JFabricUIManager, facebook::jni::JObject, void>::_javaobject*, facebook::jni::detail::JTypeFor<facebook::jni::HybridClass<facebook::react::EventBeatManager, facebook::jni::detail::BaseHybridClass>::JavaPart, facebook::jni::JObject, void>::_javaobject*, facebook::jni::detail::JTypeFor<facebook::jni::HybridClass<facebook::react::ComponentFactory, facebook::jni::detail::BaseHybridClass>::JavaPart, facebook::jni::JObject, void>::_javaobject*)+177) (BuildId: 1477f377b5fee643)
11-27 19:12:50.932 11296 11296 F DEBUG   :       #16 pc 0000000000f54365  /data/misc/apexdata/com.android.art/dalvik-cache/x86_64/boot.oat (art_jni_trampoline+245)
11-27 19:12:50.932 11296 11296 F DEBUG   :       #17 pc 0000000000209f9d  /apex/com.android.art/lib64/libart.so (nterp_helper+5805) (BuildId: aacabf6ce0595a0e342c02d33a22c65b)
11-27 19:12:50.932 11296 11296 F DEBUG   :       #18 pc 0000000000a319cc  /data/app/~~x7F7_m3VxB7oRh3M03Llqw==/host.exp.exponent-LK9zu7Hb8_Anbj9zYueFDA==/oat/x86_64/base.vdex (com.facebook.react.fabric.FabricUIManagerBinding.register+56)
11-27 19:12:50.933 11296 11296 F DEBUG   :       #19 pc 0000000000209f3e  /apex/com.android.art/lib64/libart.so (nterp_helper+5710) (BuildId: aacabf6ce0595a0e342c02d33a22c65b)
11-27 19:12:50.933 11296 11296 F DEBUG   :       #20 pc 0000000000a55eca  /data/app/~~x7F7_m3VxB7oRh3M03Llqw==/host.exp.exponent-LK9zu7Hb8_Anbj9zYueFDA==/oat/x86_64/base.vdex (com.facebook.react.runtime.ReactInstance.<init>+682)
11-27 19:12:50.933 11296 11296 F DEBUG   :       #21 pc 0000000000209f3e  /apex/com.android.art/lib64/libart.so (nterp_helper+5710) (BuildId: aacabf6ce0595a0e342c02d33a22c65b)
11-27 19:12:50.933 11296 11296 F DEBUG   :       #22 pc 0000000000a5240c  /data/app/~~x7F7_m3VxB7oRh3M03Llqw==/host.exp.exponent-LK9zu7Hb8_Anbj9zYueFDA==/oat/x86_64/base.vdex (com.facebook.react.runtime.ReactHostImpl.getOrCreateReactInstanceTask$lambda$41$lambda$38+100)
11-27 19:12:50.933 11296 11296 F DEBUG   :       #23 pc 0000000000208928  /apex/com.android.art/lib64/libart.so (nterp_helper+56) (BuildId: aacabf6ce0595a0e342c02d33a22c65b)
11-27 19:12:50.933 11296 11296 F DEBUG   :       #24 pc 0000000000a5238c  /data/app/~~x7F7_m3VxB7oRh3M03Llqw==/host.exp.exponent-LK9zu7Hb8_Anbj9zYueFDA==/oat/x86_64/base.vdex (com.facebook.react.runtime.ReactHostImpl.t+0)
11-27 19:12:50.933 11296 11296 F DEBUG   :       #25 pc 0000000000208928  /apex/com.android.art/lib64/libart.so (nterp_helper+56) (BuildId: aacabf6ce0595a0e342c02d33a22c65b)
11-27 19:12:50.933 11296 11296 F DEBUG   :       #26 pc 0000000000a50f58  /data/app/~~x7F7_m3VxB7oRh3M03Llqw==/host.exp.exponent-LK9zu7Hb8_Anbj9zYueFDA==/oat/x86_64/base.vdex (com.facebook.react.runtime.m.then+8)
11-27 19:12:50.933 11296 11296 F DEBUG   :       #27 pc 000000000020a4e5  /apex/com.android.art/lib64/libart.so (nterp_helper+7157) (BuildId: aacabf6ce0595a0e342c02d33a22c65b)
11-27 19:12:50.933 11296 11296 F DEBUG   :       #28 pc 0000000000a579e4  /data/app/~~x7F7_m3VxB7oRh3M03Llqw==/host.exp.exponent-LK9zu7Hb8_Anbj9zYueFDA==/oat/x86_64/base.vdex (com.facebook.react.runtime.internal.bolts.Task$Companion.completeImmediately$lambda$3+0)
11-27 19:12:50.933 11296 11296 F DEBUG   :       #29 pc 0000000000208928  /apex/com.android.art/lib64/libart.so (nterp_helper+56) (BuildId: aacabf6ce0595a0e342c02d33a22c65b)
11-27 19:12:50.933 11296 11296 F DEBUG   :       #30 pc 0000000000a57824  /data/app/~~x7F7_m3VxB7oRh3M03Llqw==/host.exp.exponent-LK9zu7Hb8_Anbj9zYueFDA==/oat/x86_64/base.vdex (com.facebook.react.runtime.internal.bolts.Task$Companion.e+0)
11-27 19:12:50.933 11296 11296 F DEBUG   :       #31 pc 0000000000208928  /apex/com.android.art/lib64/libart.so (nterp_helper+56) (BuildId: aacabf6ce0595a0e342c02d33a22c65b)
11-27 19:12:50.933 11296 11296 F DEBUG   :       #32 pc 0000000000a57550  /data/app/~~x7F7_m3VxB7oRh3M03Llqw==/host.exp.exponent-LK9zu7Hb8_Anbj9zYueFDA==/oat/x86_64/base.vdex (com.facebook.react.runtime.internal.bolts.i.run+12)
11-27 19:12:50.933 11296 11296 F DEBUG   :       #33 pc 000000000020a4e5  /apex/com.android.art/lib64/libart.so (nterp_helper+7157) (BuildId: aacabf6ce0595a0e342c02d33a22c65b)
11-27 19:12:50.933 11296 11296 F DEBUG   :       #34 pc 0000000000a5727a  /data/app/~~x7F7_m3VxB7oRh3M03Llqw==/host.exp.exponent-LK9zu7Hb8_Anbj9zYueFDA==/oat/x86_64/base.vdex (com.facebook.react.runtime.internal.bolts.Executors$ImmediateExecutor.execute+10)
11-27 19:12:50.933 11296 11296 F DEBUG   :       #35 pc 000000000020a4e5  /apex/com.android.art/lib64/libart.so (nterp_helper+7157) (BuildId: aacabf6ce0595a0e342c02d33a22c65b)
11-27 19:12:50.933 11296 11296 F DEBUG   :       #36 pc 0000000000a57a32  /data/app/~~x7F7_m3VxB7oRh3M03Llqw==/host.exp.exponent-LK9zu7Hb8_Anbj9zYueFDA==/oat/x86_64/base.vdex (com.facebook.react.runtime.internal.bolts.Task$Companion.completeImmediately+10)
11-27 19:12:50.933 11296 11296 F DEBUG   :       #37 pc 0000000000209788  /apex/com.android.art/lib64/libart.so (nterp_helper+3736) (BuildId: aacabf6ce0595a0e342c02d33a22c65b)
11-27 19:12:50.933 11296 11296 F DEBUG   :       #38 pc 0000000000a57884  /data/app/~~x7F7_m3VxB7oRh3M03Llqw==/host.exp.exponent-LK9zu7Hb8_Anbj9zYueFDA==/oat/x86_64/base.vdex (com.facebook.react.runtime.internal.bolts.Task$Companion.access$completeImmediately+0)
11-27 19:12:50.933 11296 11296 F DEBUG   :       #39 pc 0000000000208928  /apex/com.android.art/lib64/libart.so (nterp_helper+56) (BuildId: aacabf6ce0595a0e342c02d33a22c65b)
11-27 19:12:50.933 11296 11296 F DEBUG   :       #40 pc 0000000000a57f50  /data/app/~~x7F7_m3VxB7oRh3M03Llqw==/host.exp.exponent-LK9zu7Hb8_Anbj9zYueFDA==/oat/x86_64/base.vdex (com.facebook.react.runtime.internal.bolts.Task.continueWith+88)
11-27 19:12:50.933 11296 11296 F DEBUG   :       #41 pc 0000000000209788  /apex/com.android.art/lib64/libart.so (nterp_helper+3736) (BuildId: aacabf6ce0595a0e342c02d33a22c65b)
11-27 19:12:50.933 11296 11296 F DEBUG   :       #42 pc 0000000000a57eb4  /data/app/~~x7F7_m3VxB7oRh3M03Llqw==/host.exp.exponent-LK9zu7Hb8_Anbj9zYueFDA==/oat/x86_64/base.vdex (com.facebook.react.runtime.internal.bolts.Task.continueWith$default+12)
11-27 19:12:50.933 11296 11296 F DEBUG   :       #43 pc 0000000000208928  /apex/com.android.art/lib64/libart.so (nterp_helper+56) (BuildId: aacabf6ce0595a0e342c02d33a22c65b)
11-27 19:12:50.933 11296 11296 F DEBUG   :       #44 pc 0000000000a5818e  /data/app/~~x7F7_m3VxB7oRh3M03Llqw==/host.exp.exponent-LK9zu7Hb8_Anbj9zYueFDA==/oat/x86_64/base.vdex (com.facebook.react.runtime.internal.bolts.Task.onSuccess$lambda$12+74)
11-27 19:12:50.933 11296 11296 F DEBUG   :       #45 pc 0000000000208928  /apex/com.android.art/lib64/libart.so (nterp_helper+56) (BuildId: aacabf6ce0595a0e342c02d33a22c65b)
11-27 19:12:50.933 11296 11296 F DEBUG   :       #46 pc 0000000000a57dec  /data/app/~~x7F7_m3VxB7oRh3M03Llqw==/host.exp.exponent-LK9zu7Hb8_Anbj9zYueFDA==/oat/x86_64/base.vdex (com.facebook.react.runtime.internal.bolts.Task.e+0)
11-27 19:12:50.933 11296 11296 F DEBUG   :       #47 pc 0000000000208928  /apex/com.android.art/lib64/libart.so (nterp_helper+56) (BuildId: aacabf6ce0595a0e342c02d33a22c65b)
11-27 19:12:50.933 11296 11296 F DEBUG   :       #48 pc 0000000000a573a8  /data/app/~~x7F7_m3VxB7oRh3M03Llqw==/host.exp.exponent-LK9zu7Hb8_Anbj9zYueFDA==/oat/x86_64/base.vdex (com.facebook.react.runtime.internal.bolts.c.then+4)
11-27 19:12:50.933 11296 11296 F DEBUG   :       #49 pc 000000000020a4e5  /apex/com.android.art/lib64/libart.so (nterp_helper+7157) (BuildId: aacabf6ce0595a0e342c02d33a22c65b)
11-27 19:12:50.933 11296 11296 F DEBUG   :       #50 pc 0000000000a57938  /data/app/~~x7F7_m3VxB7oRh3M03Llqw==/host.exp.exponent-LK9zu7Hb8_Anbj9zYueFDA==/oat/x86_64/base.vdex (com.facebook.react.runtime.internal.bolts.Task$Companion.completeAfterTask$lambda$5+0)
11-27 19:12:50.933 11296 11296 F DEBUG   :       #51 pc 0000000000208928  /apex/com.android.art/lib64/libart.so (nterp_helper+56) (BuildId: aacabf6ce0595a0e342c02d33a22c65b)
11-27 19:12:50.933 11296 11296 F DEBUG   :       #52 pc 0000000000a577f4  /data/app/~~x7F7_m3VxB7oRh3M03Llqw==/host.exp.exponent-LK9zu7Hb8_Anbj9zYueFDA==/oat/x86_64/base.vdex (com.facebook.react.runtime.internal.bolts.Task$Companion.a+0)
11-27 19:12:50.933 11296 11296 F DEBUG   :       #53 pc 0000000000208928  /apex/com.android.art/lib64/libart.so (nterp_helper+56) (BuildId: aacabf6ce0595a0e342c02d33a22c65b)
11-27 19:12:50.933 11296 11296 F DEBUG   :       #54 pc 0000000000a57598  /data/app/~~x7F7_m3VxB7oRh3M03Llqw==/host.exp.exponent-LK9zu7Hb8_Anbj9zYueFDA==/oat/x86_64/base.vdex (com.facebook.react.runtime.internal.bolts.j.run+12)
11-27 19:12:50.933 11296 11296 F DEBUG   :       #55 pc 00000000004e17b4  /data/misc/apexdata/com.android.art/dalvik-cache/x86_64/boot.oat (java.util.concurrent.ThreadPoolExecutor.runWorker+804)
11-27 19:12:50.933 11296 11296 F DEBUG   :       #56 pc 00000000004e6474  /data/misc/apexdata/com.android.art/dalvik-cache/x86_64/boot.oat (java.util.concurrent.ThreadPoolExecutor$Worker.run+68)
11-27 19:12:50.933 11296 11296 F DEBUG   :       #57 pc 000000000032f9b1  /data/misc/apexdata/com.android.art/dalvik-cache/x86_64/boot.oat (java.lang.Thread.run+81)
11-27 19:12:50.933 11296 11296 F DEBUG   :       #58 pc 0000000000211e94  /apex/com.android.art/lib64/libart.so (art_quick_invoke_stub+756) (BuildId: aacabf6ce0595a0e342c02d33a22c65b)
11-27 19:12:50.933 11296 11296 F DEBUG   :       #59 pc 000000000055b6a5  /apex/com.android.art/lib64/libart.so (art::ArtMethod::Invoke(art::Thread*, unsigned int*, unsigned int, art::JValue*, char const*)+181) (BuildId: aacabf6ce0595a0e342c02d33a22c65b)
11-27 19:12:50.933 11296 11296 F DEBUG   :       #60 pc 00000000009ed83c  /apex/com.android.art/lib64/libart.so (art::Thread::CreateCallback(void*)+1388) (BuildId: aacabf6ce0595a0e342c02d33a22c65b)
11-27 19:12:50.933 11296 11296 F DEBUG   :       #61 pc 000000000007ac5f  /apex/com.android.runtime/lib64/bionic/libc.so (__pthread_start(void*)+63) (BuildId: fcb82240218d1473de1e3d2137c0be35)
11-27 19:12:50.933 11296 11296 F DEBUG   :       #62 pc 000000000006d94d  /apex/com.android.runtime/lib64/bionic/libc.so (__start_thread+61) (BuildId: fcb82240218d1473de1e3d2137c0be35)
11-27 19:12:52.015   709  1573 E TaskPersister: File error accessing recents directory (directory doesn't exist?).
11-27 19:13:30.071   709  1573 E TaskPersister: File error accessing recents directory (directory doesn't exist?).
11-27 19:17:17.838   709   765 E BluetoothPowerStatsCollector: Cannot acquire BluetoothActivityEnergyInfo
11-27 19:17:17.838   709   765 E BluetoothPowerStatsCollector: java.util.concurrent.ExecutionException: java.lang.RuntimeException: error: 11
11-27 19:17:17.838   709   765 E BluetoothPowerStatsCollector: 	at java.util.concurrent.CompletableFuture.reportGet(CompletableFuture.java:372)
11-27 19:17:17.838   709   765 E BluetoothPowerStatsCollector: 	at java.util.concurrent.CompletableFuture.get(CompletableFuture.java:2072)
11-27 19:17:17.838   709   765 E BluetoothPowerStatsCollector: 	at com.android.server.power.stats.BluetoothPowerStatsCollector.collectBluetoothActivityInfo(BluetoothPowerStatsCollector.java:192)
11-27 19:17:17.838   709   765 E BluetoothPowerStatsCollector: 	at com.android.server.power.stats.BluetoothPowerStatsCollector.collectStats(BluetoothPowerStatsCollector.java:155)
11-27 19:17:17.838   709   765 E BluetoothPowerStatsCollector: 	at com.android.server.power.stats.PowerStatsCollector.collectAndDeliverStats(PowerStatsCollector.java:176)
11-27 19:17:17.838   709   765 E BluetoothPowerStatsCollector: 	at com.android.server.power.stats.PowerStatsCollector$$ExternalSyntheticLambda0.run(R8$$SyntheticClass:0)
11-27 19:17:17.838   709   765 E BluetoothPowerStatsCollector: 	at android.os.Handler.handleCallback(Handler.java:995)
11-27 19:17:17.838   709   765 E BluetoothPowerStatsCollector: 	at android.os.Handler.dispatchMessage(Handler.java:103)
11-27 19:17:17.838   709   765 E BluetoothPowerStatsCollector: 	at android.os.Looper.loopOnce(Looper.java:248)
11-27 19:17:17.838   709   765 E BluetoothPowerStatsCollector: 	at android.os.Looper.loop(Looper.java:338)
11-27 19:17:17.838   709   765 E BluetoothPowerStatsCollector: 	at android.os.HandlerThread.run(HandlerThread.java:85)
11-27 19:17:17.838   709   765 E BluetoothPowerStatsCollector: Caused by: java.lang.RuntimeException: error: 11
11-27 19:17:17.838   709   765 E BluetoothPowerStatsCollector: 	at com.android.server.power.stats.BluetoothPowerStatsCollector$1.onBluetoothActivityEnergyInfoError(BluetoothPowerStatsCollector.java:181)
11-27 19:17:17.838   709   765 E BluetoothPowerStatsCollector: 	at android.bluetooth.BluetoothAdapter$OnBluetoothActivityEnergyInfoProxy.lambda$onBluetoothActivityEnergyInfoAvailable$0(BluetoothAdapter.java:1037)
11-27 19:17:17.838   709   765 E BluetoothPowerStatsCollector: 	at android.bluetooth.BluetoothAdapter$OnBluetoothActivityEnergyInfoProxy$$ExternalSyntheticLambda1.run(D8$$SyntheticClass:0)
11-27 19:17:17.838   709   765 E BluetoothPowerStatsCollector: 	at android.bluetooth.BluetoothUtils.lambda$executeFromBinder$0(BluetoothUtils.java:343)
11-27 19:17:17.838   709   765 E BluetoothPowerStatsCollector: 	at android.bluetooth.BluetoothUtils$$ExternalSyntheticLambda1.run(D8$$SyntheticClass:0)
11-27 19:17:17.838   709   765 E BluetoothPowerStatsCollector: 	at com.android.server.SystemServerInitThreadPool$$ExternalSyntheticLambda0.execute(R8$$SyntheticClass:0)
11-27 19:17:17.838   709   765 E BluetoothPowerStatsCollector: 	at android.bluetooth.BluetoothUtils.executeFromBinder(BluetoothUtils.java:343)
11-27 19:17:17.838   709   765 E BluetoothPowerStatsCollector: 	at android.bluetooth.BluetoothAdapter$OnBluetoothActivityEnergyInfoProxy.onBluetoothActivityEnergyInfoAvailable(BluetoothAdapter.java:1035)
11-27 19:17:17.838   709   765 E BluetoothPowerStatsCollector: 	at android.bluetooth.IBluetoothActivityEnergyInfoListener$Stub.onTransact(IBluetoothActivityEnergyInfoListener.java:98)
11-27 19:17:17.838   709   765 E BluetoothPowerStatsCollector: 	at android.os.Binder.execTransactInternal(Binder.java:1426)
11-27 19:17:17.838   709   765 E BluetoothPowerStatsCollector: 	at android.os.Binder.execTransact(Binder.java:1365)
11-27 19:22:57.030   709   765 E BluetoothPowerStatsCollector: Cannot acquire BluetoothActivityEnergyInfo
11-27 19:22:57.030   709   765 E BluetoothPowerStatsCollector: java.util.concurrent.ExecutionException: java.lang.RuntimeException: error: 11
11-27 19:22:57.030   709   765 E BluetoothPowerStatsCollector: 	at java.util.concurrent.CompletableFuture.reportGet(CompletableFuture.java:372)
11-27 19:22:57.030   709   765 E BluetoothPowerStatsCollector: 	at java.util.concurrent.CompletableFuture.get(CompletableFuture.java:2072)
11-27 19:22:57.030   709   765 E BluetoothPowerStatsCollector: 	at com.android.server.power.stats.BluetoothPowerStatsCollector.collectBluetoothActivityInfo(BluetoothPowerStatsCollector.java:192)
11-27 19:22:57.030   709   765 E BluetoothPowerStatsCollector: 	at com.android.server.power.stats.BluetoothPowerStatsCollector.collectStats(BluetoothPowerStatsCollector.java:155)
11-27 19:22:57.030   709   765 E BluetoothPowerStatsCollector: 	at com.android.server.power.stats.PowerStatsCollector.collectAndDeliverStats(PowerStatsCollector.java:176)
11-27 19:22:57.030   709   765 E BluetoothPowerStatsCollector: 	at com.android.server.power.stats.PowerStatsCollector$$ExternalSyntheticLambda0.run(R8$$SyntheticClass:0)
11-27 19:22:57.030   709   765 E BluetoothPowerStatsCollector: 	at android.os.Handler.handleCallback(Handler.java:995)
11-27 19:22:57.030   709   765 E BluetoothPowerStatsCollector: 	at android.os.Handler.dispatchMessage(Handler.java:103)
11-27 19:22:57.030   709   765 E BluetoothPowerStatsCollector: 	at android.os.Looper.loopOnce(Looper.java:248)
11-27 19:22:57.030   709   765 E BluetoothPowerStatsCollector: 	at android.os.Looper.loop(Looper.java:338)
11-27 19:22:57.030   709   765 E BluetoothPowerStatsCollector: 	at android.os.HandlerThread.run(HandlerThread.java:85)
11-27 19:22:57.030   709   765 E BluetoothPowerStatsCollector: Caused by: java.lang.RuntimeException: error: 11
11-27 19:22:57.030   709   765 E BluetoothPowerStatsCollector: 	at com.android.server.power.stats.BluetoothPowerStatsCollector$1.onBluetoothActivityEnergyInfoError(BluetoothPowerStatsCollector.java:181)
11-27 19:22:57.030   709   765 E BluetoothPowerStatsCollector: 	at android.bluetooth.BluetoothAdapter$OnBluetoothActivityEnergyInfoProxy.lambda$onBluetoothActivityEnergyInfoAvailable$0(BluetoothAdapter.java:1037)
11-27 19:22:57.030   709   765 E BluetoothPowerStatsCollector: 	at android.bluetooth.BluetoothAdapter$OnBluetoothActivityEnergyInfoProxy$$ExternalSyntheticLambda1.run(D8$$SyntheticClass:0)
11-27 19:22:57.030   709   765 E BluetoothPowerStatsCollector: 	at android.bluetooth.BluetoothUtils.lambda$executeFromBinder$0(BluetoothUtils.java:343)
11-27 19:22:57.030   709   765 E BluetoothPowerStatsCollector: 	at android.bluetooth.BluetoothUtils$$ExternalSyntheticLambda1.run(D8$$SyntheticClass:0)
11-27 19:22:57.030   709   765 E BluetoothPowerStatsCollector: 	at com.android.server.SystemServerInitThreadPool$$ExternalSyntheticLambda0.execute(R8$$SyntheticClass:0)
11-27 19:22:57.030   709   765 E BluetoothPowerStatsCollector: 	at android.bluetooth.BluetoothUtils.executeFromBinder(BluetoothUtils.java:343)
11-27 19:22:57.030   709   765 E BluetoothPowerStatsCollector: 	at android.bluetooth.BluetoothAdapter$OnBluetoothActivityEnergyInfoProxy.onBluetoothActivityEnergyInfoAvailable(BluetoothAdapter.java:1035)
11-27 19:22:57.030   709   765 E BluetoothPowerStatsCollector: 	at android.bluetooth.IBluetoothActivityEnergyInfoListener$Stub.onTransact(IBluetoothActivityEnergyInfoListener.java:98)
11-27 19:22:57.030   709   765 E BluetoothPowerStatsCollector: 	at android.os.Binder.execTransactInternal(Binder.java:1426)
11-27 19:22:57.030   709   765 E BluetoothPowerStatsCollector: 	at android.os.Binder.execTransact(Binder.java:1365)
11-27 19:26:29.197   709  1433 E AppOps  : Bad call made by uid 1000. Package "com.google.android.apps.photos" does not belong to uid 1000.
11-27 19:26:57.087   709  1573 E TaskPersister: File error accessing recents directory (directory doesn't exist?).
11-27 19:29:50.444   709   765 E BluetoothPowerStatsCollector: Cannot acquire BluetoothActivityEnergyInfo
11-27 19:29:50.444   709   765 E BluetoothPowerStatsCollector: java.util.concurrent.ExecutionException: java.lang.RuntimeException: error: 11
11-27 19:29:50.444   709   765 E BluetoothPowerStatsCollector: 	at java.util.concurrent.CompletableFuture.reportGet(CompletableFuture.java:372)
11-27 19:29:50.444   709   765 E BluetoothPowerStatsCollector: 	at java.util.concurrent.CompletableFuture.get(CompletableFuture.java:2072)
11-27 19:29:50.444   709   765 E BluetoothPowerStatsCollector: 	at com.android.server.power.stats.BluetoothPowerStatsCollector.collectBluetoothActivityInfo(BluetoothPowerStatsCollector.java:192)
11-27 19:29:50.444   709   765 E BluetoothPowerStatsCollector: 	at com.android.server.power.stats.BluetoothPowerStatsCollector.collectStats(BluetoothPowerStatsCollector.java:155)
11-27 19:29:50.444   709   765 E BluetoothPowerStatsCollector: 	at com.android.server.power.stats.PowerStatsCollector.collectAndDeliverStats(PowerStatsCollector.java:176)
11-27 19:29:50.444   709   765 E BluetoothPowerStatsCollector: 	at com.android.server.power.stats.PowerStatsCollector$$ExternalSyntheticLambda0.run(R8$$SyntheticClass:0)
11-27 19:29:50.444   709   765 E BluetoothPowerStatsCollector: 	at android.os.Handler.handleCallback(Handler.java:995)
11-27 19:29:50.444   709   765 E BluetoothPowerStatsCollector: 	at android.os.Handler.dispatchMessage(Handler.java:103)
11-27 19:29:50.444   709   765 E BluetoothPowerStatsCollector: 	at android.os.Looper.loopOnce(Looper.java:248)
11-27 19:29:50.444   709   765 E BluetoothPowerStatsCollector: 	at android.os.Looper.loop(Looper.java:338)
11-27 19:29:50.444   709   765 E BluetoothPowerStatsCollector: 	at android.os.HandlerThread.run(HandlerThread.java:85)
11-27 19:29:50.444   709   765 E BluetoothPowerStatsCollector: Caused by: java.lang.RuntimeException: error: 11
11-27 19:29:50.444   709   765 E BluetoothPowerStatsCollector: 	at com.android.server.power.stats.BluetoothPowerStatsCollector$1.onBluetoothActivityEnergyInfoError(BluetoothPowerStatsCollector.java:181)
11-27 19:29:50.444   709   765 E BluetoothPowerStatsCollector: 	at android.bluetooth.BluetoothAdapter$OnBluetoothActivityEnergyInfoProxy.lambda$onBluetoothActivityEnergyInfoAvailable$0(BluetoothAdapter.java:1037)
11-27 19:29:50.444   709   765 E BluetoothPowerStatsCollector: 	at android.bluetooth.BluetoothAdapter$OnBluetoothActivityEnergyInfoProxy$$ExternalSyntheticLambda1.run(D8$$SyntheticClass:0)
11-27 19:29:50.444   709   765 E BluetoothPowerStatsCollector: 	at android.bluetooth.BluetoothUtils.lambda$executeFromBinder$0(BluetoothUtils.java:343)
11-27 19:29:50.444   709   765 E BluetoothPowerStatsCollector: 	at android.bluetooth.BluetoothUtils$$ExternalSyntheticLambda1.run(D8$$SyntheticClass:0)
11-27 19:29:50.444   709   765 E BluetoothPowerStatsCollector: 	at com.android.server.SystemServerInitThreadPool$$ExternalSyntheticLambda0.execute(R8$$SyntheticClass:0)
11-27 19:29:50.444   709   765 E BluetoothPowerStatsCollector: 	at android.bluetooth.BluetoothUtils.executeFromBinder(BluetoothUtils.java:343)
11-27 19:29:50.444   709   765 E BluetoothPowerStatsCollector: 	at android.bluetooth.BluetoothAdapter$OnBluetoothActivityEnergyInfoProxy.onBluetoothActivityEnergyInfoAvailable(BluetoothAdapter.java:1035)
11-27 19:29:50.444   709   765 E BluetoothPowerStatsCollector: 	at android.bluetooth.IBluetoothActivityEnergyInfoListener$Stub.onTransact(IBluetoothActivityEnergyInfoListener.java:98)
11-27 19:29:50.444   709   765 E BluetoothPowerStatsCollector: 	at android.os.Binder.execTransactInternal(Binder.java:1426)
11-27 19:29:50.444   709   765 E BluetoothPowerStatsCollector: 	at android.os.Binder.execTransact(Binder.java:1365)
11-27 19:30:55.118   709  1436 E TransitionChain: Can't collect into a chain with no transition
11-27 19:30:55.162   709  1573 E TaskPersister: File error accessing recents directory (directory doesn't exist?).
11-27 19:30:55.692   709  1573 E TaskPersister: File error accessing recents directory (directory doesn't exist?).
11-27 19:30:58.872   709  1573 E TaskPersister: File error accessing recents directory (directory doesn't exist?).
11-27 19:31:03.826   709  1573 E TaskPersister: File error accessing recents directory (directory doesn't exist?).
11-27 19:31:03.985   709   893 E AppOps  : attributionTag VCN not declared in manifest of android
11-27 19:32:15.253   709  1618 E SystemServiceRegistry: Manager wrapper not available: persistent_data_block
11-27 19:32:19.035   709   893 E AppOps  : attributionTag VCN not declared in manifest of android
11-27 19:32:19.079   709   893 E AppOps  : attributionTag VCN not declared in manifest of android
11-27 19:32:24.180   709  1573 E TaskPersister: File error accessing recents directory (directory doesn't exist?).
11-27 19:34:29.176   709   740 E AppOps  : Bad call made by uid 1000. Package "com.google.android.apps.photos" does not belong to uid 1000.
11-27 19:35:27.715   709   740 E TransitionChain: Can't collect into a chain with no transition
11-27 19:35:27.757   709  1573 E TaskPersister: File error accessing recents directory (directory doesn't exist?).
11-27 19:35:28.177   709  1573 E TaskPersister: File error accessing recents directory (directory doesn't exist?).
11-27 19:35:29.209   709   765 E BluetoothPowerStatsCollector: Cannot acquire BluetoothActivityEnergyInfo
11-27 19:35:29.209   709   765 E BluetoothPowerStatsCollector: java.util.concurrent.ExecutionException: java.lang.RuntimeException: error: 11
11-27 19:35:29.209   709   765 E BluetoothPowerStatsCollector: 	at java.util.concurrent.CompletableFuture.reportGet(CompletableFuture.java:372)
11-27 19:35:29.209   709   765 E BluetoothPowerStatsCollector: 	at java.util.concurrent.CompletableFuture.get(CompletableFuture.java:2072)
11-27 19:35:29.209   709   765 E BluetoothPowerStatsCollector: 	at com.android.server.power.stats.BluetoothPowerStatsCollector.collectBluetoothActivityInfo(BluetoothPowerStatsCollector.java:192)
11-27 19:35:29.209   709   765 E BluetoothPowerStatsCollector: 	at com.android.server.power.stats.BluetoothPowerStatsCollector.collectStats(BluetoothPowerStatsCollector.java:155)
11-27 19:35:29.209   709   765 E BluetoothPowerStatsCollector: 	at com.android.server.power.stats.PowerStatsCollector.collectAndDeliverStats(PowerStatsCollector.java:176)
11-27 19:35:29.209   709   765 E BluetoothPowerStatsCollector: 	at com.android.server.power.stats.PowerStatsCollector$$ExternalSyntheticLambda0.run(R8$$SyntheticClass:0)
11-27 19:35:29.209   709   765 E BluetoothPowerStatsCollector: 	at android.os.Handler.handleCallback(Handler.java:995)
11-27 19:35:29.209   709   765 E BluetoothPowerStatsCollector: 	at android.os.Handler.dispatchMessage(Handler.java:103)
11-27 19:35:29.209   709   765 E BluetoothPowerStatsCollector: 	at android.os.Looper.loopOnce(Looper.java:248)
11-27 19:35:29.209   709   765 E BluetoothPowerStatsCollector: 	at android.os.Looper.loop(Looper.java:338)
11-27 19:35:29.209   709   765 E BluetoothPowerStatsCollector: 	at android.os.HandlerThread.run(HandlerThread.java:85)
11-27 19:35:29.209   709   765 E BluetoothPowerStatsCollector: Caused by: java.lang.RuntimeException: error: 11
11-27 19:35:29.209   709   765 E BluetoothPowerStatsCollector: 	at com.android.server.power.stats.BluetoothPowerStatsCollector$1.onBluetoothActivityEnergyInfoError(BluetoothPowerStatsCollector.java:181)
11-27 19:35:29.209   709   765 E BluetoothPowerStatsCollector: 	at android.bluetooth.BluetoothAdapter$OnBluetoothActivityEnergyInfoProxy.lambda$onBluetoothActivityEnergyInfoAvailable$0(BluetoothAdapter.java:1037)
11-27 19:35:29.209   709   765 E BluetoothPowerStatsCollector: 	at android.bluetooth.BluetoothAdapter$OnBluetoothActivityEnergyInfoProxy$$ExternalSyntheticLambda1.run(D8$$SyntheticClass:0)
11-27 19:35:29.209   709   765 E BluetoothPowerStatsCollector: 	at android.bluetooth.BluetoothUtils.lambda$executeFromBinder$0(BluetoothUtils.java:343)
11-27 19:35:29.209   709   765 E BluetoothPowerStatsCollector: 	at android.bluetooth.BluetoothUtils$$ExternalSyntheticLambda1.run(D8$$SyntheticClass:0)
11-27 19:35:29.209   709   765 E BluetoothPowerStatsCollector: 	at com.android.server.SystemServerInitThreadPool$$ExternalSyntheticLambda0.execute(R8$$SyntheticClass:0)
11-27 19:35:29.209   709   765 E BluetoothPowerStatsCollector: 	at android.bluetooth.BluetoothUtils.executeFromBinder(BluetoothUtils.java:343)
11-27 19:35:29.209   709   765 E BluetoothPowerStatsCollector: 	at android.bluetooth.BluetoothAdapter$OnBluetoothActivityEnergyInfoProxy.onBluetoothActivityEnergyInfoAvailable(BluetoothAdapter.java:1035)
11-27 19:35:29.209   709   765 E BluetoothPowerStatsCollector: 	at android.bluetooth.IBluetoothActivityEnergyInfoListener$Stub.onTransact(IBluetoothActivityEnergyInfoListener.java:98)
11-27 19:35:29.209   709   765 E BluetoothPowerStatsCollector: 	at android.os.Binder.execTransactInternal(Binder.java:1426)
11-27 19:35:29.209   709   765 E BluetoothPowerStatsCollector: 	at android.os.Binder.execTransact(Binder.java:1365)
11-27 19:35:31.262   709  1573 E TaskPersister: File error accessing recents directory (directory doesn't exist?).
11-27 19:35:34.349   709  1573 E TaskPersister: File error accessing recents directory (directory doesn't exist?).
11-27 19:35:34.425   709   893 E AppOps  : attributionTag VCN not declared in manifest of android
11-27 19:35:38.412   709   765 E KernelCpuSpeedReader: Failed to read cpu-freq: /sys/devices/system/cpu/cpu0/cpufreq/stats/time_in_state: open failed: ENOENT (No such file or directory)
11-27 19:35:38.412   709   765 E KernelCpuSpeedReader: Failed to read cpu-freq: /sys/devices/system/cpu/cpu1/cpufreq/stats/time_in_state: open failed: ENOENT (No such file or directory)
11-27 19:35:38.412   709   765 E KernelCpuSpeedReader: Failed to read cpu-freq: /sys/devices/system/cpu/cpu2/cpufreq/stats/time_in_state: open failed: ENOENT (No such file or directory)
11-27 19:35:38.412   709   765 E KernelCpuSpeedReader: Failed to read cpu-freq: /sys/devices/system/cpu/cpu3/cpufreq/stats/time_in_state: open failed: ENOENT (No such file or directory)
11-27 19:40:26.610   709  3277 E SystemServiceRegistry: Manager wrapper not available: persistent_data_block
11-27 19:40:28.137   709   745 E AppOps  : Trying to set mode for unknown uid 10239.
11-27 19:40:28.192   709   893 E AppOps  : attributionTag VCN not declared in manifest of android
11-27 19:40:28.290   709   893 E AppOps  : attributionTag VCN not declared in manifest of android
11-27 19:40:28.643   709   845 E WindowManager: Display reconfigured outside of a transition: Display{#0 state=ON size=1344x2992 ROTATION_0}
11-27 19:40:29.615   709  2133 E TransitionController: Set visible without transition ActivityRecord{234053881 u0 host.exp.exponent/.LauncherActivity t32} playing=false caller=com.android.server.wm.ActivityRecord.makeVisibleIfNeeded:5960 
11-27 19:40:32.951   709  1573 E TaskPersister: File error accessing recents directory (directory doesn't exist?).
11-27 19:41:28.226   709   765 E BluetoothPowerStatsCollector: Cannot acquire BluetoothActivityEnergyInfo
11-27 19:41:28.226   709   765 E BluetoothPowerStatsCollector: java.util.concurrent.ExecutionException: java.lang.RuntimeException: error: 11
11-27 19:41:28.226   709   765 E BluetoothPowerStatsCollector: 	at java.util.concurrent.CompletableFuture.reportGet(CompletableFuture.java:372)
11-27 19:41:28.226   709   765 E BluetoothPowerStatsCollector: 	at java.util.concurrent.CompletableFuture.get(CompletableFuture.java:2072)
11-27 19:41:28.226   709   765 E BluetoothPowerStatsCollector: 	at com.android.server.power.stats.BluetoothPowerStatsCollector.collectBluetoothActivityInfo(BluetoothPowerStatsCollector.java:192)
11-27 19:41:28.226   709   765 E BluetoothPowerStatsCollector: 	at com.android.server.power.stats.BluetoothPowerStatsCollector.collectStats(BluetoothPowerStatsCollector.java:155)
11-27 19:41:28.226   709   765 E BluetoothPowerStatsCollector: 	at com.android.server.power.stats.PowerStatsCollector.collectAndDeliverStats(PowerStatsCollector.java:176)
11-27 19:41:28.226   709   765 E BluetoothPowerStatsCollector: 	at com.android.server.power.stats.PowerStatsCollector$$ExternalSyntheticLambda0.run(R8$$SyntheticClass:0)
11-27 19:41:28.226   709   765 E BluetoothPowerStatsCollector: 	at android.os.Handler.handleCallback(Handler.java:995)
11-27 19:41:28.226   709   765 E BluetoothPowerStatsCollector: 	at android.os.Handler.dispatchMessage(Handler.java:103)
11-27 19:41:28.226   709   765 E BluetoothPowerStatsCollector: 	at android.os.Looper.loopOnce(Looper.java:248)
11-27 19:41:28.226   709   765 E BluetoothPowerStatsCollector: 	at android.os.Looper.loop(Looper.java:338)
11-27 19:41:28.226   709   765 E BluetoothPowerStatsCollector: 	at android.os.HandlerThread.run(HandlerThread.java:85)
11-27 19:41:28.226   709   765 E BluetoothPowerStatsCollector: Caused by: java.lang.RuntimeException: error: 11
11-27 19:41:28.226   709   765 E BluetoothPowerStatsCollector: 	at com.android.server.power.stats.BluetoothPowerStatsCollector$1.onBluetoothActivityEnergyInfoError(BluetoothPowerStatsCollector.java:181)
11-27 19:41:28.226   709   765 E BluetoothPowerStatsCollector: 	at android.bluetooth.BluetoothAdapter$OnBluetoothActivityEnergyInfoProxy.lambda$onBluetoothActivityEnergyInfoAvailable$0(BluetoothAdapter.java:1037)
11-27 19:41:28.226   709   765 E BluetoothPowerStatsCollector: 	at android.bluetooth.BluetoothAdapter$OnBluetoothActivityEnergyInfoProxy$$ExternalSyntheticLambda1.run(D8$$SyntheticClass:0)
11-27 19:41:28.226   709   765 E BluetoothPowerStatsCollector: 	at android.bluetooth.BluetoothUtils.lambda$executeFromBinder$0(BluetoothUtils.java:343)
11-27 19:41:28.226   709   765 E BluetoothPowerStatsCollector: 	at android.bluetooth.BluetoothUtils$$ExternalSyntheticLambda1.run(D8$$SyntheticClass:0)
11-27 19:41:28.226   709   765 E BluetoothPowerStatsCollector: 	at com.android.server.SystemServerInitThreadPool$$ExternalSyntheticLambda0.execute(R8$$SyntheticClass:0)
11-27 19:41:28.226   709   765 E BluetoothPowerStatsCollector: 	at android.bluetooth.BluetoothUtils.executeFromBinder(BluetoothUtils.java:343)
11-27 19:41:28.226   709   765 E BluetoothPowerStatsCollector: 	at android.bluetooth.BluetoothAdapter$OnBluetoothActivityEnergyInfoProxy.onBluetoothActivityEnergyInfoAvailable(BluetoothAdapter.java:1035)
11-27 19:41:28.226   709   765 E BluetoothPowerStatsCollector: 	at android.bluetooth.IBluetoothActivityEnergyInfoListener$Stub.onTransact(IBluetoothActivityEnergyInfoListener.java:98)
11-27 19:41:28.226   709   765 E BluetoothPowerStatsCollector: 	at android.os.Binder.execTransactInternal(Binder.java:1426)
11-27 19:41:28.226   709   765 E BluetoothPowerStatsCollector: 	at android.os.Binder.execTransact(Binder.java:1365)
11-27 19:46:27.919   709   845 E WindowManager: Display reconfigured outside of a transition: Display{#0 state=ON size=1344x2992 ROTATION_0}
11-27 19:46:31.448   709  1573 E TaskPersister: File error accessing recents directory (directory doesn't exist?).
11-27 19:46:38.907   709   748 E BLASTSyncEngine: WM sent Transaction (#93, Transition-OPEN, tx=3045131821909) to organizer, but never received commit callback. Application ANR likely to follow.
