11-27 19:46:42.439   709  1573 E TaskPersister: File error accessing recents directory (directory doesn't exist?).
11-27 19:46:56.208   709   765 E BluetoothPowerStatsCollector: Cannot acquire BluetoothActivityEnergyInfo
11-27 19:46:56.208   709   765 E BluetoothPowerStatsCollector: java.util.concurrent.ExecutionException: java.lang.RuntimeException: error: 11
11-27 19:46:56.208   709   765 E BluetoothPowerStatsCollector: 	at java.util.concurrent.CompletableFuture.reportGet(CompletableFuture.java:372)
11-27 19:46:56.208   709   765 E BluetoothPowerStatsCollector: 	at java.util.concurrent.CompletableFuture.get(CompletableFuture.java:2072)
11-27 19:46:56.208   709   765 E BluetoothPowerStatsCollector: 	at com.android.server.power.stats.BluetoothPowerStatsCollector.collectBluetoothActivityInfo(BluetoothPowerStatsCollector.java:192)
11-27 19:46:56.208   709   765 E BluetoothPowerStatsCollector: 	at com.android.server.power.stats.BluetoothPowerStatsCollector.collectStats(BluetoothPowerStatsCollector.java:155)
11-27 19:46:56.208   709   765 E BluetoothPowerStatsCollector: 	at com.android.server.power.stats.PowerStatsCollector.collectAndDeliverStats(PowerStatsCollector.java:176)
11-27 19:46:56.208   709   765 E BluetoothPowerStatsCollector: 	at com.android.server.power.stats.PowerStatsCollector$$ExternalSyntheticLambda0.run(R8$$SyntheticClass:0)
11-27 19:46:56.208   709   765 E BluetoothPowerStatsCollector: 	at android.os.Handler.handleCallback(Handler.java:995)
11-27 19:46:56.208   709   765 E BluetoothPowerStatsCollector: 	at android.os.Handler.dispatchMessage(Handler.java:103)
11-27 19:46:56.208   709   765 E BluetoothPowerStatsCollector: 	at android.os.Looper.loopOnce(Looper.java:248)
11-27 19:46:56.208   709   765 E BluetoothPowerStatsCollector: 	at android.os.Looper.loop(Looper.java:338)
11-27 19:46:56.208   709   765 E BluetoothPowerStatsCollector: 	at android.os.HandlerThread.run(HandlerThread.java:85)
11-27 19:46:56.208   709   765 E BluetoothPowerStatsCollector: Caused by: java.lang.RuntimeException: error: 11
11-27 19:46:56.208   709   765 E BluetoothPowerStatsCollector: 	at com.android.server.power.stats.BluetoothPowerStatsCollector$1.onBluetoothActivityEnergyInfoError(BluetoothPowerStatsCollector.java:181)
11-27 19:46:56.208   709   765 E BluetoothPowerStatsCollector: 	at android.bluetooth.BluetoothAdapter$OnBluetoothActivityEnergyInfoProxy.lambda$onBluetoothActivityEnergyInfoAvailable$0(BluetoothAdapter.java:1037)
11-27 19:46:56.208   709   765 E BluetoothPowerStatsCollector: 	at android.bluetooth.BluetoothAdapter$OnBluetoothActivityEnergyInfoProxy$$ExternalSyntheticLambda1.run(D8$$SyntheticClass:0)
11-27 19:46:56.208   709   765 E BluetoothPowerStatsCollector: 	at android.bluetooth.BluetoothUtils.lambda$executeFromBinder$0(BluetoothUtils.java:343)
11-27 19:46:56.208   709   765 E BluetoothPowerStatsCollector: 	at android.bluetooth.BluetoothUtils$$ExternalSyntheticLambda1.run(D8$$SyntheticClass:0)
11-27 19:46:56.208   709   765 E BluetoothPowerStatsCollector: 	at com.android.server.SystemServerInitThreadPool$$ExternalSyntheticLambda0.execute(R8$$SyntheticClass:0)
11-27 19:46:56.208   709   765 E BluetoothPowerStatsCollector: 	at android.bluetooth.BluetoothUtils.executeFromBinder(BluetoothUtils.java:343)
11-27 19:46:56.208   709   765 E BluetoothPowerStatsCollector: 	at android.bluetooth.BluetoothAdapter$OnBluetoothActivityEnergyInfoProxy.onBluetoothActivityEnergyInfoAvailable(BluetoothAdapter.java:1035)
11-27 19:46:56.208   709   765 E BluetoothPowerStatsCollector: 	at android.bluetooth.IBluetoothActivityEnergyInfoListener$Stub.onTransact(IBluetoothActivityEnergyInfoListener.java:98)
11-27 19:46:56.208   709   765 E BluetoothPowerStatsCollector: 	at android.os.Binder.execTransactInternal(Binder.java:1426)
11-27 19:46:56.208   709   765 E BluetoothPowerStatsCollector: 	at android.os.Binder.execTransact(Binder.java:1365)
11-27 19:53:19.524   709   765 E BluetoothPowerStatsCollector: Cannot acquire BluetoothActivityEnergyInfo
11-27 19:53:19.524   709   765 E BluetoothPowerStatsCollector: java.util.concurrent.ExecutionException: java.lang.RuntimeException: error: 11
11-27 19:53:19.524   709   765 E BluetoothPowerStatsCollector: 	at java.util.concurrent.CompletableFuture.reportGet(CompletableFuture.java:372)
11-27 19:53:19.524   709   765 E BluetoothPowerStatsCollector: 	at java.util.concurrent.CompletableFuture.get(CompletableFuture.java:2072)
11-27 19:53:19.524   709   765 E BluetoothPowerStatsCollector: 	at com.android.server.power.stats.BluetoothPowerStatsCollector.collectBluetoothActivityInfo(BluetoothPowerStatsCollector.java:192)
11-27 19:53:19.524   709   765 E BluetoothPowerStatsCollector: 	at com.android.server.power.stats.BluetoothPowerStatsCollector.collectStats(BluetoothPowerStatsCollector.java:155)
11-27 19:53:19.524   709   765 E BluetoothPowerStatsCollector: 	at com.android.server.power.stats.PowerStatsCollector.collectAndDeliverStats(PowerStatsCollector.java:176)
11-27 19:53:19.524   709   765 E BluetoothPowerStatsCollector: 	at com.android.server.power.stats.PowerStatsCollector$$ExternalSyntheticLambda0.run(R8$$SyntheticClass:0)
11-27 19:53:19.524   709   765 E BluetoothPowerStatsCollector: 	at android.os.Handler.handleCallback(Handler.java:995)
11-27 19:53:19.524   709   765 E BluetoothPowerStatsCollector: 	at android.os.Handler.dispatchMessage(Handler.java:103)
11-27 19:53:19.524   709   765 E BluetoothPowerStatsCollector: 	at android.os.Looper.loopOnce(Looper.java:248)
11-27 19:53:19.524   709   765 E BluetoothPowerStatsCollector: 	at android.os.Looper.loop(Looper.java:338)
11-27 19:53:19.524   709   765 E BluetoothPowerStatsCollector: 	at android.os.HandlerThread.run(HandlerThread.java:85)
11-27 19:53:19.524   709   765 E BluetoothPowerStatsCollector: Caused by: java.lang.RuntimeException: error: 11
11-27 19:53:19.524   709   765 E BluetoothPowerStatsCollector: 	at com.android.server.power.stats.BluetoothPowerStatsCollector$1.onBluetoothActivityEnergyInfoError(BluetoothPowerStatsCollector.java:181)
11-27 19:53:19.524   709   765 E BluetoothPowerStatsCollector: 	at android.bluetooth.BluetoothAdapter$OnBluetoothActivityEnergyInfoProxy.lambda$onBluetoothActivityEnergyInfoAvailable$0(BluetoothAdapter.java:1037)
11-27 19:53:19.524   709   765 E BluetoothPowerStatsCollector: 	at android.bluetooth.BluetoothAdapter$OnBluetoothActivityEnergyInfoProxy$$ExternalSyntheticLambda1.run(D8$$SyntheticClass:0)
11-27 19:53:19.524   709   765 E BluetoothPowerStatsCollector: 	at android.bluetooth.BluetoothUtils.lambda$executeFromBinder$0(BluetoothUtils.java:343)
11-27 19:53:19.524   709   765 E BluetoothPowerStatsCollector: 	at android.bluetooth.BluetoothUtils$$ExternalSyntheticLambda1.run(D8$$SyntheticClass:0)
11-27 19:53:19.524   709   765 E BluetoothPowerStatsCollector: 	at com.android.server.SystemServerInitThreadPool$$ExternalSyntheticLambda0.execute(R8$$SyntheticClass:0)
11-27 19:53:19.524   709   765 E BluetoothPowerStatsCollector: 	at android.bluetooth.BluetoothUtils.executeFromBinder(BluetoothUtils.java:343)
11-27 19:53:19.524   709   765 E BluetoothPowerStatsCollector: 	at android.bluetooth.BluetoothAdapter$OnBluetoothActivityEnergyInfoProxy.onBluetoothActivityEnergyInfoAvailable(BluetoothAdapter.java:1035)
11-27 19:53:19.524   709   765 E BluetoothPowerStatsCollector: 	at android.bluetooth.IBluetoothActivityEnergyInfoListener$Stub.onTransact(IBluetoothActivityEnergyInfoListener.java:98)
11-27 19:53:19.524   709   765 E BluetoothPowerStatsCollector: 	at android.os.Binder.execTransactInternal(Binder.java:1426)
11-27 19:53:19.524   709   765 E BluetoothPowerStatsCollector: 	at android.os.Binder.execTransact(Binder.java:1365)
11-27 19:53:22.584   709  1615 E AppOps  : Bad call made by uid 1000. Package "com.google.android.apps.photos" does not belong to uid 1000.
11-27 19:53:26.656   709  1573 E TaskPersister: File error accessing recents directory (directory doesn't exist?).
11-27 19:53:30.405   709  1573 E TaskPersister: File error accessing recents directory (directory doesn't exist?).
11-27 19:53:32.596   709  1619 E ClipboardService: Denying clipboard access to com.android.chrome, application is not in focus nor is it a system service for user 0
11-27 19:53:35.567   709   765 E KernelCpuSpeedReader: Failed to read cpu-freq: /sys/devices/system/cpu/cpu0/cpufreq/stats/time_in_state: open failed: ENOENT (No such file or directory)
11-27 19:53:35.567   709   765 E KernelCpuSpeedReader: Failed to read cpu-freq: /sys/devices/system/cpu/cpu1/cpufreq/stats/time_in_state: open failed: ENOENT (No such file or directory)
11-27 19:53:35.567   709   765 E KernelCpuSpeedReader: Failed to read cpu-freq: /sys/devices/system/cpu/cpu2/cpufreq/stats/time_in_state: open failed: ENOENT (No such file or directory)
11-27 19:53:35.567   709   765 E KernelCpuSpeedReader: Failed to read cpu-freq: /sys/devices/system/cpu/cpu3/cpufreq/stats/time_in_state: open failed: ENOENT (No such file or directory)
11-27 19:53:35.722   709   765 E KernelCpuSpeedReader: Failed to read cpu-freq: /sys/devices/system/cpu/cpu0/cpufreq/stats/time_in_state: open failed: ENOENT (No such file or directory)
11-27 19:53:35.722   709   765 E KernelCpuSpeedReader: Failed to read cpu-freq: /sys/devices/system/cpu/cpu1/cpufreq/stats/time_in_state: open failed: ENOENT (No such file or directory)
11-27 19:53:35.723   709   765 E KernelCpuSpeedReader: Failed to read cpu-freq: /sys/devices/system/cpu/cpu2/cpufreq/stats/time_in_state: open failed: ENOENT (No such file or directory)
11-27 19:53:35.723   709   765 E KernelCpuSpeedReader: Failed to read cpu-freq: /sys/devices/system/cpu/cpu3/cpufreq/stats/time_in_state: open failed: ENOENT (No such file or directory)
11-27 19:53:37.327   709   765 E KernelCpuSpeedReader: Failed to read cpu-freq: /sys/devices/system/cpu/cpu0/cpufreq/stats/time_in_state: open failed: ENOENT (No such file or directory)
11-27 19:53:37.327   709   765 E KernelCpuSpeedReader: Failed to read cpu-freq: /sys/devices/system/cpu/cpu1/cpufreq/stats/time_in_state: open failed: ENOENT (No such file or directory)
11-27 19:53:37.327   709   765 E KernelCpuSpeedReader: Failed to read cpu-freq: /sys/devices/system/cpu/cpu2/cpufreq/stats/time_in_state: open failed: ENOENT (No such file or directory)
11-27 19:53:37.327   709   765 E KernelCpuSpeedReader: Failed to read cpu-freq: /sys/devices/system/cpu/cpu3/cpufreq/stats/time_in_state: open failed: ENOENT (No such file or directory)
11-27 19:53:37.634   709   765 E KernelCpuSpeedReader: Failed to read cpu-freq: /sys/devices/system/cpu/cpu0/cpufreq/stats/time_in_state: open failed: ENOENT (No such file or directory)
11-27 19:53:37.634   709   765 E KernelCpuSpeedReader: Failed to read cpu-freq: /sys/devices/system/cpu/cpu1/cpufreq/stats/time_in_state: open failed: ENOENT (No such file or directory)
11-27 19:53:37.634   709   765 E KernelCpuSpeedReader: Failed to read cpu-freq: /sys/devices/system/cpu/cpu2/cpufreq/stats/time_in_state: open failed: ENOENT (No such file or directory)
11-27 19:53:37.634   709   765 E KernelCpuSpeedReader: Failed to read cpu-freq: /sys/devices/system/cpu/cpu3/cpufreq/stats/time_in_state: open failed: ENOENT (No such file or directory)
11-27 19:53:37.769   709  1976 E ProcessStats: Executing service ServiceState{6b4b0c org.chromium.content.app.SandboxedProcessService0 pkg=com.android.chrome proc=395f616} without owner
11-27 19:53:37.782   709  1976 E ProcessStats: Binding service ServiceState{6b4b0c org.chromium.content.app.SandboxedProcessService0 pkg=com.android.chrome proc=395f616} without owner
11-27 19:53:37.783   709  1976 E ProcessStats: Starting service ServiceState{6b4b0c org.chromium.content.app.SandboxedProcessService0 pkg=com.android.chrome proc=395f616} without owner
11-27 19:53:37.783   709  1976 E ProcessStats: Binding service ServiceState{6b4b0c org.chromium.content.app.SandboxedProcessService0 pkg=com.android.chrome proc=395f616} without owner
11-27 19:53:37.816   709   765 E KernelCpuSpeedReader: Failed to read cpu-freq: /sys/devices/system/cpu/cpu0/cpufreq/stats/time_in_state: open failed: ENOENT (No such file or directory)
11-27 19:53:37.819   709   765 E KernelCpuSpeedReader: Failed to read cpu-freq: /sys/devices/system/cpu/cpu1/cpufreq/stats/time_in_state: open failed: ENOENT (No such file or directory)
11-27 19:53:37.819   709   765 E KernelCpuSpeedReader: Failed to read cpu-freq: /sys/devices/system/cpu/cpu2/cpufreq/stats/time_in_state: open failed: ENOENT (No such file or directory)
11-27 19:53:37.819   709   765 E KernelCpuSpeedReader: Failed to read cpu-freq: /sys/devices/system/cpu/cpu3/cpufreq/stats/time_in_state: open failed: ENOENT (No such file or directory)
11-27 19:53:38.357   709   765 E KernelCpuSpeedReader: Failed to read cpu-freq: /sys/devices/system/cpu/cpu0/cpufreq/stats/time_in_state: open failed: ENOENT (No such file or directory)
11-27 19:53:38.357   709   765 E KernelCpuSpeedReader: Failed to read cpu-freq: /sys/devices/system/cpu/cpu1/cpufreq/stats/time_in_state: open failed: ENOENT (No such file or directory)
11-27 19:53:38.357   709   765 E KernelCpuSpeedReader: Failed to read cpu-freq: /sys/devices/system/cpu/cpu2/cpufreq/stats/time_in_state: open failed: ENOENT (No such file or directory)
11-27 19:53:38.357   709   765 E KernelCpuSpeedReader: Failed to read cpu-freq: /sys/devices/system/cpu/cpu3/cpufreq/stats/time_in_state: open failed: ENOENT (No such file or directory)
11-27 19:53:38.701   709   765 E KernelCpuSpeedReader: Failed to read cpu-freq: /sys/devices/system/cpu/cpu0/cpufreq/stats/time_in_state: open failed: ENOENT (No such file or directory)
11-27 19:53:38.701   709   765 E KernelCpuSpeedReader: Failed to read cpu-freq: /sys/devices/system/cpu/cpu1/cpufreq/stats/time_in_state: open failed: ENOENT (No such file or directory)
11-27 19:53:38.701   709   765 E KernelCpuSpeedReader: Failed to read cpu-freq: /sys/devices/system/cpu/cpu2/cpufreq/stats/time_in_state: open failed: ENOENT (No such file or directory)
11-27 19:53:38.701   709   765 E KernelCpuSpeedReader: Failed to read cpu-freq: /sys/devices/system/cpu/cpu3/cpufreq/stats/time_in_state: open failed: ENOENT (No such file or directory)
11-27 19:53:38.867   709   765 E KernelCpuSpeedReader: Failed to read cpu-freq: /sys/devices/system/cpu/cpu0/cpufreq/stats/time_in_state: open failed: ENOENT (No such file or directory)
11-27 19:53:38.869   709   765 E KernelCpuSpeedReader: Failed to read cpu-freq: /sys/devices/system/cpu/cpu1/cpufreq/stats/time_in_state: open failed: ENOENT (No such file or directory)
11-27 19:53:38.869   709   765 E KernelCpuSpeedReader: Failed to read cpu-freq: /sys/devices/system/cpu/cpu2/cpufreq/stats/time_in_state: open failed: ENOENT (No such file or directory)
11-27 19:53:38.869   709   765 E KernelCpuSpeedReader: Failed to read cpu-freq: /sys/devices/system/cpu/cpu3/cpufreq/stats/time_in_state: open failed: ENOENT (No such file or directory)
11-27 19:53:38.870   709   765 E KernelCpuSpeedReader: Failed to read cpu-freq: /sys/devices/system/cpu/cpu0/cpufreq/stats/time_in_state: open failed: ENOENT (No such file or directory)
11-27 19:53:38.870   709   765 E KernelCpuSpeedReader: Failed to read cpu-freq: /sys/devices/system/cpu/cpu1/cpufreq/stats/time_in_state: open failed: ENOENT (No such file or directory)
11-27 19:53:38.870   709   765 E KernelCpuSpeedReader: Failed to read cpu-freq: /sys/devices/system/cpu/cpu2/cpufreq/stats/time_in_state: open failed: ENOENT (No such file or directory)
11-27 19:53:38.870   709   765 E KernelCpuSpeedReader: Failed to read cpu-freq: /sys/devices/system/cpu/cpu3/cpufreq/stats/time_in_state: open failed: ENOENT (No such file or directory)
11-27 19:53:57.643   709   765 E KernelCpuSpeedReader: Failed to read cpu-freq: /sys/devices/system/cpu/cpu0/cpufreq/stats/time_in_state: open failed: ENOENT (No such file or directory)
11-27 19:53:57.643   709   765 E KernelCpuSpeedReader: Failed to read cpu-freq: /sys/devices/system/cpu/cpu1/cpufreq/stats/time_in_state: open failed: ENOENT (No such file or directory)
11-27 19:53:57.643   709   765 E KernelCpuSpeedReader: Failed to read cpu-freq: /sys/devices/system/cpu/cpu2/cpufreq/stats/time_in_state: open failed: ENOENT (No such file or directory)
11-27 19:53:57.643   709   765 E KernelCpuSpeedReader: Failed to read cpu-freq: /sys/devices/system/cpu/cpu3/cpufreq/stats/time_in_state: open failed: ENOENT (No such file or directory)
11-27 19:54:09.965   709  2135 E AppOps  : attributionTag  not declared in manifest of com.android.chrome
11-27 19:54:09.969   709  1619 E AppOps  : attributionTag  not declared in manifest of com.android.chrome
11-27 19:54:11.331   709   765 E KernelCpuSpeedReader: Failed to read cpu-freq: /sys/devices/system/cpu/cpu0/cpufreq/stats/time_in_state: open failed: ENOENT (No such file or directory)
11-27 19:54:11.332   709   765 E KernelCpuSpeedReader: Failed to read cpu-freq: /sys/devices/system/cpu/cpu1/cpufreq/stats/time_in_state: open failed: ENOENT (No such file or directory)
11-27 19:54:11.332   709   765 E KernelCpuSpeedReader: Failed to read cpu-freq: /sys/devices/system/cpu/cpu2/cpufreq/stats/time_in_state: open failed: ENOENT (No such file or directory)
11-27 19:54:11.332   709   765 E KernelCpuSpeedReader: Failed to read cpu-freq: /sys/devices/system/cpu/cpu3/cpufreq/stats/time_in_state: open failed: ENOENT (No such file or directory)
11-27 19:54:25.957   709   765 E KernelCpuSpeedReader: Failed to read cpu-freq: /sys/devices/system/cpu/cpu0/cpufreq/stats/time_in_state: open failed: ENOENT (No such file or directory)
11-27 19:54:25.957   709   765 E KernelCpuSpeedReader: Failed to read cpu-freq: /sys/devices/system/cpu/cpu1/cpufreq/stats/time_in_state: open failed: ENOENT (No such file or directory)
11-27 19:54:25.957   709   765 E KernelCpuSpeedReader: Failed to read cpu-freq: /sys/devices/system/cpu/cpu2/cpufreq/stats/time_in_state: open failed: ENOENT (No such file or directory)
11-27 19:54:25.957   709   765 E KernelCpuSpeedReader: Failed to read cpu-freq: /sys/devices/system/cpu/cpu3/cpufreq/stats/time_in_state: open failed: ENOENT (No such file or directory)
11-27 19:54:29.891   709  1246 E AppOps  : attributionTag  not declared in manifest of com.android.chrome
11-27 19:54:29.891   709  1246 E AppOps  : attributionTag  not declared in manifest of com.android.chrome
11-27 19:54:29.902   709   765 E KernelCpuSpeedReader: Failed to read cpu-freq: /sys/devices/system/cpu/cpu0/cpufreq/stats/time_in_state: open failed: ENOENT (No such file or directory)
11-27 19:54:29.902   709   765 E KernelCpuSpeedReader: Failed to read cpu-freq: /sys/devices/system/cpu/cpu1/cpufreq/stats/time_in_state: open failed: ENOENT (No such file or directory)
11-27 19:54:29.902   709   765 E KernelCpuSpeedReader: Failed to read cpu-freq: /sys/devices/system/cpu/cpu2/cpufreq/stats/time_in_state: open failed: ENOENT (No such file or directory)
11-27 19:54:29.902   709   765 E KernelCpuSpeedReader: Failed to read cpu-freq: /sys/devices/system/cpu/cpu3/cpufreq/stats/time_in_state: open failed: ENOENT (No such file or directory)
11-27 19:54:32.095   709   765 E KernelCpuSpeedReader: Failed to read cpu-freq: /sys/devices/system/cpu/cpu0/cpufreq/stats/time_in_state: open failed: ENOENT (No such file or directory)
11-27 19:54:32.095   709   765 E KernelCpuSpeedReader: Failed to read cpu-freq: /sys/devices/system/cpu/cpu1/cpufreq/stats/time_in_state: open failed: ENOENT (No such file or directory)
11-27 19:54:32.095   709   765 E KernelCpuSpeedReader: Failed to read cpu-freq: /sys/devices/system/cpu/cpu2/cpufreq/stats/time_in_state: open failed: ENOENT (No such file or directory)
11-27 19:54:32.096   709   765 E KernelCpuSpeedReader: Failed to read cpu-freq: /sys/devices/system/cpu/cpu3/cpufreq/stats/time_in_state: open failed: ENOENT (No such file or directory)
11-27 19:54:34.371   709   765 E KernelCpuSpeedReader: Failed to read cpu-freq: /sys/devices/system/cpu/cpu0/cpufreq/stats/time_in_state: open failed: ENOENT (No such file or directory)
11-27 19:54:34.372   709   765 E KernelCpuSpeedReader: Failed to read cpu-freq: /sys/devices/system/cpu/cpu1/cpufreq/stats/time_in_state: open failed: ENOENT (No such file or directory)
11-27 19:54:34.372   709   765 E KernelCpuSpeedReader: Failed to read cpu-freq: /sys/devices/system/cpu/cpu2/cpufreq/stats/time_in_state: open failed: ENOENT (No such file or directory)
11-27 19:54:34.372   709   765 E KernelCpuSpeedReader: Failed to read cpu-freq: /sys/devices/system/cpu/cpu3/cpufreq/stats/time_in_state: open failed: ENOENT (No such file or directory)
11-27 19:54:36.821   709   765 E KernelCpuSpeedReader: Failed to read cpu-freq: /sys/devices/system/cpu/cpu0/cpufreq/stats/time_in_state: open failed: ENOENT (No such file or directory)
11-27 19:54:36.821   709   765 E KernelCpuSpeedReader: Failed to read cpu-freq: /sys/devices/system/cpu/cpu1/cpufreq/stats/time_in_state: open failed: ENOENT (No such file or directory)
11-27 19:54:36.821   709   765 E KernelCpuSpeedReader: Failed to read cpu-freq: /sys/devices/system/cpu/cpu2/cpufreq/stats/time_in_state: open failed: ENOENT (No such file or directory)
11-27 19:54:36.821   709   765 E KernelCpuSpeedReader: Failed to read cpu-freq: /sys/devices/system/cpu/cpu3/cpufreq/stats/time_in_state: open failed: ENOENT (No such file or directory)
11-27 19:54:39.401   709   765 E KernelCpuSpeedReader: Failed to read cpu-freq: /sys/devices/system/cpu/cpu0/cpufreq/stats/time_in_state: open failed: ENOENT (No such file or directory)
11-27 19:54:39.401   709   765 E KernelCpuSpeedReader: Failed to read cpu-freq: /sys/devices/system/cpu/cpu1/cpufreq/stats/time_in_state: open failed: ENOENT (No such file or directory)
11-27 19:54:39.401   709   765 E KernelCpuSpeedReader: Failed to read cpu-freq: /sys/devices/system/cpu/cpu2/cpufreq/stats/time_in_state: open failed: ENOENT (No such file or directory)
11-27 19:54:39.401   709   765 E KernelCpuSpeedReader: Failed to read cpu-freq: /sys/devices/system/cpu/cpu3/cpufreq/stats/time_in_state: open failed: ENOENT (No such file or directory)
11-27 19:54:42.095   709   765 E KernelCpuSpeedReader: Failed to read cpu-freq: /sys/devices/system/cpu/cpu0/cpufreq/stats/time_in_state: open failed: ENOENT (No such file or directory)
11-27 19:54:42.095   709   765 E KernelCpuSpeedReader: Failed to read cpu-freq: /sys/devices/system/cpu/cpu1/cpufreq/stats/time_in_state: open failed: ENOENT (No such file or directory)
11-27 19:54:42.096   709   765 E KernelCpuSpeedReader: Failed to read cpu-freq: /sys/devices/system/cpu/cpu2/cpufreq/stats/time_in_state: open failed: ENOENT (No such file or directory)
11-27 19:54:42.096   709   765 E KernelCpuSpeedReader: Failed to read cpu-freq: /sys/devices/system/cpu/cpu3/cpufreq/stats/time_in_state: open failed: ENOENT (No such file or directory)
11-27 19:54:44.952   709   765 E KernelCpuSpeedReader: Failed to read cpu-freq: /sys/devices/system/cpu/cpu0/cpufreq/stats/time_in_state: open failed: ENOENT (No such file or directory)
11-27 19:54:44.952   709   765 E KernelCpuSpeedReader: Failed to read cpu-freq: /sys/devices/system/cpu/cpu1/cpufreq/stats/time_in_state: open failed: ENOENT (No such file or directory)
11-27 19:54:44.952   709   765 E KernelCpuSpeedReader: Failed to read cpu-freq: /sys/devices/system/cpu/cpu2/cpufreq/stats/time_in_state: open failed: ENOENT (No such file or directory)
11-27 19:54:44.952   709   765 E KernelCpuSpeedReader: Failed to read cpu-freq: /sys/devices/system/cpu/cpu3/cpufreq/stats/time_in_state: open failed: ENOENT (No such file or directory)
11-27 19:54:47.952   709   765 E KernelCpuSpeedReader: Failed to read cpu-freq: /sys/devices/system/cpu/cpu0/cpufreq/stats/time_in_state: open failed: ENOENT (No such file or directory)
11-27 19:54:47.953   709   765 E KernelCpuSpeedReader: Failed to read cpu-freq: /sys/devices/system/cpu/cpu1/cpufreq/stats/time_in_state: open failed: ENOENT (No such file or directory)
11-27 19:54:47.953   709   765 E KernelCpuSpeedReader: Failed to read cpu-freq: /sys/devices/system/cpu/cpu2/cpufreq/stats/time_in_state: open failed: ENOENT (No such file or directory)
11-27 19:54:47.953   709   765 E KernelCpuSpeedReader: Failed to read cpu-freq: /sys/devices/system/cpu/cpu3/cpufreq/stats/time_in_state: open failed: ENOENT (No such file or directory)
11-27 19:54:51.284   709   765 E KernelCpuSpeedReader: Failed to read cpu-freq: /sys/devices/system/cpu/cpu0/cpufreq/stats/time_in_state: open failed: ENOENT (No such file or directory)
11-27 19:54:51.287   709   765 E KernelCpuSpeedReader: Failed to read cpu-freq: /sys/devices/system/cpu/cpu1/cpufreq/stats/time_in_state: open failed: ENOENT (No such file or directory)
11-27 19:54:51.287   709   765 E KernelCpuSpeedReader: Failed to read cpu-freq: /sys/devices/system/cpu/cpu2/cpufreq/stats/time_in_state: open failed: ENOENT (No such file or directory)
11-27 19:54:51.287   709   765 E KernelCpuSpeedReader: Failed to read cpu-freq: /sys/devices/system/cpu/cpu3/cpufreq/stats/time_in_state: open failed: ENOENT (No such file or directory)
11-27 19:54:54.980   709   765 E KernelCpuSpeedReader: Failed to read cpu-freq: /sys/devices/system/cpu/cpu0/cpufreq/stats/time_in_state: open failed: ENOENT (No such file or directory)
11-27 19:54:54.980   709   765 E KernelCpuSpeedReader: Failed to read cpu-freq: /sys/devices/system/cpu/cpu1/cpufreq/stats/time_in_state: open failed: ENOENT (No such file or directory)
11-27 19:54:54.980   709   765 E KernelCpuSpeedReader: Failed to read cpu-freq: /sys/devices/system/cpu/cpu2/cpufreq/stats/time_in_state: open failed: ENOENT (No such file or directory)
11-27 19:54:54.980   709   765 E KernelCpuSpeedReader: Failed to read cpu-freq: /sys/devices/system/cpu/cpu3/cpufreq/stats/time_in_state: open failed: ENOENT (No such file or directory)
11-27 19:54:58.828   709   765 E KernelCpuSpeedReader: Failed to read cpu-freq: /sys/devices/system/cpu/cpu0/cpufreq/stats/time_in_state: open failed: ENOENT (No such file or directory)
11-27 19:54:58.828   709   765 E KernelCpuSpeedReader: Failed to read cpu-freq: /sys/devices/system/cpu/cpu1/cpufreq/stats/time_in_state: open failed: ENOENT (No such file or directory)
11-27 19:54:58.828   709   765 E KernelCpuSpeedReader: Failed to read cpu-freq: /sys/devices/system/cpu/cpu2/cpufreq/stats/time_in_state: open failed: ENOENT (No such file or directory)
11-27 19:54:58.828   709   765 E KernelCpuSpeedReader: Failed to read cpu-freq: /sys/devices/system/cpu/cpu3/cpufreq/stats/time_in_state: open failed: ENOENT (No such file or directory)
11-27 19:55:03.171   709   765 E KernelCpuSpeedReader: Failed to read cpu-freq: /sys/devices/system/cpu/cpu0/cpufreq/stats/time_in_state: open failed: ENOENT (No such file or directory)
11-27 19:55:03.171   709   765 E KernelCpuSpeedReader: Failed to read cpu-freq: /sys/devices/system/cpu/cpu1/cpufreq/stats/time_in_state: open failed: ENOENT (No such file or directory)
11-27 19:55:03.171   709   765 E KernelCpuSpeedReader: Failed to read cpu-freq: /sys/devices/system/cpu/cpu2/cpufreq/stats/time_in_state: open failed: ENOENT (No such file or directory)
11-27 19:55:03.171   709   765 E KernelCpuSpeedReader: Failed to read cpu-freq: /sys/devices/system/cpu/cpu3/cpufreq/stats/time_in_state: open failed: ENOENT (No such file or directory)
11-27 19:55:07.632   709   765 E KernelCpuSpeedReader: Failed to read cpu-freq: /sys/devices/system/cpu/cpu0/cpufreq/stats/time_in_state: open failed: ENOENT (No such file or directory)
11-27 19:55:07.632   709   765 E KernelCpuSpeedReader: Failed to read cpu-freq: /sys/devices/system/cpu/cpu1/cpufreq/stats/time_in_state: open failed: ENOENT (No such file or directory)
11-27 19:55:07.632   709   765 E KernelCpuSpeedReader: Failed to read cpu-freq: /sys/devices/system/cpu/cpu2/cpufreq/stats/time_in_state: open failed: ENOENT (No such file or directory)
11-27 19:55:07.632   709   765 E KernelCpuSpeedReader: Failed to read cpu-freq: /sys/devices/system/cpu/cpu3/cpufreq/stats/time_in_state: open failed: ENOENT (No such file or directory)
11-27 19:55:08.478   709  1708 E TransitionChain: Can't collect into a chain with no transition
11-27 19:55:08.641   709  1573 E TaskPersister: File error accessing recents directory (directory doesn't exist?).
11-27 19:55:09.642   709   765 E KernelCpuSpeedReader: Failed to read cpu-freq: /sys/devices/system/cpu/cpu0/cpufreq/stats/time_in_state: open failed: ENOENT (No such file or directory)
11-27 19:55:09.642   709   765 E KernelCpuSpeedReader: Failed to read cpu-freq: /sys/devices/system/cpu/cpu1/cpufreq/stats/time_in_state: open failed: ENOENT (No such file or directory)
11-27 19:55:09.652   709   765 E KernelCpuSpeedReader: Failed to read cpu-freq: /sys/devices/system/cpu/cpu2/cpufreq/stats/time_in_state: open failed: ENOENT (No such file or directory)
11-27 19:55:09.652   709   765 E KernelCpuSpeedReader: Failed to read cpu-freq: /sys/devices/system/cpu/cpu3/cpufreq/stats/time_in_state: open failed: ENOENT (No such file or directory)
11-27 19:55:12.655   709  1573 E TaskPersister: File error accessing recents directory (directory doesn't exist?).
11-27 20:00:00.544   709   765 E BluetoothPowerStatsCollector: Cannot acquire BluetoothActivityEnergyInfo
11-27 20:00:00.544   709   765 E BluetoothPowerStatsCollector: java.util.concurrent.ExecutionException: java.lang.RuntimeException: error: 11
11-27 20:00:00.544   709   765 E BluetoothPowerStatsCollector: 	at java.util.concurrent.CompletableFuture.reportGet(CompletableFuture.java:372)
11-27 20:00:00.544   709   765 E BluetoothPowerStatsCollector: 	at java.util.concurrent.CompletableFuture.get(CompletableFuture.java:2072)
11-27 20:00:00.544   709   765 E BluetoothPowerStatsCollector: 	at com.android.server.power.stats.BluetoothPowerStatsCollector.collectBluetoothActivityInfo(BluetoothPowerStatsCollector.java:192)
11-27 20:00:00.544   709   765 E BluetoothPowerStatsCollector: 	at com.android.server.power.stats.BluetoothPowerStatsCollector.collectStats(BluetoothPowerStatsCollector.java:155)
11-27 20:00:00.544   709   765 E BluetoothPowerStatsCollector: 	at com.android.server.power.stats.PowerStatsCollector.collectAndDeliverStats(PowerStatsCollector.java:176)
11-27 20:00:00.544   709   765 E BluetoothPowerStatsCollector: 	at com.android.server.power.stats.PowerStatsCollector$$ExternalSyntheticLambda0.run(R8$$SyntheticClass:0)
11-27 20:00:00.544   709   765 E BluetoothPowerStatsCollector: 	at android.os.Handler.handleCallback(Handler.java:995)
11-27 20:00:00.544   709   765 E BluetoothPowerStatsCollector: 	at android.os.Handler.dispatchMessage(Handler.java:103)
11-27 20:00:00.544   709   765 E BluetoothPowerStatsCollector: 	at android.os.Looper.loopOnce(Looper.java:248)
11-27 20:00:00.544   709   765 E BluetoothPowerStatsCollector: 	at android.os.Looper.loop(Looper.java:338)
11-27 20:00:00.544   709   765 E BluetoothPowerStatsCollector: 	at android.os.HandlerThread.run(HandlerThread.java:85)
11-27 20:00:00.544   709   765 E BluetoothPowerStatsCollector: Caused by: java.lang.RuntimeException: error: 11
11-27 20:00:00.544   709   765 E BluetoothPowerStatsCollector: 	at com.android.server.power.stats.BluetoothPowerStatsCollector$1.onBluetoothActivityEnergyInfoError(BluetoothPowerStatsCollector.java:181)
11-27 20:00:00.544   709   765 E BluetoothPowerStatsCollector: 	at android.bluetooth.BluetoothAdapter$OnBluetoothActivityEnergyInfoProxy.lambda$onBluetoothActivityEnergyInfoAvailable$0(BluetoothAdapter.java:1037)
11-27 20:00:00.544   709   765 E BluetoothPowerStatsCollector: 	at android.bluetooth.BluetoothAdapter$OnBluetoothActivityEnergyInfoProxy$$ExternalSyntheticLambda1.run(D8$$SyntheticClass:0)
11-27 20:00:00.544   709   765 E BluetoothPowerStatsCollector: 	at android.bluetooth.BluetoothUtils.lambda$executeFromBinder$0(BluetoothUtils.java:343)
11-27 20:00:00.544   709   765 E BluetoothPowerStatsCollector: 	at android.bluetooth.BluetoothUtils$$ExternalSyntheticLambda1.run(D8$$SyntheticClass:0)
11-27 20:00:00.544   709   765 E BluetoothPowerStatsCollector: 	at com.android.server.SystemServerInitThreadPool$$ExternalSyntheticLambda0.execute(R8$$SyntheticClass:0)
11-27 20:00:00.544   709   765 E BluetoothPowerStatsCollector: 	at android.bluetooth.BluetoothUtils.executeFromBinder(BluetoothUtils.java:343)
11-27 20:00:00.544   709   765 E BluetoothPowerStatsCollector: 	at android.bluetooth.BluetoothAdapter$OnBluetoothActivityEnergyInfoProxy.onBluetoothActivityEnergyInfoAvailable(BluetoothAdapter.java:1035)
11-27 20:00:00.544   709   765 E BluetoothPowerStatsCollector: 	at android.bluetooth.IBluetoothActivityEnergyInfoListener$Stub.onTransact(IBluetoothActivityEnergyInfoListener.java:98)
11-27 20:00:00.544   709   765 E BluetoothPowerStatsCollector: 	at android.os.Binder.execTransactInternal(Binder.java:1426)
11-27 20:00:00.544   709   765 E BluetoothPowerStatsCollector: 	at android.os.Binder.execTransact(Binder.java:1365)
11-27 20:00:00.614   709   765 E KernelCpuSpeedReader: Failed to read cpu-freq: /sys/devices/system/cpu/cpu0/cpufreq/stats/time_in_state: open failed: ENOENT (No such file or directory)
11-27 20:00:00.615   709   765 E KernelCpuSpeedReader: Failed to read cpu-freq: /sys/devices/system/cpu/cpu1/cpufreq/stats/time_in_state: open failed: ENOENT (No such file or directory)
11-27 20:00:00.615   709   765 E KernelCpuSpeedReader: Failed to read cpu-freq: /sys/devices/system/cpu/cpu2/cpufreq/stats/time_in_state: open failed: ENOENT (No such file or directory)
11-27 20:00:00.615   709   765 E KernelCpuSpeedReader: Failed to read cpu-freq: /sys/devices/system/cpu/cpu3/cpufreq/stats/time_in_state: open failed: ENOENT (No such file or directory)
11-27 20:00:00.702   709   765 E BluetoothPowerStatsCollector: Cannot acquire BluetoothActivityEnergyInfo
11-27 20:00:00.702   709   765 E BluetoothPowerStatsCollector: java.util.concurrent.ExecutionException: java.lang.RuntimeException: error: 11
11-27 20:00:00.702   709   765 E BluetoothPowerStatsCollector: 	at java.util.concurrent.CompletableFuture.reportGet(CompletableFuture.java:372)
11-27 20:00:00.702   709   765 E BluetoothPowerStatsCollector: 	at java.util.concurrent.CompletableFuture.get(CompletableFuture.java:2072)
11-27 20:00:00.702   709   765 E BluetoothPowerStatsCollector: 	at com.android.server.power.stats.BluetoothPowerStatsCollector.collectBluetoothActivityInfo(BluetoothPowerStatsCollector.java:192)
11-27 20:00:00.702   709   765 E BluetoothPowerStatsCollector: 	at com.android.server.power.stats.BluetoothPowerStatsCollector.collectStats(BluetoothPowerStatsCollector.java:155)
11-27 20:00:00.702   709   765 E BluetoothPowerStatsCollector: 	at com.android.server.power.stats.PowerStatsCollector.collectAndDeliverStats(PowerStatsCollector.java:176)
11-27 20:00:00.702   709   765 E BluetoothPowerStatsCollector: 	at com.android.server.power.stats.PowerStatsCollector$$ExternalSyntheticLambda0.run(R8$$SyntheticClass:0)
11-27 20:00:00.702   709   765 E BluetoothPowerStatsCollector: 	at android.os.Handler.handleCallback(Handler.java:995)
11-27 20:00:00.702   709   765 E BluetoothPowerStatsCollector: 	at android.os.Handler.dispatchMessage(Handler.java:103)
11-27 20:00:00.702   709   765 E BluetoothPowerStatsCollector: 	at android.os.Looper.loopOnce(Looper.java:248)
11-27 20:00:00.702   709   765 E BluetoothPowerStatsCollector: 	at android.os.Looper.loop(Looper.java:338)
11-27 20:00:00.702   709   765 E BluetoothPowerStatsCollector: 	at android.os.HandlerThread.run(HandlerThread.java:85)
11-27 20:00:00.702   709   765 E BluetoothPowerStatsCollector: Caused by: java.lang.RuntimeException: error: 11
11-27 20:00:00.702   709   765 E BluetoothPowerStatsCollector: 	at com.android.server.power.stats.BluetoothPowerStatsCollector$1.onBluetoothActivityEnergyInfoError(BluetoothPowerStatsCollector.java:181)
11-27 20:00:00.702   709   765 E BluetoothPowerStatsCollector: 	at android.bluetooth.BluetoothAdapter$OnBluetoothActivityEnergyInfoProxy.lambda$onBluetoothActivityEnergyInfoAvailable$0(BluetoothAdapter.java:1037)
11-27 20:00:00.702   709   765 E BluetoothPowerStatsCollector: 	at android.bluetooth.BluetoothAdapter$OnBluetoothActivityEnergyInfoProxy$$ExternalSyntheticLambda1.run(D8$$SyntheticClass:0)
11-27 20:00:00.702   709   765 E BluetoothPowerStatsCollector: 	at android.bluetooth.BluetoothUtils.lambda$executeFromBinder$0(BluetoothUtils.java:343)
11-27 20:00:00.702   709   765 E BluetoothPowerStatsCollector: 	at android.bluetooth.BluetoothUtils$$ExternalSyntheticLambda1.run(D8$$SyntheticClass:0)
11-27 20:00:00.702   709   765 E BluetoothPowerStatsCollector: 	at com.android.server.SystemServerInitThreadPool$$ExternalSyntheticLambda0.execute(R8$$SyntheticClass:0)
11-27 20:00:00.702   709   765 E BluetoothPowerStatsCollector: 	at android.bluetooth.BluetoothUtils.executeFromBinder(BluetoothUtils.java:343)
11-27 20:00:00.702   709   765 E BluetoothPowerStatsCollector: 	at android.bluetooth.BluetoothAdapter$OnBluetoothActivityEnergyInfoProxy.onBluetoothActivityEnergyInfoAvailable(BluetoothAdapter.java:1035)
11-27 20:00:00.702   709   765 E BluetoothPowerStatsCollector: 	at android.bluetooth.IBluetoothActivityEnergyInfoListener$Stub.onTransact(IBluetoothActivityEnergyInfoListener.java:98)
11-27 20:00:00.702   709   765 E BluetoothPowerStatsCollector: 	at android.os.Binder.execTransactInternal(Binder.java:1426)
11-27 20:00:00.702   709   765 E BluetoothPowerStatsCollector: 	at android.os.Binder.execTransact(Binder.java:1365)
11-27 20:05:38.409   709   765 E KernelCpuSpeedReader: Failed to read cpu-freq: /sys/devices/system/cpu/cpu0/cpufreq/stats/time_in_state: open failed: ENOENT (No such file or directory)
11-27 20:05:38.409   709   765 E KernelCpuSpeedReader: Failed to read cpu-freq: /sys/devices/system/cpu/cpu1/cpufreq/stats/time_in_state: open failed: ENOENT (No such file or directory)
11-27 20:05:38.409   709   765 E KernelCpuSpeedReader: Failed to read cpu-freq: /sys/devices/system/cpu/cpu2/cpufreq/stats/time_in_state: open failed: ENOENT (No such file or directory)
11-27 20:05:38.409   709   765 E KernelCpuSpeedReader: Failed to read cpu-freq: /sys/devices/system/cpu/cpu3/cpufreq/stats/time_in_state: open failed: ENOENT (No such file or directory)
11-27 20:05:38.421   709   765 E BluetoothPowerStatsCollector: Cannot acquire BluetoothActivityEnergyInfo
11-27 20:05:38.421   709   765 E BluetoothPowerStatsCollector: java.util.concurrent.ExecutionException: java.lang.RuntimeException: error: 11
11-27 20:05:38.421   709   765 E BluetoothPowerStatsCollector: 	at java.util.concurrent.CompletableFuture.reportGet(CompletableFuture.java:372)
11-27 20:05:38.421   709   765 E BluetoothPowerStatsCollector: 	at java.util.concurrent.CompletableFuture.get(CompletableFuture.java:2072)
11-27 20:05:38.421   709   765 E BluetoothPowerStatsCollector: 	at com.android.server.power.stats.BluetoothPowerStatsCollector.collectBluetoothActivityInfo(BluetoothPowerStatsCollector.java:192)
11-27 20:05:38.421   709   765 E BluetoothPowerStatsCollector: 	at com.android.server.power.stats.BluetoothPowerStatsCollector.collectStats(BluetoothPowerStatsCollector.java:155)
11-27 20:05:38.421   709   765 E BluetoothPowerStatsCollector: 	at com.android.server.power.stats.PowerStatsCollector.collectAndDeliverStats(PowerStatsCollector.java:176)
11-27 20:05:38.421   709   765 E BluetoothPowerStatsCollector: 	at com.android.server.power.stats.PowerStatsCollector$$ExternalSyntheticLambda0.run(R8$$SyntheticClass:0)
11-27 20:05:38.421   709   765 E BluetoothPowerStatsCollector: 	at android.os.Handler.handleCallback(Handler.java:995)
11-27 20:05:38.421   709   765 E BluetoothPowerStatsCollector: 	at android.os.Handler.dispatchMessage(Handler.java:103)
11-27 20:05:38.421   709   765 E BluetoothPowerStatsCollector: 	at android.os.Looper.loopOnce(Looper.java:248)
11-27 20:05:38.421   709   765 E BluetoothPowerStatsCollector: 	at android.os.Looper.loop(Looper.java:338)
11-27 20:05:38.421   709   765 E BluetoothPowerStatsCollector: 	at android.os.HandlerThread.run(HandlerThread.java:85)
11-27 20:05:38.421   709   765 E BluetoothPowerStatsCollector: Caused by: java.lang.RuntimeException: error: 11
11-27 20:05:38.421   709   765 E BluetoothPowerStatsCollector: 	at com.android.server.power.stats.BluetoothPowerStatsCollector$1.onBluetoothActivityEnergyInfoError(BluetoothPowerStatsCollector.java:181)
11-27 20:05:38.421   709   765 E BluetoothPowerStatsCollector: 	at android.bluetooth.BluetoothAdapter$OnBluetoothActivityEnergyInfoProxy.lambda$onBluetoothActivityEnergyInfoAvailable$0(BluetoothAdapter.java:1037)
11-27 20:05:38.421   709   765 E BluetoothPowerStatsCollector: 	at android.bluetooth.BluetoothAdapter$OnBluetoothActivityEnergyInfoProxy$$ExternalSyntheticLambda1.run(D8$$SyntheticClass:0)
11-27 20:05:38.421   709   765 E BluetoothPowerStatsCollector: 	at android.bluetooth.BluetoothUtils.lambda$executeFromBinder$0(BluetoothUtils.java:343)
11-27 20:05:38.421   709   765 E BluetoothPowerStatsCollector: 	at android.bluetooth.BluetoothUtils$$ExternalSyntheticLambda1.run(D8$$SyntheticClass:0)
11-27 20:05:38.421   709   765 E BluetoothPowerStatsCollector: 	at com.android.server.SystemServerInitThreadPool$$ExternalSyntheticLambda0.execute(R8$$SyntheticClass:0)
11-27 20:05:38.421   709   765 E BluetoothPowerStatsCollector: 	at android.bluetooth.BluetoothUtils.executeFromBinder(BluetoothUtils.java:343)
11-27 20:05:38.421   709   765 E BluetoothPowerStatsCollector: 	at android.bluetooth.BluetoothAdapter$OnBluetoothActivityEnergyInfoProxy.onBluetoothActivityEnergyInfoAvailable(BluetoothAdapter.java:1035)
11-27 20:05:38.421   709   765 E BluetoothPowerStatsCollector: 	at android.bluetooth.IBluetoothActivityEnergyInfoListener$Stub.onTransact(IBluetoothActivityEnergyInfoListener.java:98)
11-27 20:05:38.421   709   765 E BluetoothPowerStatsCollector: 	at android.os.Binder.execTransactInternal(Binder.java:1426)
11-27 20:05:38.421   709   765 E BluetoothPowerStatsCollector: 	at android.os.Binder.execTransact(Binder.java:1365)
11-27 20:18:20.770   474   504 E NetlinkEvent: NetlinkEvent::FindParam(): Parameter 'INTERFACE' not found
11-27 20:18:20.770   474   504 E NetlinkEvent: NetlinkEvent::FindParam(): Parameter 'STATE' not found
11-27 20:18:20.770   474   504 E NetlinkEvent: NetlinkEvent::FindParam(): Parameter 'TIME_NS' not found
11-27 20:18:20.770   474   504 E NetlinkEvent: NetlinkEvent::FindParam(): Parameter 'UID' not found
11-27 20:19:17.176   709   765 E BluetoothPowerStatsCollector: Cannot acquire BluetoothActivityEnergyInfo
11-27 20:19:17.176   709   765 E BluetoothPowerStatsCollector: java.util.concurrent.ExecutionException: java.lang.RuntimeException: error: 11
11-27 20:19:17.176   709   765 E BluetoothPowerStatsCollector: 	at java.util.concurrent.CompletableFuture.reportGet(CompletableFuture.java:372)
11-27 20:19:17.176   709   765 E BluetoothPowerStatsCollector: 	at java.util.concurrent.CompletableFuture.get(CompletableFuture.java:2072)
11-27 20:19:17.176   709   765 E BluetoothPowerStatsCollector: 	at com.android.server.power.stats.BluetoothPowerStatsCollector.collectBluetoothActivityInfo(BluetoothPowerStatsCollector.java:192)
11-27 20:19:17.176   709   765 E BluetoothPowerStatsCollector: 	at com.android.server.power.stats.BluetoothPowerStatsCollector.collectStats(BluetoothPowerStatsCollector.java:155)
11-27 20:19:17.176   709   765 E BluetoothPowerStatsCollector: 	at com.android.server.power.stats.PowerStatsCollector.collectAndDeliverStats(PowerStatsCollector.java:176)
11-27 20:19:17.176   709   765 E BluetoothPowerStatsCollector: 	at com.android.server.power.stats.PowerStatsCollector$$ExternalSyntheticLambda0.run(R8$$SyntheticClass:0)
11-27 20:19:17.176   709   765 E BluetoothPowerStatsCollector: 	at android.os.Handler.handleCallback(Handler.java:995)
11-27 20:19:17.176   709   765 E BluetoothPowerStatsCollector: 	at android.os.Handler.dispatchMessage(Handler.java:103)
11-27 20:19:17.176   709   765 E BluetoothPowerStatsCollector: 	at android.os.Looper.loopOnce(Looper.java:248)
11-27 20:19:17.176   709   765 E BluetoothPowerStatsCollector: 	at android.os.Looper.loop(Looper.java:338)
11-27 20:19:17.176   709   765 E BluetoothPowerStatsCollector: 	at android.os.HandlerThread.run(HandlerThread.java:85)
11-27 20:19:17.176   709   765 E BluetoothPowerStatsCollector: Caused by: java.lang.RuntimeException: error: 11
11-27 20:19:17.176   709   765 E BluetoothPowerStatsCollector: 	at com.android.server.power.stats.BluetoothPowerStatsCollector$1.onBluetoothActivityEnergyInfoError(BluetoothPowerStatsCollector.java:181)
11-27 20:19:17.176   709   765 E BluetoothPowerStatsCollector: 	at android.bluetooth.BluetoothAdapter$OnBluetoothActivityEnergyInfoProxy.lambda$onBluetoothActivityEnergyInfoAvailable$0(BluetoothAdapter.java:1037)
11-27 20:19:17.176   709   765 E BluetoothPowerStatsCollector: 	at android.bluetooth.BluetoothAdapter$OnBluetoothActivityEnergyInfoProxy$$ExternalSyntheticLambda1.run(D8$$SyntheticClass:0)
11-27 20:19:17.176   709   765 E BluetoothPowerStatsCollector: 	at android.bluetooth.BluetoothUtils.lambda$executeFromBinder$0(BluetoothUtils.java:343)
11-27 20:19:17.176   709   765 E BluetoothPowerStatsCollector: 	at android.bluetooth.BluetoothUtils$$ExternalSyntheticLambda1.run(D8$$SyntheticClass:0)
11-27 20:19:17.176   709   765 E BluetoothPowerStatsCollector: 	at com.android.server.SystemServerInitThreadPool$$ExternalSyntheticLambda0.execute(R8$$SyntheticClass:0)
11-27 20:19:17.176   709   765 E BluetoothPowerStatsCollector: 	at android.bluetooth.BluetoothUtils.executeFromBinder(BluetoothUtils.java:343)
11-27 20:19:17.176   709   765 E BluetoothPowerStatsCollector: 	at android.bluetooth.BluetoothAdapter$OnBluetoothActivityEnergyInfoProxy.onBluetoothActivityEnergyInfoAvailable(BluetoothAdapter.java:1035)
11-27 20:19:17.176   709   765 E BluetoothPowerStatsCollector: 	at android.bluetooth.IBluetoothActivityEnergyInfoListener$Stub.onTransact(IBluetoothActivityEnergyInfoListener.java:98)
11-27 20:19:17.176   709   765 E BluetoothPowerStatsCollector: 	at android.os.Binder.execTransactInternal(Binder.java:1426)
11-27 20:19:17.176   709   765 E BluetoothPowerStatsCollector: 	at android.os.Binder.execTransact(Binder.java:1365)
11-27 20:24:40.118   709   765 E BluetoothPowerStatsCollector: Cannot acquire BluetoothActivityEnergyInfo
11-27 20:24:40.118   709   765 E BluetoothPowerStatsCollector: java.util.concurrent.ExecutionException: java.lang.RuntimeException: error: 11
11-27 20:24:40.118   709   765 E BluetoothPowerStatsCollector: 	at java.util.concurrent.CompletableFuture.reportGet(CompletableFuture.java:372)
11-27 20:24:40.118   709   765 E BluetoothPowerStatsCollector: 	at java.util.concurrent.CompletableFuture.get(CompletableFuture.java:2072)
11-27 20:24:40.118   709   765 E BluetoothPowerStatsCollector: 	at com.android.server.power.stats.BluetoothPowerStatsCollector.collectBluetoothActivityInfo(BluetoothPowerStatsCollector.java:192)
11-27 20:24:40.118   709   765 E BluetoothPowerStatsCollector: 	at com.android.server.power.stats.BluetoothPowerStatsCollector.collectStats(BluetoothPowerStatsCollector.java:155)
11-27 20:24:40.118   709   765 E BluetoothPowerStatsCollector: 	at com.android.server.power.stats.PowerStatsCollector.collectAndDeliverStats(PowerStatsCollector.java:176)
11-27 20:24:40.118   709   765 E BluetoothPowerStatsCollector: 	at com.android.server.power.stats.PowerStatsCollector$$ExternalSyntheticLambda0.run(R8$$SyntheticClass:0)
11-27 20:24:40.118   709   765 E BluetoothPowerStatsCollector: 	at android.os.Handler.handleCallback(Handler.java:995)
11-27 20:24:40.118   709   765 E BluetoothPowerStatsCollector: 	at android.os.Handler.dispatchMessage(Handler.java:103)
11-27 20:24:40.118   709   765 E BluetoothPowerStatsCollector: 	at android.os.Looper.loopOnce(Looper.java:248)
11-27 20:24:40.118   709   765 E BluetoothPowerStatsCollector: 	at android.os.Looper.loop(Looper.java:338)
11-27 20:24:40.118   709   765 E BluetoothPowerStatsCollector: 	at android.os.HandlerThread.run(HandlerThread.java:85)
11-27 20:24:40.118   709   765 E BluetoothPowerStatsCollector: Caused by: java.lang.RuntimeException: error: 11
11-27 20:24:40.118   709   765 E BluetoothPowerStatsCollector: 	at com.android.server.power.stats.BluetoothPowerStatsCollector$1.onBluetoothActivityEnergyInfoError(BluetoothPowerStatsCollector.java:181)
11-27 20:24:40.118   709   765 E BluetoothPowerStatsCollector: 	at android.bluetooth.BluetoothAdapter$OnBluetoothActivityEnergyInfoProxy.lambda$onBluetoothActivityEnergyInfoAvailable$0(BluetoothAdapter.java:1037)
11-27 20:24:40.118   709   765 E BluetoothPowerStatsCollector: 	at android.bluetooth.BluetoothAdapter$OnBluetoothActivityEnergyInfoProxy$$ExternalSyntheticLambda1.run(D8$$SyntheticClass:0)
11-27 20:24:40.118   709   765 E BluetoothPowerStatsCollector: 	at android.bluetooth.BluetoothUtils.lambda$executeFromBinder$0(BluetoothUtils.java:343)
11-27 20:24:40.118   709   765 E BluetoothPowerStatsCollector: 	at android.bluetooth.BluetoothUtils$$ExternalSyntheticLambda1.run(D8$$SyntheticClass:0)
11-27 20:24:40.118   709   765 E BluetoothPowerStatsCollector: 	at com.android.server.SystemServerInitThreadPool$$ExternalSyntheticLambda0.execute(R8$$SyntheticClass:0)
11-27 20:24:40.118   709   765 E BluetoothPowerStatsCollector: 	at android.bluetooth.BluetoothUtils.executeFromBinder(BluetoothUtils.java:343)
11-27 20:24:40.118   709   765 E BluetoothPowerStatsCollector: 	at android.bluetooth.BluetoothAdapter$OnBluetoothActivityEnergyInfoProxy.onBluetoothActivityEnergyInfoAvailable(BluetoothAdapter.java:1035)
11-27 20:24:40.118   709   765 E BluetoothPowerStatsCollector: 	at android.bluetooth.IBluetoothActivityEnergyInfoListener$Stub.onTransact(IBluetoothActivityEnergyInfoListener.java:98)
11-27 20:24:40.118   709   765 E BluetoothPowerStatsCollector: 	at android.os.Binder.execTransactInternal(Binder.java:1426)
11-27 20:24:40.118   709   765 E BluetoothPowerStatsCollector: 	at android.os.Binder.execTransact(Binder.java:1365)
11-27 20:32:07.359   709  1022 E SystemServiceRegistry: Manager wrapper not available: persistent_data_block
