11-27 18:05:54.054   709   709 E SettingsState: invalid override flag name odad/old_versioned_ww_data_enabled
11-27 18:05:54.054   709   709 E SettingsState: invalid override flag name adservices/measurement_async_registration_job_trigger_max_delay_ms
11-27 18:05:54.054   709   709 E SettingsState: invalid override flag name adservices/fledge_custom_audience_per_app_max_count
11-27 18:05:54.054   709   709 E SettingsState: invalid override flag name device_personalization_services/AicModels__enable_fsync_downloaded_files
11-27 18:05:54.054   709   709 E SettingsState: invalid override flag name wifi/abnormal_connection_failure_bugreport_enabled
11-27 18:05:54.054   709   709 E SettingsState: invalid override flag name adservices/measurement_job_aggregate_reporting_kill_switch
11-27 18:05:54.054   709   709 E SettingsState: invalid override flag name device_personalization_services/SmartNotification__application_channel_verify_rules
11-27 18:05:54.054   709   709 E SettingsState: invalid override flag name aicore/AicFeatures__customer_packages
11-27 18:05:54.054   709   709 E SettingsState: invalid override flag name adservices/fledge_auction_server_key_fetch_metrics_enabled
11-27 18:05:54.054   709   709 E SettingsState: invalid override flag name odad/phl_clickable_text_view_score
11-27 18:05:54.054   709   709 E SettingsState: invalid override flag name connectivity/dhcp_init_reboot_enabled
11-27 18:05:54.054   709   709 E SettingsState: invalid override flag name adservices/measurement_enable_aggregatable_report_payload_padding
11-27 18:05:54.054   709   709 E SettingsState: invalid override flag name aicore/AicDataRelease__build_id_18103149225492435673
11-27 18:05:54.054   709   709 E SettingsState: invalid override flag name adservices/fledge_auction_server_join_key_fetch_uri
11-27 18:05:54.054   709   709 E SettingsState: invalid override flag name connectivity/dhcp_ip_conflict_detect_version
11-27 18:05:54.054   709   709 E SettingsState: invalid override flag name device_personalization_services/Captions__enable_drag_and_double_tap_to_resize
11-27 18:05:54.054   709   709 E SettingsState: invalid override flag name odad/enable_classification_initialization_in_gramophone
11-27 18:05:54.054   709   709 E SettingsState: invalid override flag name odad/bll_classifier_enabled
11-27 18:05:54.054   709   709 E SettingsState: invalid override flag name health_fitness/RateLimiter__max_read_requests_per_24h_background
11-27 18:05:54.054   709   709 E SettingsState: invalid override flag name adservices/measurement_max_sources_per_publisher
11-27 18:05:54.054   709   709 E SettingsState: invalid override flag name device_personalization_services/NowPlaying__enable_now_playing_ipc
11-27 18:05:54.054   709   709 E SettingsState: invalid override flag name privacy/safety_center_background_refresh_denied_sources
11-27 18:05:54.054   709   709 E SettingsState: invalid override flag name privacy/safety_center_background_requires_charging
11-27 18:05:54.054   709   709 E SettingsState: invalid override flag name odad/safety_center_killswitch
11-27 18:05:54.054   709   709 E SettingsState: invalid override flag name aicore/AicModels__mdd_manifest_config
11-27 18:05:54.054   709   709 E SettingsState: invalid override flag name aicore/AicCommon__serving_group_mismatch_exception_enabled
11-27 18:05:54.054   709   709 E SettingsState: invalid override flag name health_fitness/cloud_restore_enable
11-27 18:05:54.054   709   709 E SettingsState: invalid override flag name wifi/health_monitor_ratio_thr_numerator
11-27 18:05:54.054   709   709 E SettingsState: invalid override flag name device_personalization_services/MessageArmour__enable_hun_suppression
11-27 18:05:54.054   709   709 E SettingsState: invalid override flag name credential_manager/credential_manager_service_search_uri
11-27 18:05:54.054   709   709 E SettingsState: invalid override flag name adservices/u18_ux_enabled
11-27 18:05:54.054   709   709 E SettingsState: invalid override flag name device_personalization_services/Captions__enable_augmented_modality_input
11-27 18:05:54.054   709   709 E SettingsState: invalid override flag name appsearch/contacts_indexer_enabled
11-27 18:05:54.054   709   709 E SettingsState: invalid override flag name aicore/AicSafety__messages_output_screen_classification_enabled
11-27 18:05:54.054   709   709 E SettingsState: invalid override flag name adservices/measurement_enable_event_level_epsilon_in_source
11-27 18:05:54.054   709   709 E SettingsState: invalid override flag name adservices/measurement_job_delete_uninstalled_kill_switch
11-27 18:05:54.054   709   709 E SettingsState: invalid override flag name connectivity/dhcp_rapid_commit_version
11-27 18:05:54.054   709   709 E SettingsState: invalid override flag name on_device_personalization/fcp_enable_encryption
11-27 18:05:54.054   709   709 E SettingsState: invalid override flag name device_personalization_services/NowPlaying__ambient_music_update_album_art_old_recognitions
11-27 18:05:54.054   709   709 E SettingsState: invalid override flag name adservices/measurement_max_triggers_per_destination
11-27 18:05:54.054   709   709 E SettingsState: invalid override flag name adservices/measurement_default_destination_limit_algorithm
11-27 18:05:54.054   709   709 E SettingsState: invalid override flag name adservices/fledge_debug_report_sender_job_period_ms
11-27 18:05:54.054   709   709 E SettingsState: invalid override flag name adservices/measurement_aggregate_reporting_job_required_network_type
11-27 18:05:54.054   709   709 E SettingsState: invalid override flag name odad/phl_autofill_hint_critical_score
11-27 18:05:54.054   709   709 E SettingsState: invalid override flag name adservices/fledge_background_fetch_network_connect_timeout_ms
11-27 18:05:54.054   709   709 E SettingsState: invalid override flag name device_personalization_services/NotificationAssistant__enable_service
11-27 18:05:54.054   709   709 E SettingsState: invalid override flag name on_device_personalization/web_trigger_flow_deadline_seconds
11-27 18:05:54.054   709   709 E SettingsState: invalid override flag name aicore/AicOnDeviceIntelligence__enable_fd_caching_for_lightweight_features
11-27 18:05:54.054   709   709 E SettingsState: invalid override flag name device_personalization_services/SmartNotification__excluded_packages
11-27 18:05:54.054   709   709 E SettingsState: invalid override flag name launcher_lily/HomeScreenShortcuts__enable_camera_block
11-27 18:05:54.054   709   709 E SettingsState: invalid override flag name adservices/measurement_enforce_foreground_status_register_source
11-27 18:05:54.054   709   709 E SettingsState: invalid override flag name adservices/measurement_event_reports_ctc_early_reporting_windows
11-27 18:05:54.054   709   709 E SettingsState: invalid override flag name adservices/measurement_enforce_foreground_status_register_web_source
11-27 18:05:54.054   709   709 E SettingsState: invalid override flag name device_personalization_services/NoOp__flag_for_droidfood
11-27 18:05:54.054   709   709 E SettingsState: invalid override flag name autofill/trigger_fill_request_on_unimportant_view
11-27 18:05:54.054   709   709 E SettingsState: invalid override flag name device_personalization_services/Superpacks__require_battery_not_low_by_default
11-27 18:05:54.054   709   709 E SettingsState: invalid override flag name configuration/beta_public_launch
11-27 18:05:54.054   709   709 E SettingsState: invalid override flag name device_personalization_services/ViewSemantics__model_version
11-27 18:05:54.054   709   709 E SettingsState: invalid override flag name device_personalization_services/SmartSelect__enable_smart_select_example_cache_on_suggest_selection
11-27 18:05:54.054   709   709 E SettingsState: invalid override flag name interaction_jank_monitor/trace_threshold_frame_time_millis
11-27 18:05:54.054   709   709 E SettingsState: invalid override flag name adservices/enable_appsearch_consent_data
11-27 18:05:54.054   709   709 E SettingsState: invalid override flag name uwb/device_error_bugreport_enabled
11-27 18:05:54.054   709   709 E SettingsState: invalid override flag name aicore/AicSafety__periodic_refresh_only_requested_clients_enabled
11-27 18:05:54.054   709   709 E SettingsState: invalid override flag name device_personalization_services/Overview__enable_pir_westworld_logging
11-27 18:05:54.054   709   709 E SettingsState: invalid override flag name activity_manager_native_boot/modern_queue_enabled
11-27 18:05:54.054   709   709 E SettingsState: invalid override flag name adservices/mdd_maintenance_gcm_task_period_seconds
11-27 18:05:54.054   709   709 E SettingsState: invalid override flag name media/player_metrics_per_app_use_time_allowlist
11-27 18:05:54.054   709   709 E SettingsState: invalid override flag name device_personalization_services/PccStorageStats__directory_report_known_directory_names
11-27 18:05:54.054   709   709 E SettingsState: invalid override flag name network_security/CertificateTransparencyLogList__service_enabled
11-27 18:05:54.054   709   709 E SettingsState: invalid override flag name device_personalization_services/EchoSmartspace__enable_ambient_data_predictor
11-27 18:05:54.054   709   709 E SettingsState: invalid override flag name textclassifier/manifest_url_annotator_universal
11-27 18:05:54.054   709   709 E SettingsState: invalid override flag name device_personalization_services/SpeechRecognitionService__max_concurrent_recognition_sessions
11-27 18:05:54.054   709   709 E SettingsState: invalid override flag name package_manager_service/MinInstallableTargetSdkStrictMode__install_block_strict_mode_enabled
11-27 18:05:54.054   709   709 E SettingsState: invalid override flag name adservices/fledge_report_impression_api_metrics_enabled
11-27 18:05:54.054   709   709 E SettingsState: invalid override flag name connectivity/ipclient_accept_ipv6_link_local_dns_version
11-27 18:05:54.177   709   709 E DeviceStateManagerService: Cannot notify device state info change before the initial state has been committed.
11-27 18:05:54.804   709   831 E SystemServiceRegistry: Manager wrapper not available: jobscheduler
11-27 18:05:54.804   709   709 E PowerManagerService: Tried to acquire wake lock for invalid display: 0
11-27 18:05:54.811   709   709 E SoundTriggerMiddlewareImpl: Failed to add a SoundTriggerModule instance
11-27 18:05:54.811   709   709 E SoundTriggerMiddlewareImpl: java.util.NoSuchElementException
11-27 18:05:54.811   709   709 E SoundTriggerMiddlewareImpl: 	at android.os.HwBinder.getService(Native Method)
11-27 18:05:54.811   709   709 E SoundTriggerMiddlewareImpl: 	at android.hardware.soundtrigger.V2_0.ISoundTriggerHw.getService(ISoundTriggerHw.java:57)
11-27 18:05:54.811   709   709 E SoundTriggerMiddlewareImpl: 	at android.hardware.soundtrigger.V2_0.ISoundTriggerHw.getService(ISoundTriggerHw.java:64)
11-27 18:05:54.811   709   709 E SoundTriggerMiddlewareImpl: 	at com.android.server.soundtrigger_middleware.DefaultHalFactory.create(DefaultHalFactory.java:76)
11-27 18:05:54.811   709   709 E SoundTriggerMiddlewareImpl: 	at com.android.server.soundtrigger_middleware.SoundTriggerModule.attachToHal(SoundTriggerModule.java:176)
11-27 18:05:54.811   709   709 E SoundTriggerMiddlewareImpl: 	at com.android.server.soundtrigger_middleware.SoundTriggerModule.<init>(SoundTriggerModule.java:105)
11-27 18:05:54.811   709   709 E SoundTriggerMiddlewareImpl: 	at com.android.server.soundtrigger_middleware.SoundTriggerMiddlewareImpl.<init>(SoundTriggerMiddlewareImpl.java:86)
11-27 18:05:54.811   709   709 E SoundTriggerMiddlewareImpl: 	at com.android.server.soundtrigger_middleware.SoundTriggerMiddlewareService$Lifecycle.onStart(SoundTriggerMiddlewareService.java:248)
11-27 18:05:54.811   709   709 E SoundTriggerMiddlewareImpl: 	at com.android.server.SystemServiceManager.startService(SystemServiceManager.java:280)
11-27 18:05:54.811   709   709 E SoundTriggerMiddlewareImpl: 	at com.android.server.SystemServiceManager.startService(SystemServiceManager.java:257)
11-27 18:05:54.811   709   709 E SoundTriggerMiddlewareImpl: 	at com.android.server.SystemServer.startOtherServices(SystemServer.java:2417)
11-27 18:05:54.811   709   709 E SoundTriggerMiddlewareImpl: 	at com.android.server.SystemServer.run(SystemServer.java:988)
11-27 18:05:54.811   709   709 E SoundTriggerMiddlewareImpl: 	at com.android.server.SystemServer.main(SystemServer.java:689)
11-27 18:05:54.811   709   709 E SoundTriggerMiddlewareImpl: 	at java.lang.reflect.Method.invoke(Native Method)
11-27 18:05:54.811   709   709 E SoundTriggerMiddlewareImpl: 	at com.android.internal.os.RuntimeInit$MethodAndArgsCaller.run(RuntimeInit.java:593)
11-27 18:05:54.811   709   709 E SoundTriggerMiddlewareImpl: 	at com.android.internal.os.ZygoteInit.main(ZygoteInit.java:910)
11-27 18:05:54.831   709   818 E UsbDeviceManager: connectToProxy: usb gadget hidl hal service not found.
11-27 18:05:54.831   709   818 E UsbDeviceManager: java.util.NoSuchElementException
11-27 18:05:54.831   709   818 E UsbDeviceManager: 	at android.os.HwBinder.getService(Native Method)
11-27 18:05:54.831   709   818 E UsbDeviceManager: 	at android.hardware.usb.gadget.V1_0.IUsbGadget.getService(IUsbGadget.java:57)
11-27 18:05:54.831   709   818 E UsbDeviceManager: 	at android.hardware.usb.gadget.V1_0.IUsbGadget.getService(IUsbGadget.java:64)
11-27 18:05:54.831   709   818 E UsbDeviceManager: 	at com.android.server.usb.hal.gadget.UsbGadgetHidl.isServicePresent(UsbGadgetHidl.java:128)
11-27 18:05:54.831   709   818 E UsbDeviceManager: 	at com.android.server.usb.hal.gadget.UsbGadgetHalInstance.getInstance(UsbGadgetHalInstance.java:39)
11-27 18:05:54.831   709   818 E UsbDeviceManager: 	at com.android.server.usb.UsbDeviceManager.<init>(UsbDeviceManager.java:349)
11-27 18:05:54.831   709   818 E UsbDeviceManager: 	at com.android.server.usb.UsbService.<init>(UsbService.java:219)
11-27 18:05:54.831   709   818 E UsbDeviceManager: 	at com.android.server.usb.UsbService$Lifecycle.lambda$onStart$0(UsbService.java:125)
11-27 18:05:54.831   709   818 E UsbDeviceManager: 	at com.android.server.usb.UsbService$Lifecycle.$r8$lambda$HIZVSW8uTg1XjWF6etZh-bC1WP4(UsbService.java:0)
11-27 18:05:54.831   709   818 E UsbDeviceManager: 	at com.android.server.usb.UsbService$Lifecycle$$ExternalSyntheticLambda0.run(R8$$SyntheticClass:0)
11-27 18:05:54.831   709   818 E UsbDeviceManager: 	at com.android.server.SystemServerInitThreadPool.lambda$submitTask$0(SystemServerInitThreadPool.java:107)
11-27 18:05:54.831   709   818 E UsbDeviceManager: 	at com.android.server.SystemServerInitThreadPool.$r8$lambda$KBkrFsHiqcxWyjNRg1WxRI4WNHA(SystemServerInitThreadPool.java:0)
11-27 18:05:54.831   709   818 E UsbDeviceManager: 	at com.android.server.SystemServerInitThreadPool$$ExternalSyntheticLambda1.run(R8$$SyntheticClass:0)
11-27 18:05:54.831   709   818 E UsbDeviceManager: 	at java.util.concurrent.Executors$RunnableAdapter.call(Executors.java:524)
11-27 18:05:54.831   709   818 E UsbDeviceManager: 	at java.util.concurrent.FutureTask.run(FutureTask.java:317)
11-27 18:05:54.831   709   818 E UsbDeviceManager: 	at java.util.concurrent.ThreadPoolExecutor.runWorker(ThreadPoolExecutor.java:1156)
11-27 18:05:54.831   709   818 E UsbDeviceManager: 	at java.util.concurrent.ThreadPoolExecutor$Worker.run(ThreadPoolExecutor.java:651)
11-27 18:05:54.831   709   818 E UsbDeviceManager: 	at com.android.internal.util.ConcurrentUtils$1$1.run(ConcurrentUtils.java:65)
11-27 18:05:54.831   709   818 E UsbPortManager: USB Gadget HAL AIDL/HIDL not present
11-27 18:05:54.831   709   818 E UsbDeviceManager: Failed to open control for mtp
11-27 18:05:54.832   709   818 E UsbDeviceManager: Failed to open control for ptp
11-27 18:05:54.921   709   709 E SystemServiceRegistry: Manager wrapper not available: face
11-27 18:05:54.927   709   932 E AuthService: Face configuration exists, but FaceService is null.
11-27 18:05:55.032   709   709 E AutofillManagerServiceImpl: Bad service name: com.google.android.gms/.autofill.service.AutofillService
11-27 18:05:55.032   709   709 E RemoteAugmentedAutofillService: Bad service name for flags 1048704: com.google.android.as/com.google.android.apps.miphone.aiai.app.AiAiAugmentedAutofillService
11-27 18:05:55.073   709   709 E EnergyConsumerSnapshot: Unexpected battery voltage (0 mV) when taking energy consumer snapshot
11-27 18:05:55.083   709   765 E EnergyConsumerSnapshot: Unexpected battery voltage (0 mV) when taking energy consumer snapshot
11-27 18:05:55.088   709   709 E DisplayPowerController[0]: failed to set up display white-balance: java.lang.IllegalStateException: cannot find sensor com.google.sensor.color
11-27 18:05:55.088   709   765 E KernelCpuSpeedReader: Failed to read cpu-freq: /sys/devices/system/cpu/cpu3/cpufreq/stats/time_in_state: open failed: ENOENT (No such file or directory)
11-27 18:05:55.089   709   765 E KernelCpuSpeedReader: Failed to read cpu-freq: /sys/devices/system/cpu/cpu2/cpufreq/stats/time_in_state: open failed: ENOENT (No such file or directory)
11-27 18:05:55.089   709   765 E KernelCpuSpeedReader: Failed to read cpu-freq: /sys/devices/system/cpu/cpu1/cpufreq/stats/time_in_state: open failed: ENOENT (No such file or directory)
11-27 18:05:55.089   709   765 E KernelCpuSpeedReader: Failed to read cpu-freq: /sys/devices/system/cpu/cpu0/cpufreq/stats/time_in_state: open failed: ENOENT (No such file or directory)
11-27 18:05:55.096   709   709 E DeviceConfig: Parsing int failed for location_mode
11-27 18:05:55.143   709   765 E EnergyConsumerSnapshot: Unexpected battery voltage (0 mV) when taking energy consumer snapshot
11-27 18:05:55.143   709   765 E KernelCpuSpeedReader: Failed to read cpu-freq: /sys/devices/system/cpu/cpu3/cpufreq/stats/time_in_state: open failed: ENOENT (No such file or directory)
11-27 18:05:55.143   709   765 E KernelCpuSpeedReader: Failed to read cpu-freq: /sys/devices/system/cpu/cpu2/cpufreq/stats/time_in_state: open failed: ENOENT (No such file or directory)
11-27 18:05:55.143   709   765 E KernelCpuSpeedReader: Failed to read cpu-freq: /sys/devices/system/cpu/cpu1/cpufreq/stats/time_in_state: open failed: ENOENT (No such file or directory)
11-27 18:05:55.143   709   765 E KernelCpuSpeedReader: Failed to read cpu-freq: /sys/devices/system/cpu/cpu0/cpufreq/stats/time_in_state: open failed: ENOENT (No such file or directory)
11-27 18:05:55.157   709   709 E TestHarnessModeService: Failed to start Test Harness Mode; no implementation of PersistentDataBlockManagerInternal was bound!
11-27 18:05:55.196   709   709 E SystemServiceRegistry: Manager wrapper not available: face
11-27 18:05:55.209   709   754 E KernelCpuThreadReader: Failed to initialize KernelCpuThreadReader
11-27 18:05:55.209   709   754 E KernelCpuThreadReader: java.io.IOException: Empty time_in_state file
11-27 18:05:55.209   709   754 E KernelCpuThreadReader: 	at com.android.internal.os.ProcTimeInStateReader.initializeTimeInStateFormat(ProcTimeInStateReader.java:185)
11-27 18:05:55.209   709   754 E KernelCpuThreadReader: 	at com.android.internal.os.ProcTimeInStateReader.<init>(ProcTimeInStateReader.java:106)
11-27 18:05:55.209   709   754 E KernelCpuThreadReader: 	at com.android.internal.os.KernelCpuThreadReader.<init>(KernelCpuThreadReader.java:138)
11-27 18:05:55.209   709   754 E KernelCpuThreadReader: 	at com.android.internal.os.KernelCpuThreadReader.create(KernelCpuThreadReader.java:151)
11-27 18:05:55.209   709   754 E KernelCpuThreadReader: 	at com.android.internal.os.KernelCpuThreadReaderSettingsObserver.<init>(KernelCpuThreadReaderSettingsObserver.java:95)
11-27 18:05:55.209   709   754 E KernelCpuThreadReader: 	at com.android.internal.os.KernelCpuThreadReaderSettingsObserver.getSettingsModifiedReader(KernelCpuThreadReaderSettingsObserver.java:80)
11-27 18:05:55.209   709   754 E KernelCpuThreadReader: 	at com.android.server.stats.pull.StatsPullAtomService.initializePullersState(StatsPullAtomService.java:921)
11-27 18:05:55.209   709   754 E KernelCpuThreadReader: 	at com.android.server.stats.pull.StatsPullAtomService.lambda$onBootPhase$0(StatsPullAtomService.java:875)
11-27 18:05:55.209   709   754 E KernelCpuThreadReader: 	at com.android.server.stats.pull.StatsPullAtomService.$r8$lambda$qb74jErDmbpYjoDRKkDDIHHyoHk(StatsPullAtomService.java:0)
11-27 18:05:55.209   709   754 E KernelCpuThreadReader: 	at com.android.server.stats.pull.StatsPullAtomService$$ExternalSyntheticLambda0.run(R8$$SyntheticClass:0)
11-27 18:05:55.209   709   754 E KernelCpuThreadReader: 	at android.os.Handler.handleCallback(Handler.java:995)
11-27 18:05:55.209   709   754 E KernelCpuThreadReader: 	at android.os.Handler.dispatchMessage(Handler.java:103)
11-27 18:05:55.209   709   754 E KernelCpuThreadReader: 	at android.os.Looper.loopOnce(Looper.java:248)
11-27 18:05:55.209   709   754 E KernelCpuThreadReader: 	at android.os.Looper.loop(Looper.java:338)
11-27 18:05:55.209   709   754 E KernelCpuThreadReader: 	at android.os.HandlerThread.run(HandlerThread.java:85)
11-27 18:05:55.211   499   523 E android.hardware.wifi-service: Unknown iface name: wlan0
11-27 18:05:55.211   499   523 E android.hardware.wifi-service: Unknown iface name: wlan0
11-27 18:05:55.215   499   523 E android.hardware.wifi-service: Unknown iface name: wlan0
11-27 18:05:55.215   499   523 E android.hardware.wifi-service: Unknown iface name: wlan0
11-27 18:05:55.218   709   709 E UserManagerService: Auto-lock preference updated but private space user not found
11-27 18:05:55.220   499   523 E android.hardware.wifi-service: Failed to register radio mode change callback
11-27 18:05:55.221   499   523 E android.hardware.wifi-service: Failed to get SupportedIfaceCombinations matrix from legacy HAL: NOT_SUPPORTED
11-27 18:05:55.226   499   965 E android.hardware.wifi-service: Failed to set DFS flag; DFS channels may be unavailable.
11-27 18:05:55.233   709   779 E DefaultPermGrantPolicy: Package not found: com.google.android.apps.pixelmigrate
11-27 18:05:55.233   709   779 E DefaultPermGrantPolicy: Package not found: com.google.android.adservices
11-27 18:05:55.234   709   779 E DefaultPermGrantPolicy: Package not found: com.google.android.apps.mediashell
11-27 18:05:55.234   709   779 E DefaultPermGrantPolicy: Package not found: com.google.android.apps.tips
11-27 18:05:55.234   709   779 E DefaultPermGrantPolicy: Package not found: com.google.android.apps.turbo
11-27 18:05:55.234   709   779 E DefaultPermGrantPolicy: Package not found: com.google.android.euicc
11-27 18:05:55.234   709   779 E DefaultPermGrantPolicy: Package not found: com.google.android.volta
11-27 18:05:55.237   499   965 E android.hardware.wifi-service: Failed to get chip capabilities from legacy HAL: NOT_SUPPORTED
11-27 18:05:55.261   499   523 E android.hardware.wifi-service: Failed to get SupportedRadioCombinations matrix from legacy HAL: NOT_SUPPORTED
11-27 18:05:55.406   709   828 E NativeTombstoneManager: Tombstone's UID (0) not an app, ignoring
11-27 18:05:55.445   709   828 E NativeTombstoneManager: Tombstone's UID (0) not an app, ignoring
11-27 18:05:55.450   709   828 E NativeTombstoneManager: Tombstone's UID (0) not an app, ignoring
11-27 18:05:55.456   709   828 E NativeTombstoneManager: Tombstone's UID (0) not an app, ignoring
11-27 18:05:55.521   709   709 E WallpaperCropper: Unable to apply new wallpaper
11-27 18:05:55.806   709   743 E AppOps  : Bad call made by uid 1000. Package "android" does not belong to uid 1037.
11-27 18:05:55.806   709   743 E AppOps  : Cannot getAppOpMode: non-application UID 1037
11-27 18:05:56.098   709   765 E BluetoothPowerStatsCollector: Cannot acquire BluetoothActivityEnergyInfo
11-27 18:05:56.098   709   765 E BluetoothPowerStatsCollector: java.util.concurrent.ExecutionException: java.lang.RuntimeException: error: 9
11-27 18:05:56.098   709   765 E BluetoothPowerStatsCollector: 	at java.util.concurrent.CompletableFuture.reportGet(CompletableFuture.java:372)
11-27 18:05:56.098   709   765 E BluetoothPowerStatsCollector: 	at java.util.concurrent.CompletableFuture.get(CompletableFuture.java:2072)
11-27 18:05:56.098   709   765 E BluetoothPowerStatsCollector: 	at com.android.server.power.stats.BluetoothPowerStatsCollector.collectBluetoothActivityInfo(BluetoothPowerStatsCollector.java:192)
11-27 18:05:56.098   709   765 E BluetoothPowerStatsCollector: 	at com.android.server.power.stats.BluetoothPowerStatsCollector.collectStats(BluetoothPowerStatsCollector.java:155)
11-27 18:05:56.098   709   765 E BluetoothPowerStatsCollector: 	at com.android.server.power.stats.PowerStatsCollector.collectAndDeliverStats(PowerStatsCollector.java:176)
11-27 18:05:56.098   709   765 E BluetoothPowerStatsCollector: 	at com.android.server.power.stats.PowerStatsCollector$$ExternalSyntheticLambda0.run(R8$$SyntheticClass:0)
11-27 18:05:56.098   709   765 E BluetoothPowerStatsCollector: 	at android.os.Handler.handleCallback(Handler.java:995)
11-27 18:05:56.098   709   765 E BluetoothPowerStatsCollector: 	at android.os.Handler.dispatchMessage(Handler.java:103)
11-27 18:05:56.098   709   765 E BluetoothPowerStatsCollector: 	at android.os.Looper.loopOnce(Looper.java:248)
11-27 18:05:56.098   709   765 E BluetoothPowerStatsCollector: 	at android.os.Looper.loop(Looper.java:338)
11-27 18:05:56.098   709   765 E BluetoothPowerStatsCollector: 	at android.os.HandlerThread.run(HandlerThread.java:85)
11-27 18:05:56.098   709   765 E BluetoothPowerStatsCollector: Caused by: java.lang.RuntimeException: error: 9
11-27 18:05:56.098   709   765 E BluetoothPowerStatsCollector: 	at com.android.server.power.stats.BluetoothPowerStatsCollector$1.onBluetoothActivityEnergyInfoError(BluetoothPowerStatsCollector.java:181)
11-27 18:05:56.098   709   765 E BluetoothPowerStatsCollector: 	at android.bluetooth.BluetoothAdapter$OnBluetoothActivityEnergyInfoProxy.lambda$onError$2(BluetoothAdapter.java:1059)
11-27 18:05:56.098   709   765 E BluetoothPowerStatsCollector: 	at android.bluetooth.BluetoothAdapter$OnBluetoothActivityEnergyInfoProxy$$ExternalSyntheticLambda0.run(D8$$SyntheticClass:0)
11-27 18:05:56.098   709   765 E BluetoothPowerStatsCollector: 	at android.bluetooth.BluetoothUtils.lambda$executeFromBinder$0(BluetoothUtils.java:343)
11-27 18:05:56.098   709   765 E BluetoothPowerStatsCollector: 	at android.bluetooth.BluetoothUtils$$ExternalSyntheticLambda1.run(D8$$SyntheticClass:0)
11-27 18:05:56.098   709   765 E BluetoothPowerStatsCollector: 	at com.android.server.SystemServerInitThreadPool$$ExternalSyntheticLambda0.execute(R8$$SyntheticClass:0)
11-27 18:05:56.098   709   765 E BluetoothPowerStatsCollector: 	at android.bluetooth.BluetoothUtils.executeFromBinder(BluetoothUtils.java:343)
11-27 18:05:56.098   709   765 E BluetoothPowerStatsCollector: 	at android.bluetooth.BluetoothAdapter$OnBluetoothActivityEnergyInfoProxy.onError(BluetoothAdapter.java:1058)
11-27 18:05:56.098   709   765 E BluetoothPowerStatsCollector: 	at android.bluetooth.BluetoothAdapter.requestControllerActivityEnergyInfo(BluetoothAdapter.java:2694)
11-27 18:05:56.098   709   765 E BluetoothPowerStatsCollector: 	at com.android.server.power.stats.BatteryStatsImpl$BluetoothStatsRetrieverImpl.requestControllerActivityEnergyInfo(BatteryStatsImpl.java:485)
11-27 18:05:56.098   709   765 E BluetoothPowerStatsCollector: 	at com.android.server.power.stats.BluetoothPowerStatsCollector.collectBluetoothActivityInfo(BluetoothPowerStatsCollector.java:170)
11-27 18:05:56.098   709   765 E BluetoothPowerStatsCollector: 	... 8 more
11-27 18:05:56.127   709   754 E CountryDetector: Could not instantiate the custom country detector class
11-27 18:05:56.719   709   709 E AppOps  : package com.android.server.telecom.callsequencing.voip not found, can't check for attributionTag null
11-27 18:05:56.719   709   709 E AppOps  : Bad call made by uid 1000. Package "com.android.server.telecom.callsequencing.voip" does not belong to uid 1000.
11-27 18:05:56.719   709   709 E AppOps  : Cannot noteOperation: non-application UID 1000
11-27 18:05:56.815   709   709 E ContentCapturePerUserService: Bad service name: com.google.android.as/com.google.android.apps.miphone.aiai.app.AiAiContentCaptureService
11-27 18:05:56.818   709   709 E ContentCapturePerUserService: Bad service name: com.google.android.as/com.google.android.apps.miphone.aiai.app.AiAiContentCaptureService
11-27 18:05:56.818   709   709 E ContentCapturePerUserService: Bad service name: com.google.android.as/com.google.android.apps.miphone.aiai.app.AiAiContentCaptureService
11-27 18:05:56.818   709   709 E ContentSuggestionsPerUserService: Bad service name: com.google.android.as/com.google.android.apps.miphone.aiai.app.AiAiContentSuggestionsService
11-27 18:05:56.819   709   709 E AutofillManagerServiceImpl: Bad service name: com.google.android.gms/.autofill.service.AutofillService
11-27 18:05:56.819   709   709 E RemoteAugmentedAutofillService: Bad service name for flags 1048704: com.google.android.as/com.google.android.apps.miphone.aiai.app.AiAiAugmentedAutofillService
11-27 18:05:57.396   709   954 E TransitionChain: Can't collect into a chain with no transition
11-27 18:05:57.396   709   954 E TransitionChain: Can't collect into a chain with no transition
11-27 18:05:58.685   709   893 E AppOps  : attributionTag VCN not declared in manifest of android
11-27 18:05:58.690   709   893 E AppOps  : attributionTag VCN not declared in manifest of android
11-27 18:05:59.127   709   808 E AppOps  : attributionTag VCN not declared in manifest of android
11-27 18:05:59.149   709   893 E AppOps  : attributionTag VCN not declared in manifest of android
11-27 18:05:59.605   709  1330 E WindowManager: Display reconfigured outside of a transition: Display{#0 state=ON size=1344x2992 ROTATION_0}
11-27 18:06:00.146   709  1330 E AppOps  : attributionTag VCN not declared in manifest of android
11-27 18:06:00.268   709   748 E TestHarnessModeService: Failed to start Test Harness Mode; no implementation of PersistentDataBlockManagerInternal was bound!
11-27 18:06:00.576   709   880 E AppOps  : attributionTag UwbCountryCode not declared in manifest of android
11-27 18:06:00.578   709   748 E AppOps  : attributionTag UwbCountryCode not declared in manifest of android
11-27 18:06:00.580   709   748 E AppOps  : attributionTag UwbCountryCode not declared in manifest of android
11-27 18:06:00.583   709   748 E AppOps  : attributionTag UwbCountryCode not declared in manifest of android
11-27 18:06:01.137   709   893 E AppOps  : attributionTag VCN not declared in manifest of android
11-27 18:06:01.334   709   755 E MusicRecognitionManagerPerUserService: Bad service name: com.google.android.googlequicksearchbox/com.google.android.apps.search.soundsearch.service.SoundSearchService
11-27 18:06:01.379   709   740 E AppOps  : attributionTag VCN not declared in manifest of android
11-27 18:06:01.500   709   893 E AppOps  : attributionTag VCN not declared in manifest of android
11-27 18:06:01.663   709   918 E BackupPasswordManager: Unable to read backup pw version
11-27 18:06:01.664   709   918 E BackupPasswordManager: Unable to read saved backup pw hash
11-27 18:06:01.742   709  1573 E TaskPersister: File error accessing recents directory (directory doesn't exist?).
11-27 18:06:01.751   987  1098 E SingleInstanceRemoteListener: Failed remote call on null listener
11-27 18:06:02.719   709   748 E Transition: #3 readiness timeout, used=false deferReadyDepth=0 group={}
11-27 18:06:03.014   709   709 E JobScheduler.Component: Job exists for non-existent package: com.google.android.googlequicksearchbox
11-27 18:06:03.079   709   709 E SystemServiceRegistry: Manager wrapper not available: face
11-27 18:06:04.864   709   754 E PackageManager: Optimistic bind failed.
11-27 18:06:04.864   709   754 E PackageManager: java.util.concurrent.TimeoutException: [Optimistic Bind] Didn't bind to resolver in time!
11-27 18:06:04.864   709   754 E PackageManager: 	at com.android.server.pm.InstantAppResolverConnection.waitForBindLocked(InstantAppResolverConnection.java:160)
11-27 18:06:04.864   709   754 E PackageManager: 	at com.android.server.pm.InstantAppResolverConnection.bind(InstantAppResolverConnection.java:230)
11-27 18:06:04.864   709   754 E PackageManager: 	at com.android.server.pm.InstantAppResolverConnection.lambda$optimisticBind$0(InstantAppResolverConnection.java:260)
11-27 18:06:04.864   709   754 E PackageManager: 	at com.android.server.pm.InstantAppResolverConnection.$r8$lambda$66W2s2mMKe4pk_xXCScH9RCqav8(InstantAppResolverConnection.java:0)
11-27 18:06:04.864   709   754 E PackageManager: 	at com.android.server.pm.InstantAppResolverConnection$$ExternalSyntheticLambda0.run(R8$$SyntheticClass:0)
11-27 18:06:04.864   709   754 E PackageManager: 	at android.os.Handler.handleCallback(Handler.java:995)
11-27 18:06:04.864   709   754 E PackageManager: 	at android.os.Handler.dispatchMessage(Handler.java:103)
11-27 18:06:04.864   709   754 E PackageManager: 	at android.os.Looper.loopOnce(Looper.java:248)
11-27 18:06:04.864   709   754 E PackageManager: 	at android.os.Looper.loop(Looper.java:338)
11-27 18:06:04.864   709   754 E PackageManager: 	at android.os.HandlerThread.run(HandlerThread.java:85)
11-27 18:06:06.543   474   504 E NetlinkEvent: NetlinkEvent::FindParam(): Parameter 'INTERFACE' not found
11-27 18:06:06.543   474   504 E NetlinkEvent: NetlinkEvent::FindParam(): Parameter 'STATE' not found
11-27 18:06:06.543   474   504 E NetlinkEvent: NetlinkEvent::FindParam(): Parameter 'TIME_NS' not found
11-27 18:06:06.543   474   504 E NetlinkEvent: NetlinkEvent::FindParam(): Parameter 'UID' not found
11-27 18:06:09.663   709   893 E AppOps  : attributionTag VCN not declared in manifest of android
11-27 18:06:10.073   709  1246 E AppOps  : attributionTag VCN not declared in manifest of android
11-27 18:06:10.555  2145  2309 E ActivityThread: Failed to find provider info for androidx.car.app.connection
11-27 18:06:11.721   709   845 E WindowManager: Display reconfigured outside of a transition: Display{#0 state=ON size=1344x2992 ROTATION_0}
11-27 18:06:11.925   474   504 E NetlinkEvent: NetlinkEvent::FindParam(): Parameter 'INTERFACE' not found
11-27 18:06:11.925   474   504 E NetlinkEvent: NetlinkEvent::FindParam(): Parameter 'STATE' not found
11-27 18:06:11.925   474   504 E NetlinkEvent: NetlinkEvent::FindParam(): Parameter 'TIME_NS' not found
11-27 18:06:11.925   474   504 E NetlinkEvent: NetlinkEvent::FindParam(): Parameter 'UID' not found
11-27 18:06:13.599   709   807 E AppOps  : Bad call made by uid 1000. Package "com.google.android.googlequicksearchbox" does not belong to uid 1000.
11-27 18:06:15.962   709  1573 E TaskPersister: File error accessing recents directory (directory doesn't exist?).
11-27 18:06:19.320   709  2136 E AppOps  : Bad call made by uid 1000. Package "com.google.android.googlequicksearchbox" does not belong to uid 1000.
11-27 18:06:19.937   709  1573 E TaskPersister: File error accessing recents directory (directory doesn't exist?).
11-27 18:06:24.409   709   825 E JobScheduler.JobStatus: App com.google.android.contacts became active but still in NEVER bucket
11-27 18:06:24.409   709   825 E JobScheduler.JobStatus: App com.google.android.contacts became active but still in NEVER bucket
11-27 18:06:24.409   709   825 E JobScheduler.JobStatus: App com.google.android.contacts became active but still in NEVER bucket
11-27 18:06:24.409   709   825 E JobScheduler.JobStatus: App com.google.android.contacts became active but still in NEVER bucket
11-27 18:06:24.722   709  2133 E JobScheduler.JobStatus: App com.google.android.contacts became active but still in NEVER bucket
11-27 18:06:24.749   709  1330 E JobScheduler.JobStatus: App com.google.android.contacts became active but still in NEVER bucket
11-27 18:06:24.754   709  1976 E JobScheduler.JobStatus: App com.google.android.contacts became active but still in NEVER bucket
11-27 18:06:24.761   709  2133 E JobScheduler.JobStatus: App com.google.android.contacts became active but still in NEVER bucket
11-27 18:06:24.790   709  2133 E JobScheduler.JobStatus: App com.google.android.contacts became active but still in NEVER bucket
11-27 18:06:24.793   709  1708 E JobScheduler.JobStatus: App com.google.android.contacts became active but still in NEVER bucket
11-27 18:06:24.806   709  2133 E JobScheduler.JobStatus: App com.google.android.contacts became active but still in NEVER bucket
11-27 18:06:24.886   709  1708 E JobScheduler.JobStatus: App com.google.android.contacts became active but still in NEVER bucket
11-27 18:06:24.981   709  2133 E JobScheduler.JobStatus: App com.google.android.contacts became active but still in NEVER bucket
11-27 18:06:25.006   709  1708 E JobScheduler.JobStatus: App com.google.android.contacts became active but still in NEVER bucket
11-27 18:06:27.446   709  3197 E ContentProviderHelper: Existing provider com.google.android.gms/.auth.account.be.legacy.AccountContentProvider is crashing; detaching ProcessRecord{2ca45eb 3294:com.google.android.gms/u0a147}
11-27 18:06:27.466   709  1330 E AppOps  : Bad call made by uid 1000. Package "com.google.android.googlequicksearchbox" does not belong to uid 1000.
11-27 18:06:27.877   709   754 E PackageManager: Optimistic bind failed.
11-27 18:06:27.877   709   754 E PackageManager: java.util.concurrent.TimeoutException: [Optimistic Bind] Didn't bind to resolver in time!
11-27 18:06:27.877   709   754 E PackageManager: 	at com.android.server.pm.InstantAppResolverConnection.waitForBindLocked(InstantAppResolverConnection.java:160)
11-27 18:06:27.877   709   754 E PackageManager: 	at com.android.server.pm.InstantAppResolverConnection.bind(InstantAppResolverConnection.java:230)
11-27 18:06:27.877   709   754 E PackageManager: 	at com.android.server.pm.InstantAppResolverConnection.lambda$optimisticBind$0(InstantAppResolverConnection.java:260)
11-27 18:06:27.877   709   754 E PackageManager: 	at com.android.server.pm.InstantAppResolverConnection.$r8$lambda$66W2s2mMKe4pk_xXCScH9RCqav8(InstantAppResolverConnection.java:0)
11-27 18:06:27.877   709   754 E PackageManager: 	at com.android.server.pm.InstantAppResolverConnection$$ExternalSyntheticLambda0.run(R8$$SyntheticClass:0)
11-27 18:06:27.877   709   754 E PackageManager: 	at android.os.Handler.handleCallback(Handler.java:995)
11-27 18:06:27.877   709   754 E PackageManager: 	at android.os.Handler.dispatchMessage(Handler.java:103)
11-27 18:06:27.877   709   754 E PackageManager: 	at android.os.Looper.loopOnce(Looper.java:248)
11-27 18:06:27.877   709   754 E PackageManager: 	at android.os.Looper.loop(Looper.java:338)
11-27 18:06:27.877   709   754 E PackageManager: 	at android.os.HandlerThread.run(HandlerThread.java:85)
11-27 18:06:32.332   709   825 E JobScheduler.JobStatus: App com.google.android.apps.photos became active but still in NEVER bucket
11-27 18:06:32.333   709   825 E JobScheduler.JobStatus: App com.google.android.apps.photos became active but still in NEVER bucket
11-27 18:06:32.912   709  2135 E JobScheduler.JobStatus: App com.google.android.apps.photos became active but still in NEVER bucket
11-27 18:06:32.938   709  2137 E JobScheduler.JobStatus: App com.google.android.apps.photos became active but still in NEVER bucket
11-27 18:06:32.983   709  1615 E JobScheduler.JobStatus: App com.google.android.apps.photos became active but still in NEVER bucket
11-27 18:06:33.007   709  1708 E JobScheduler.JobStatus: App com.google.android.apps.photos became active but still in NEVER bucket
11-27 18:06:33.043   709  2135 E JobScheduler.JobStatus: App com.google.android.apps.photos became active but still in NEVER bucket
11-27 18:06:33.079   709  1330 E JobScheduler.JobStatus: App com.google.android.apps.photos became active but still in NEVER bucket
11-27 18:06:33.124   709  2137 E JobScheduler.JobStatus: App com.google.android.apps.photos became active but still in NEVER bucket
11-27 18:06:33.472   709  1330 E JobScheduler.JobStatus: App com.google.android.apps.photos became active but still in NEVER bucket
11-27 18:06:33.498   709  2959 E JobScheduler.JobStatus: App com.google.android.apps.photos became active but still in NEVER bucket
11-27 18:06:33.511   709  2959 E JobScheduler.JobStatus: App com.google.android.apps.photos became active but still in NEVER bucket
11-27 18:06:33.589   709  2959 E JobScheduler.JobStatus: App com.google.android.apps.photos became active but still in NEVER bucket
11-27 18:06:38.331   269   269 E keystore2: system/security/keystore2/src/remote_provisioning.rs:94 - Error occurred: system/security/keystore2/rkpd_client/src/lib.rs:233: Trying to get to IRegistration service.
11-27 18:06:38.331   269   269 E keystore2: 
11-27 18:06:38.331   269   269 E keystore2: Caused by:
11-27 18:06:38.331   269   269 E keystore2:     0: system/security/keystore2/rkpd_client/src/lib.rs:157: Waiting for RKPD: Elapsed(())
11-27 18:06:38.331   269   269 E keystore2:     1: Timeout when waiting for a callback
11-27 18:06:38.331   269   269 E keystore2: system/security/keystore2/src/error.rs:183 - system/security/keystore2/src/security_level.rs:570: Trying to get an attestation key
11-27 18:06:38.331   269   269 E keystore2: 
11-27 18:06:38.331   269   269 E keystore2: Caused by:
11-27 18:06:38.331   269   269 E keystore2:     0: system/security/keystore2/src/attestation_key_utils.rs:69: Trying to get attestation key from RKPD.
11-27 18:06:38.331   269   269 E keystore2:     1: system/security/keystore2/rkpd_client/src/lib.rs:233: Trying to get to IRegistration service.
11-27 18:06:38.331   269   269 E keystore2:        
11-27 18:06:38.331   269   269 E keystore2:        Caused by:
11-27 18:06:38.331   269   269 E keystore2:            0: system/security/keystore2/rkpd_client/src/lib.rs:157: Waiting for RKPD: Elapsed(())
11-27 18:06:38.331   269   269 E keystore2:            1: Timeout when waiting for a callback
11-27 18:06:38.331   269   269 E keystore2:     2: Error::Rc(r#SYSTEM_ERROR)
11-27 18:06:38.457   269   269 E keystore2: system/security/keystore2/rkpd_client/src/lib.rs:133 - IGetRegistrationCallback failed: 'java.util.concurrent.TimeoutException: Timed out waiting on service connection to rkpd'
11-27 18:06:38.459   269   269 E keystore2: system/security/keystore2/rkpd_client/src/lib.rs:97 - SafeSender::send() failed
11-27 18:06:45.803   709  1618 E AppOps  : Bad call made by uid 1000. Package "com.google.android.googlequicksearchbox" does not belong to uid 1000.
11-27 18:06:46.354   709  2959 E AppOps  : Bad call made by uid 1000. Package "com.google.android.apps.photos" does not belong to uid 1000.
11-27 18:06:50.337   709  1708 E AppOps  : Bad call made by uid 1000. Package "com.google.android.googlequicksearchbox" does not belong to uid 1000.
11-27 18:07:40.532   709   741 E AppOps  : Bad call made by uid 1000. Package "com.google.android.googlequicksearchbox" does not belong to uid 1000.
11-27 18:11:17.344   709   765 E BluetoothPowerStatsCollector: Cannot acquire BluetoothActivityEnergyInfo
11-27 18:11:17.344   709   765 E BluetoothPowerStatsCollector: java.util.concurrent.ExecutionException: java.lang.RuntimeException: error: 11
11-27 18:11:17.344   709   765 E BluetoothPowerStatsCollector: 	at java.util.concurrent.CompletableFuture.reportGet(CompletableFuture.java:372)
11-27 18:11:17.344   709   765 E BluetoothPowerStatsCollector: 	at java.util.concurrent.CompletableFuture.get(CompletableFuture.java:2072)
11-27 18:11:17.344   709   765 E BluetoothPowerStatsCollector: 	at com.android.server.power.stats.BluetoothPowerStatsCollector.collectBluetoothActivityInfo(BluetoothPowerStatsCollector.java:192)
11-27 18:11:17.344   709   765 E BluetoothPowerStatsCollector: 	at com.android.server.power.stats.BluetoothPowerStatsCollector.collectStats(BluetoothPowerStatsCollector.java:155)
11-27 18:11:17.344   709   765 E BluetoothPowerStatsCollector: 	at com.android.server.power.stats.PowerStatsCollector.collectAndDeliverStats(PowerStatsCollector.java:176)
11-27 18:11:17.344   709   765 E BluetoothPowerStatsCollector: 	at com.android.server.power.stats.PowerStatsCollector$$ExternalSyntheticLambda0.run(R8$$SyntheticClass:0)
11-27 18:11:17.344   709   765 E BluetoothPowerStatsCollector: 	at android.os.Handler.handleCallback(Handler.java:995)
11-27 18:11:17.344   709   765 E BluetoothPowerStatsCollector: 	at android.os.Handler.dispatchMessage(Handler.java:103)
11-27 18:11:17.344   709   765 E BluetoothPowerStatsCollector: 	at android.os.Looper.loopOnce(Looper.java:248)
11-27 18:11:17.344   709   765 E BluetoothPowerStatsCollector: 	at android.os.Looper.loop(Looper.java:338)
11-27 18:11:17.344   709   765 E BluetoothPowerStatsCollector: 	at android.os.HandlerThread.run(HandlerThread.java:85)
11-27 18:11:17.344   709   765 E BluetoothPowerStatsCollector: Caused by: java.lang.RuntimeException: error: 11
11-27 18:11:17.344   709   765 E BluetoothPowerStatsCollector: 	at com.android.server.power.stats.BluetoothPowerStatsCollector$1.onBluetoothActivityEnergyInfoError(BluetoothPowerStatsCollector.java:181)
11-27 18:11:17.344   709   765 E BluetoothPowerStatsCollector: 	at android.bluetooth.BluetoothAdapter$OnBluetoothActivityEnergyInfoProxy.lambda$onBluetoothActivityEnergyInfoAvailable$0(BluetoothAdapter.java:1037)
11-27 18:11:17.344   709   765 E BluetoothPowerStatsCollector: 	at android.bluetooth.BluetoothAdapter$OnBluetoothActivityEnergyInfoProxy$$ExternalSyntheticLambda1.run(D8$$SyntheticClass:0)
11-27 18:11:17.344   709   765 E BluetoothPowerStatsCollector: 	at android.bluetooth.BluetoothUtils.lambda$executeFromBinder$0(BluetoothUtils.java:343)
11-27 18:11:17.344   709   765 E BluetoothPowerStatsCollector: 	at android.bluetooth.BluetoothUtils$$ExternalSyntheticLambda1.run(D8$$SyntheticClass:0)
11-27 18:11:17.344   709   765 E BluetoothPowerStatsCollector: 	at com.android.server.SystemServerInitThreadPool$$ExternalSyntheticLambda0.execute(R8$$SyntheticClass:0)
11-27 18:11:17.344   709   765 E BluetoothPowerStatsCollector: 	at android.bluetooth.BluetoothUtils.executeFromBinder(BluetoothUtils.java:343)
11-27 18:11:17.344   709   765 E BluetoothPowerStatsCollector: 	at android.bluetooth.BluetoothAdapter$OnBluetoothActivityEnergyInfoProxy.onBluetoothActivityEnergyInfoAvailable(BluetoothAdapter.java:1035)
11-27 18:11:17.344   709   765 E BluetoothPowerStatsCollector: 	at android.bluetooth.IBluetoothActivityEnergyInfoListener$Stub.onTransact(IBluetoothActivityEnergyInfoListener.java:98)
11-27 18:11:17.344   709   765 E BluetoothPowerStatsCollector: 	at android.os.Binder.execTransactInternal(Binder.java:1426)
11-27 18:11:17.344   709   765 E BluetoothPowerStatsCollector: 	at android.os.Binder.execTransact(Binder.java:1365)
11-27 18:11:36.576   709   745 E AppOps  : attributionTag UwbCountryCode not declared in manifest of android
11-27 18:11:49.841   709  1028 E SettingsToPropertiesMapper: key=persist.device_config.storage_native_boot.transcode_compat_manifest value=com.yelp.android,0,com.yy.biu,0,com.groupme.android,0,air.tv.douyu.android,0,com.baidu.mbaby,0,com.vlocker.locker,0,com.znxh.hyhuo,0,com.yixia.xiaokaxiu,0 exceeds system property max length.
11-27 18:11:50.230   709  1028 E SettingsToPropertiesMapper: key=persist.device_config.configuration.AdbWritableFlags__adb_writable_flags_list value=adservices/disable_sdk_sandbox,adservices/enforce_broadcast_receiver_restrictions,adservices/fledge_ad_selection_enforce_foreground_status_custom_audience,adservices/fledge_custom_audience_max_count,adservices/fledge_custom_audience_max_num_ads,adservices/fledge_custom_audience_max_owner_count,adservices/fledge_custom_audience_per_app_max_count,adservices/fledge_js_isolate_enforce_max_heap_size,adservices/fledge_js_isolate_max_heap_size_bytes,adservices/sdk_request_permits_per_second,adservices/sdksandbox_customized_sdk_context_enabled,configuration/namespace_to_package_mapping,constrain_display_apis/always_constrain_display_apis,constrain_display_apis/never_constrain_display_apis,constrain_display_apis/never_constrain_display_apis_all_packages,device_policy_manager/disable_resources_updatability,flipendo/default_savings_mode_launch,flipendo/essential_apps,flipendo/flipendo_enabled_launch,flipendo/grayscale_enabled_launch,flipendo/lever_ble_scanning_enabled_launch,flipendo/lever_hotspot_enabled_launch,flipendo/lever_work_profile_enabled_launch,flipendo/resuspend_delay_minutes,namespace/key,namespace1/key1,namespace1/key2,namespace2/key1,namespace2/key2,package_manager_service/incfs_default_timeouts,package_manager_service/known_digesters_list,privacy/location_access_check_periodic_interval_millis,rollback/enable_rollback_timeout,rollback/watchdog_explicit_health_check_enabled,rollback/watchdog_request_timeout_millis,rollback/watchdog_trigger_failure_count,rollback/watchdog_trigger_failure_duration_millis,rollback_boot/rollback_lifetime_in_millis,systemui/nas_generate_actions,systemui/nas_generate_replies,systemui/nas_max_messages_to_extract,systemui/nas_max_suggestions,testspace/another,testspace/flagname,textclassifier/config_updater_model_enabled,textclassifier/key,textclassifier/key2,textclassifier/manifest_url_annotator_en,textclassifier/manifest_url_annotator_ru,textclassifier/model_download_backoff_delay_in_millis,textclassifier/model_download_manager_enabled,textclassifier/multi_language_support_enabled,textclassifier/testing_locale_list_override,textclassifier/textclassifier_service_package_override,window_manager/enable_default_rescind_bal_privileges_from_pending_intent_sender,wrong/nas_generate_replies, exceeds system property max length.
11-27 18:11:50.415   709   709 E DeviceConfig: Parsing int failed for location_mode
11-27 18:13:52.847   709  1573 E TaskPersister: File error accessing recents directory (directory doesn't exist?).
11-27 18:16:44.007   709   740 E TransitionChain: Can't collect into a chain with no transition
11-27 18:16:44.016   709  1573 E TaskPersister: File error accessing recents directory (directory doesn't exist?).
